09-16 21:52:18.359  1981  2032 W WindowManager: 	at android.os.HandlerThread.run(HandlerThread.java:85)
09-16 21:52:18.359  1981  2032 W WindowManager: 	at com.android.server.ServiceThread.run(ServiceThread.java:46)
09-16 21:52:18.361  1981  2029 E ApplicationHelper: Fail to get PackageManager
09-16 21:52:18.361  1981  2029 E ApplicationHelper: Fail to get PackageManager
09-16 21:52:18.393  1981  2028 V WindowManager: Sent Transition #1858 createdAt=09-16 21:52:18.244 via request=TransitionRequestInfo { type = 2, triggerTask = null, remoteTransition = null, displayChange = null, flags = 16 }
09-16 21:52:18.394  1981  2028 V WindowManager:     startWCT=WindowContainerTransaction { changes = {} hops = [] errorCallbackToken=null taskFragmentOrganizer=null }
09-16 21:52:18.394  1981  2028 V WindowManager:     info={id=1858 t=CLOSE f=0x10 trk=0 r=[0@Point(0, 0)] c=[{WCT{RemoteToken{e8cb54d Task{9acdb #1 type=home}}} m=TO_FRONT f=SHOW_WALLPAPER|MOVE_TO_TOP pTaskId=-1 leash=Surface(name=Task=1)/@0x328196a sb=Rect(0, 0 - 1080, 2400) eb=Rect(0, 0 - 1080, 2400) d=0},{WCT{RemoteToken{9357728 Task{1ba462c #15313 type=standard A=10503:com.sphereon.ssi.wallet}}} m=CLOSE f=NONE pTaskId=-1 leash=Surface(name=Task=15313)/@0xab6a30e sb=Rect(0, 0 - 1080, 2400) eb=Rect(0, 0 - 1080, 2400) d=0},{null m=TO_FRONT f=IS_WALLPAPER leash=Surface(name=WallpaperWindowToken{897fd4c token=android.os.Binder@9df597f})/@0xb28a76 sb=Rect(0, 0 - 1080, 2400) eb=Rect(0, 0 - 1080, 2400) d=0}]}
09-16 21:52:18.395  1981  3999 D PowerManagerService: nativeReleaseSuspendBlocker name:PowerManagerService.WakeLocks duration ms: 0
09-16 21:52:18.397  2559  2619 V WindowManagerShell: onTransitionReady android.os.BinderProxy@6357a82: {id=1858 t=CLOSE f=0x10 trk=0 r=[0@Point(0, 0)] c=[{WCT{android.window.IWindowContainerToken$Stub$Proxy@67d72fc} m=TO_FRONT f=SHOW_WALLPAPER|MOVE_TO_TOP pTaskId=-1 leash=Surface(name=Task=1)/@0x5c189d0 sb=Rect(0, 0 - 1080, 2400) eb=Rect(0, 0 - 1080, 2400) d=0},{WCT{android.window.IWindowContainerToken$Stub$Proxy@75aed85} m=CLOSE f=NONE pTaskId=-1 leash=Surface(name=Task=15313)/@0x2453dc9 sb=Rect(0, 0 - 1080, 2400) eb=Rect(0, 0 - 1080, 2400) d=0},{null m=TO_FRONT f=IS_WALLPAPER leash=Surface(name=WallpaperWindowToken{897fd4c token=android.os.Binder@9df597f})/@0x2c4bcce sb=Rect(0, 0 - 1080, 2400) eb=Rect(0, 0 - 1080, 2400) d=0}]}
09-16 21:52:18.397  2559  2619 V WindowManagerShell: Playing animation for (#1858)android.os.BinderProxy@6357a82@0
09-16 21:52:18.397  2559  2619 V WindowManagerShell:  try handler com.android.wm.shell.transition.DefaultMixedHandler@3f0abbf
09-16 21:52:18.397  2559  2619 V WindowManagerShell:  try handler com.android.wm.shell.keyguard.KeyguardTransitionHandler@e655111
09-16 21:52:18.397  2559  2619 V WindowManagerShell:  try handler com.android.wm.shell.activityembedding.ActivityEmbeddingController@3fce276
09-16 21:52:18.397  2559  2619 V WindowManagerShell:  try handler com.android.wm.shell.recents.RecentsTransitionHandler@cf09077
09-16 21:52:18.397  2559  2619 V ShellRecents: RecentsTransitionHandler.startAnimation: no controller found
09-16 21:52:18.397  2559  2619 V WindowManagerShell:  try handler com.android.wm.shell.pip.PipTransition@17bf4e4
09-16 21:52:18.397  2559  2619 V WindowManagerShell:  try handler com.android.wm.shell.splitscreen.StageCoordinator@2bced4d
09-16 21:52:18.397  2559  2619 V WindowManagerShell:  try handler com.android.wm.shell.transition.RemoteTransitionHandler@14cb002
09-16 21:52:18.398  2559  2619 V WindowManagerShell: Transition doesn't have explicit remote, search filters for match for {id=1858 t=CLOSE f=0x10 trk=0 r=[0@Point(0, 0)] c=[{WCT{android.window.IWindowContainerToken$Stub$Proxy@67d72fc} m=TO_FRONT f=SHOW_WALLPAPER|MOVE_TO_TOP pTaskId=-1 leash=Surface(name=Task=1)/@0x5c189d0 sb=Rect(0, 0 - 1080, 2400) eb=Rect(0, 0 - 1080, 2400) d=0},{WCT{android.window.IWindowContainerToken$Stub$Proxy@75aed85} m=CLOSE f=NONE pTaskId=-1 leash=Surface(name=Task=15313)/@0x2453dc9 sb=Rect(0, 0 - 1080, 2400) eb=Rect(0, 0 - 1080, 2400) d=0},{null m=TO_FRONT f=IS_WALLPAPER leash=Surface(name=WallpaperWindowToken{897fd4c token=android.os.Binder@9df597f})/@0x2c4bcce sb=Rect(0, 0 - 1080, 2400) eb=Rect(0, 0 - 1080, 2400) d=0}]}
09-16 21:52:18.398  2559  2619 V WindowManagerShell:  Checking filter Pair{{types=[] flags=0x0] notFlags=0x100 checks=[{atype=home independent=true modes=[OPEN,TO_FRONT] flags=NONE mustBeTask=false order=TOP topActivity=ComponentInfo{com.motorola.launcher3/com.android.launcher3.uioverrides.QuickstepLauncher}},{atype=standard independent=true modes=[CLOSE,TO_BACK] flags=NONE mustBeTask=false order=ANY topActivity=null}]} RemoteTransition { remoteTransition = android.window.IRemoteTransition$Stub$Proxy@ed3bd13, appThread = android.app.IApplicationThread$Stub$Proxy@3757b50, debugName = QuickstepLaunchHome }}
09-16 21:52:18.398  2559  2619 D RemoteTransitionHandler: Found filterPair{{types=[] flags=0x0] notFlags=0x100 checks=[{atype=home independent=true modes=[OPEN,TO_FRONT] flags=NONE mustBeTask=false order=TOP topActivity=ComponentInfo{com.motorola.launcher3/com.android.launcher3.uioverrides.QuickstepLauncher}},{atype=standard independent=true modes=[CLOSE,TO_BACK] flags=NONE mustBeTask=false order=ANY topActivity=null}]} RemoteTransition { remoteTransition = android.window.IRemoteTransition$Stub$Proxy@ed3bd13, appThread = android.app.IApplicationThread$Stub$Proxy@3757b50, debugName = QuickstepLaunchHome }}
09-16 21:52:18.398  2559  2619 V WindowManagerShell:  Delegate animation for #1858 to RemoteTransition { remoteTransition = android.window.IRemoteTransition$Stub$Proxy@ed3bd13, appThread = android.app.IApplicationThread$Stub$Proxy@3757b50, debugName = QuickstepLaunchHome }
09-16 21:52:18.401  2559  2619 V WindowManagerShell:  animated by com.android.wm.shell.transition.RemoteTransitionHandler@14cb002
09-16 21:52:18.428  1981  2032 W ActivityManager: pid 1981 system sent binder code 3 with flags 1 to frozen apps and got error -32
09-16 21:52:18.428  1981  2032 D ActivityManager: Too many transaction errors, throttling freezer binder callback.
09-16 21:52:18.429  1981  2032 W WindowManager: Failed to deliver inset control state change to w=Window{f5626f7 u0 com.sphereon.ssi.wallet/com.sphereon.ssi.wallet.MainActivity EXITING}
09-16 21:52:18.429  1981  2032 W WindowManager: android.os.DeadObjectException
09-16 21:52:18.429  1981  2032 W WindowManager: 	at android.os.BinderProxy.transactNative(Native Method)
09-16 21:52:18.429  1981  2032 W WindowManager: 	at android.os.BinderProxy.transact(BinderProxy.java:586)
09-16 21:52:18.429  1981  2032 W WindowManager: 	at android.view.IWindow$Stub$Proxy.insetsControlChanged(IWindow.java:479)
09-16 21:52:18.429  1981  2032 W WindowManager: 	at com.android.server.wm.WindowState.notifyInsetsControlChanged(WindowState.java:4073)
09-16 21:52:18.429  1981  2032 W WindowManager: 	at com.android.server.wm.InsetsStateController.lambda$notifyPendingInsetsControlChanged$3(InsetsStateController.java:351)
09-16 21:52:18.429  1981  2032 W WindowManager: 	at com.android.server.wm.InsetsStateController.$r8$lambda$8yykPRG1GyNq_J17QvL9d5xANMc(InsetsStateController.java:0)
09-16 21:52:18.429  1981  2032 W WindowManager: 	at com.android.server.wm.InsetsStateController$$ExternalSyntheticLambda2.run(R8$$SyntheticClass:0)
09-16 21:52:18.429  1981  2032 W WindowManager: 	at com.android.server.wm.WindowAnimator.executeAfterPrepareSurfacesRunnables(WindowAnimator.java:294)
09-16 21:52:18.429  1981  2032 W WindowManager: 	at com.android.server.wm.RootWindowContainer.performSurfacePlacementNoTrace(RootWindowContainer.java:863)
09-16 21:52:18.429  1981  2032 W WindowManager: 	at com.android.server.wm.RootWindowContainer.performSurfacePlacement(RootWindowContainer.java:808)
09-16 21:52:18.429  1981  2032 W WindowManager: 	at com.android.server.wm.WindowSurfacePlacer.performSurfacePlacementLoop(WindowSurfacePlacer.java:177)
09-16 21:52:18.429  1981  2032 W WindowManager: 	at com.android.server.wm.WindowSurfacePlacer.performSurfacePlacement(WindowSurfacePlacer.java:126)
09-16 21:52:18.429  1981  2032 W WindowManager: 	at com.android.server.wm.WindowSurfacePlacer.performSurfacePlacement(WindowSurfacePlacer.java:115)
09-16 21:52:18.429  1981  2032 W WindowManager: 	at com.android.server.wm.WindowSurfacePlacer$Traverser.run(WindowSurfacePlacer.java:57)
09-16 21:52:18.429  1981  2032 W WindowManager: 	at android.os.Handler.handleCallback(Handler.java:1000)
09-16 21:52:18.429  1981  2032 W WindowManager: 	at android.os.Handler.dispatchMessage(Handler.java:104)
09-16 21:52:18.429  1981  2032 W WindowManager: 	at android.os.Looper.loopOnce(Looper.java:242)
09-16 21:52:18.429  1981  2032 W WindowManager: 	at android.os.Looper.loop(Looper.java:362)
09-16 21:52:18.429  1981  2032 W WindowManager: 	at android.os.HandlerThread.run(HandlerThread.java:85)
09-16 21:52:18.429  1981  2032 W WindowManager: 	at com.android.server.ServiceThread.run(ServiceThread.java:46)
09-16 21:52:18.488  1981  2029 E ApplicationHelper: Fail to get PackageManager
09-16 21:52:18.488  1981  2957 W PackageConfigPersister: App-specific configuration not found for packageName: com.motorola.launcher3 and userId: 0
09-16 21:52:18.488  1981  2029 E ApplicationHelper: Fail to get PackageManager
09-16 21:52:18.493  1981  2029 E ApplicationHelper: Fail to get PackageManager
09-16 21:52:18.662  2559  2619 V WindowManagerShell: Transition animation finished (aborted=false), notifying core (#1858)android.os.BinderProxy@6357a82@0
09-16 21:52:18.664  1981  2028 V WindowManager: Finish Transition #1858: created at 09-16 21:52:18.244 collect-started=0.063ms request-sent=0.146ms started=9.909ms ready=81.446ms sent=144.476ms finished=419.207ms
09-16 21:52:18.664  1981  2541 W ActivityManager: pid 1981 system sent binder code 7 with flags 1 to frozen apps and got error -32
09-16 21:52:18.664  1981  2541 D ActivityManager: Too many transaction errors, throttling freezer binder callback.
09-16 21:52:18.664  1981  2541 W WindowManager: Exception thrown during dispatchAppVisibility Window{f5626f7 u0 com.sphereon.ssi.wallet/com.sphereon.ssi.wallet.MainActivity EXITING}
09-16 21:52:18.664  1981  2541 W WindowManager: android.os.DeadObjectException
09-16 21:52:18.664  1981  2541 W WindowManager: 	at android.os.BinderProxy.transactNative(Native Method)
09-16 21:52:18.664  1981  2541 W WindowManager: 	at android.os.BinderProxy.transact(BinderProxy.java:586)
09-16 21:52:18.664  1981  2541 W WindowManager: 	at android.view.IWindow$Stub$Proxy.dispatchAppVisibility(IWindow.java:546)
09-16 21:52:18.664  1981  2541 W WindowManager: 	at com.android.server.wm.WindowState.sendAppVisibilityToClients(WindowState.java:3527)
09-16 21:52:18.664  1981  2541 W WindowManager: 	at com.android.server.wm.WindowContainer.sendAppVisibilityToClients(WindowContainer.java:1277)
09-16 21:52:18.664  1981  2541 W WindowManager: 	at com.android.server.wm.WindowToken.setClientVisible(WindowToken.java:493)
09-16 21:52:18.664  1981  2541 W WindowManager: 	at com.android.server.wm.ActivityRecord.setClientVisible(ActivityRecord.java:7393)
09-16 21:52:18.664  1981  2541 W WindowManager: 	at com.android.server.wm.ActivityRecord.postApplyAnimation(ActivityRecord.java:5962)
09-16 21:52:18.664  1981  2541 W WindowManager: 	at com.android.server.wm.ActivityRecord.commitVisibility(ActivityRecord.java:5905)
09-16 21:52:18.664  1981  2541 W WindowManager: 	at com.android.server.wm.Transition.finishTransition(Transition.java:1171)
09-16 21:52:18.664  1981  2541 W WindowManager: 	at com.android.server.wm.TransitionController.finishTransition(TransitionController.java:885)
09-16 21:52:18.664  1981  2541 W WindowManager: 	at com.android.server.wm.WindowOrganizerController.finishTransition(WindowOrganizerController.java:406)
09-16 21:52:18.664  1981  2541 W WindowManager: 	at android.window.IWindowOrganizerController$Stub.onTransact(IWindowOrganizerController.java:286)
09-16 21:52:18.664  1981  2541 W WindowManager: 	at com.android.server.wm.WindowOrganizerController.onTransact(WindowOrganizerController.java:191)
09-16 21:52:18.664  1981  2541 W WindowManager: 	at android.os.Binder.execTransactInternal(Binder.java:1380)
09-16 21:52:18.664  1981  2541 W WindowManager: 	at android.os.Binder.execTransact(Binder.java:1310)
09-16 21:52:18.668  1981  2031 W ActivityManager: setHasOverlayUi called on unknown pid: 11943
09-16 21:52:18.673  2559  2619 V WindowManagerShell: Track 0 became idle
09-16 21:52:18.673  2559  2619 V WindowManagerShell: All active transition animations finished
09-16 21:52:18.745  1981  2031 W ActivityTaskManager: Activity top resumed state loss timeout for ActivityRecord{cc64fff u0 com.sphereon.ssi.wallet/.MainActivity t-1 f}}
09-16 21:52:18.751  1981  2029 E ApplicationHelper: Fail to get PackageManager
09-16 21:52:18.765  1981  2029 E ApplicationHelper: Fail to get PackageManager
09-16 21:52:18.776  1981  2029 E ApplicationHelper: Fail to get PackageManager
09-16 21:52:18.776  1981  3686 D PowerManagerService: nativeAcquireSuspendBlocker name:PowerManagerService.WakeLocks duration ms: 1
09-16 21:52:18.783  1981  2029 E ApplicationHelper: Fail to get PackageManager
09-16 21:52:18.788  1981  2029 E ApplicationHelper: Fail to get PackageManager
09-16 21:52:18.789  1981  2029 E ApplicationHelper: Fail to get PackageManager
09-16 21:52:18.790  1981  2957 D PowerManagerService: nativeReleaseSuspendBlocker name:PowerManagerService.WakeLocks duration ms: 0
09-16 21:52:18.791  1981  2029 E ApplicationHelper: Fail to get PackageManager
09-16 21:52:18.800  1981  2029 E ApplicationHelper: Fail to get PackageManager
09-16 21:52:18.801  1981  2029 E ApplicationHelper: Fail to get PackageManager
09-16 21:52:18.841  1981  1981 W AccessibilityManagerService:  wait for adding window timeout: 1633
09-16 21:52:18.850  1981  2029 E ApplicationHelper: Fail to get PackageManager
09-16 21:52:19.064  1981  2957 D PowerManagerService: nativeAcquireSuspendBlocker name:PowerManagerService.WakeLocks duration ms: 0
09-16 21:52:19.174  1981  2282 D BatteryService: uevent={POWER_SUPPLY_VOLTAGE_NOW=4088000, POWER_SUPPLY_VBUS_PRESENT=true, POWER_SUPPLY_TYPE=Battery, POWER_SUPPLY_HEALTH=Good, POWER_SUPPLY_TECHNOLOGY=Li-poly, POWER_SUPPLY_SCOPE=94, POWER_SUPPLY_CHARGE_FULL_DESIGN=5000000, SEQNUM=54531, POWER_SUPPLY_STATUS=Charging, POWER_SUPPLY_CYCLE_COUNT=129, POWER_SUPPLY_CAPACITY=70, DEVPATH=/devices/platform/smart_battery/power_supply/battery, POWER_SUPPLY_ENERGY_EMPTY=0, POWER_SUPPLY_CHARGE_RATE=Normal, POWER_SUPPLY_CAPACITY_LEVEL=Normal, POWER_SUPPLY_CURRENT_NOW=-75000, POWER_SUPPLY_PRESENT=1, POWER_SUPPLY_POWER_WATT=2, POWER_SUPPLY_CHARGE_FULL=4756000, SUBSYSTEM=power_supply, POWER_SUPPLY_VOLTAGE_OCV=4088000, POWER_SUPPLY_TEMP=320, ACTION=change, POWER_SUPPLY_AGE=94, POWER_SUPPLY_NAME=battery, POWER_SUPPLY_LPD_PRESENT=false, POWER_SUPPLY_CHARGE_COUNTER=3225000}
09-16 21:52:19.175  1981  2282 D BatteryService: uevent={POWER_SUPPLY_VOLTAGE_NOW=4088000, POWER_SUPPLY_VBUS_PRESENT=true, POWER_SUPPLY_TYPE=Battery, POWER_SUPPLY_HEALTH=Good, POWER_SUPPLY_TECHNOLOGY=Li-poly, POWER_SUPPLY_SCOPE=94, POWER_SUPPLY_CHARGE_FULL_DESIGN=5000000, SEQNUM=54531, POWER_SUPPLY_STATUS=Charging, POWER_SUPPLY_CYCLE_COUNT=129, POWER_SUPPLY_CAPACITY=70, DEVPATH=/devices/platform/smart_battery/power_supply/battery, POWER_SUPPLY_ENERGY_EMPTY=0, POWER_SUPPLY_CHARGE_RATE=Normal, POWER_SUPPLY_CAPACITY_LEVEL=Normal, POWER_SUPPLY_CURRENT_NOW=-75000, POWER_SUPPLY_PRESENT=1, POWER_SUPPLY_POWER_WATT=2, POWER_SUPPLY_CHARGE_FULL=4756000, SUBSYSTEM=power_supply, POWER_SUPPLY_VOLTAGE_OCV=4088000, POWER_SUPPLY_TEMP=320, ACTION=change, POWER_SUPPLY_AGE=94, POWER_SUPPLY_NAME=battery, POWER_SUPPLY_LPD_PRESENT=false, POWER_SUPPLY_CHARGE_COUNTER=3225000}
09-16 21:52:19.179  2559  6068 D PowerUI : can't show warning due to - plugged: true status unknown: false
09-16 21:52:19.182  1981  1981 V UiModeManager: updateLocked: null action, mDockState=0, category=null
09-16 21:52:19.182  1981  1981 D UiModeManager: updateConfigurationLocked: mDockState=0; mCarMode=false; mNightMode=2; mNightModeCustomType=-1; uiMode=33
09-16 21:52:19.184  2559 17840 D PowerUI : can't show warning due to - plugged: true status unknown: false
09-16 21:52:19.187  2559  3135 D PowerUI : can't show warning due to - plugged: true status unknown: false
09-16 21:52:19.189  1981  1981 V UiModeManager: updateLocked: null action, mDockState=0, category=null
09-16 21:52:19.189  1981  1981 D UiModeManager: updateConfigurationLocked: mDockState=0; mCarMode=false; mNightMode=2; mNightModeCustomType=-1; uiMode=33
09-16 21:52:19.189  1981  1981 V UiModeManager: updateLocked: null action, mDockState=0, category=null
09-16 21:52:19.190  1981  1981 D UiModeManager: updateConfigurationLocked: mDockState=0; mCarMode=false; mNightMode=2; mNightModeCustomType=-1; uiMode=33
09-16 21:52:19.266  1981  3999 D PowerManagerService: nativeReleaseSuspendBlocker name:PowerManagerService.WakeLocks duration ms: 0
09-16 21:52:19.410  1981  2029 E ApplicationHelper: Fail to get PackageManager
09-16 21:52:19.797  1981  2029 E ApplicationHelper: Fail to get PackageManager
09-16 21:52:19.815  1981  3999 W ProcessStats: Tracking association SourceState{c5702c5 com.google.android.gms/10184 BTop #364291} whose proc state 2 is better than process ProcessState{b659dbb com.google.android.gms.persistent/10184 pkg=com.google.android.gms} proc state 4 (277 skipped)
09-16 21:52:19.815  1981  2029 E ApplicationHelper: Fail to get PackageManager
09-16 21:52:19.815  1981  2029 E ApplicationHelper: Fail to get PackageManager
09-16 21:52:19.818  1981  2029 E ApplicationHelper: Fail to get PackageManager
09-16 21:52:19.818  1981  2029 E ApplicationHelper: Fail to get PackageManager
09-16 21:52:20.072  1981  2029 E ApplicationHelper: Fail to get PackageManager
09-16 21:52:20.072  1981  2029 E ApplicationHelper: Fail to get PackageManager
09-16 21:52:20.073  1981  2029 E ApplicationHelper: Fail to get PackageManager
09-16 21:52:20.073  1981  2029 E ApplicationHelper: Fail to get PackageManager
09-16 21:52:20.075  1981  2029 E ApplicationHelper: Fail to get PackageManager
09-16 21:52:20.076  1981  2029 E ApplicationHelper: Fail to get PackageManager
09-16 21:52:20.224  1981  2029 E ApplicationHelper: Fail to get PackageManager
09-16 21:52:20.224  1981  2029 E ApplicationHelper: Fail to get PackageManager
09-16 21:52:20.226  1981  2029 E ApplicationHelper: Fail to get PackageManager
09-16 21:52:20.226  1981  2029 E ApplicationHelper: Fail to get PackageManager
09-16 21:52:20.233  1981  2029 E ApplicationHelper: Fail to get PackageManager
09-16 21:52:20.233  1981  2029 E ApplicationHelper: Fail to get PackageManager
09-16 21:52:20.234  1981  2029 E ApplicationHelper: Fail to get PackageManager
09-16 21:52:20.234  1981  2029 E ApplicationHelper: Fail to get PackageManager
09-16 21:52:20.961  1981  2029 E ApplicationHelper: Fail to get PackageManager
09-16 21:52:20.962  1981  2029 E ApplicationHelper: Fail to get PackageManager
09-16 21:52:22.829  1981  2324 D ActivityManager: freezing 7582 com.google.android.webview:webview_service, reason = oom_cached
09-16 21:52:23.418  1981  2029 E ApplicationHelper: Fail to get PackageManager
09-16 21:52:23.418  1981  2029 E ApplicationHelper: Fail to get PackageManager
09-16 21:52:23.544  1981  2276 D PowerManagerService: nativeAcquireSuspendBlocker name:PowerManagerService.WakeLocks duration ms: 1
09-16 21:52:23.747  1981  2276 D PowerManagerService: nativeReleaseSuspendBlocker name:PowerManagerService.WakeLocks duration ms: 0
09-16 21:52:24.854  1981  2029 E ApplicationHelper: Fail to get PackageManager
09-16 21:52:25.798  1981  2029 E ApplicationHelper: Fail to get PackageManager
09-16 21:52:25.802  1981  2029 E ApplicationHelper: Fail to get PackageManager
09-16 21:52:25.964  1981  2029 E ApplicationHelper: Fail to get PackageManager
09-16 21:52:25.964  1981  2029 E ApplicationHelper: Fail to get PackageManager
09-16 21:52:25.966  1981  2029 E ApplicationHelper: Fail to get PackageManager
09-16 21:52:25.966  1981  2029 E ApplicationHelper: Fail to get PackageManager
09-16 21:52:26.743  1981  2276 D PowerManagerService: nativeAcquireSuspendBlocker name:PowerManagerService.WakeLocks duration ms: 1
09-16 21:52:26.946  1981  2276 D PowerManagerService: nativeReleaseSuspendBlocker name:PowerManagerService.WakeLocks duration ms: 0
09-16 21:52:29.208  1981  2282 D BatteryService: uevent={POWER_SUPPLY_VOLTAGE_NOW=4096000, POWER_SUPPLY_VBUS_PRESENT=true, POWER_SUPPLY_TYPE=Battery, POWER_SUPPLY_HEALTH=Good, POWER_SUPPLY_TECHNOLOGY=Li-poly, POWER_SUPPLY_SCOPE=94, POWER_SUPPLY_CHARGE_FULL_DESIGN=5000000, SEQNUM=54532, POWER_SUPPLY_STATUS=Charging, POWER_SUPPLY_CYCLE_COUNT=129, POWER_SUPPLY_CAPACITY=70, DEVPATH=/devices/platform/smart_battery/power_supply/battery, POWER_SUPPLY_ENERGY_EMPTY=0, POWER_SUPPLY_CHARGE_RATE=Normal, POWER_SUPPLY_CAPACITY_LEVEL=Normal, POWER_SUPPLY_CURRENT_NOW=217000, POWER_SUPPLY_PRESENT=1, POWER_SUPPLY_POWER_WATT=2, POWER_SUPPLY_CHARGE_FULL=4756000, SUBSYSTEM=power_supply, POWER_SUPPLY_VOLTAGE_OCV=4096000, POWER_SUPPLY_TEMP=320, ACTION=change, POWER_SUPPLY_AGE=94, POWER_SUPPLY_NAME=battery, POWER_SUPPLY_LPD_PRESENT=false, POWER_SUPPLY_CHARGE_COUNTER=3224000}
09-16 21:52:29.208  1981  2282 D BatteryService: uevent={POWER_SUPPLY_VOLTAGE_NOW=4096000, POWER_SUPPLY_VBUS_PRESENT=true, POWER_SUPPLY_TYPE=Battery, POWER_SUPPLY_HEALTH=Good, POWER_SUPPLY_TECHNOLOGY=Li-poly, POWER_SUPPLY_SCOPE=94, POWER_SUPPLY_CHARGE_FULL_DESIGN=5000000, SEQNUM=54532, POWER_SUPPLY_STATUS=Charging, POWER_SUPPLY_CYCLE_COUNT=129, POWER_SUPPLY_CAPACITY=70, DEVPATH=/devices/platform/smart_battery/power_supply/battery, POWER_SUPPLY_ENERGY_EMPTY=0, POWER_SUPPLY_CHARGE_RATE=Normal, POWER_SUPPLY_CAPACITY_LEVEL=Normal, POWER_SUPPLY_CURRENT_NOW=217000, POWER_SUPPLY_PRESENT=1, POWER_SUPPLY_POWER_WATT=2, POWER_SUPPLY_CHARGE_FULL=4756000, SUBSYSTEM=power_supply, POWER_SUPPLY_VOLTAGE_OCV=4096000, POWER_SUPPLY_TEMP=320, ACTION=change, POWER_SUPPLY_AGE=94, POWER_SUPPLY_NAME=battery, POWER_SUPPLY_LPD_PRESENT=false, POWER_SUPPLY_CHARGE_COUNTER=3224000}
09-16 21:52:29.216  1981  1981 V UiModeManager: updateLocked: null action, mDockState=0, category=null
09-16 21:52:29.216  1981  1981 D UiModeManager: updateConfigurationLocked: mDockState=0; mCarMode=false; mNightMode=2; mNightModeCustomType=-1; uiMode=33
09-16 21:52:29.216  2559  3804 D PowerUI : can't show warning due to - plugged: true status unknown: false
09-16 21:52:29.224  1981  1981 V UiModeManager: updateLocked: null action, mDockState=0, category=null
09-16 21:52:29.225  1981  1981 D UiModeManager: updateConfigurationLocked: mDockState=0; mCarMode=false; mNightMode=2; mNightModeCustomType=-1; uiMode=33
09-16 21:52:29.225  2559  3450 D PowerUI : can't show warning due to - plugged: true status unknown: false
09-16 21:52:29.817  1981  2029 E ApplicationHelper: Fail to get PackageManager
09-16 21:52:29.817  1981  2029 E ApplicationHelper: Fail to get PackageManager
09-16 21:52:29.818  1981  2276 W ProcessStats: Tracking association SourceState{3f7115e com.google.android.googlequicksearchbox:search/10224 BTop #364320} whose proc state 2 is better than process ProcessState{b659dbb com.google.android.gms.persistent/10184 pkg=com.google.android.gms} proc state 4 (142 skipped)
09-16 21:52:29.820  1981  2029 E ApplicationHelper: Fail to get PackageManager
09-16 21:52:29.820  1981  2029 E ApplicationHelper: Fail to get PackageManager
09-16 21:52:29.944  1981  2276 D PowerManagerService: nativeAcquireSuspendBlocker name:PowerManagerService.WakeLocks duration ms: 1
09-16 21:52:30.146  1981  2276 D PowerManagerService: nativeReleaseSuspendBlocker name:PowerManagerService.WakeLocks duration ms: 1
09-16 21:52:30.602  1981  2276 D PowerManagerService: nativeAcquireSuspendBlocker name:PowerManagerService.WakeLocks duration ms: 1
09-16 21:52:30.773  1981  2040 W NotificationHistory: Attempted to remove conversation for locked/gone/disabled user 0
09-16 21:52:30.806  1981  2541 D PowerManagerService: nativeReleaseSuspendBlocker name:PowerManagerService.WakeLocks duration ms: 0
09-16 21:52:30.998  1981  2324 D ActivityManager: freezing 9646 com.google.android.permissioncontroller, reason = oom_cached
09-16 21:52:31.118  1981  2029 E ApplicationHelper: Fail to get PackageManager
09-16 21:52:31.123  1981  2029 E ApplicationHelper: Fail to get PackageManager
09-16 21:52:31.123  1981  2029 E ApplicationHelper: Fail to get PackageManager
09-16 21:52:33.184  1981  2276 D PowerManagerService: nativeAcquireSuspendBlocker name:PowerManagerService.WakeLocks duration ms: 1
09-16 21:52:33.386  1981  2276 D PowerManagerService: nativeReleaseSuspendBlocker name:PowerManagerService.WakeLocks duration ms: 0
09-16 21:52:35.746  1981  2276 D PowerManagerService: nativeAcquireSuspendBlocker name:PowerManagerService.WakeLocks duration ms: 3
09-16 21:52:35.796  1981  2276 D CompatibilityChangeReporter: Compat change id reported: 171306433; UID 10184; state: ENABLED
09-16 21:52:35.796  1981  2276 D CompatibilityChangeReporter: Compat change id reported: 218533173; UID 10184; state: ENABLED
09-16 21:52:35.818  1981  2541 I ActivityManager: Killing 10850:com.motorola.coresettingsext/u0a271 (adj 920, setSvc -10000): empty #31
09-16 21:52:35.828  1981  2041 D CompatibilityChangeReporter: Compat change id reported: 135634846; UID 10351; state: DISABLED
09-16 21:52:35.828  1981  2041 D CompatibilityChangeReporter: Compat change id reported: 177438394; UID 10351; state: DISABLED
09-16 21:52:35.828  1981  2041 D CompatibilityChangeReporter: Compat change id reported: 135772972; UID 10351; state: DISABLED
09-16 21:52:35.828  1981  2041 D CompatibilityChangeReporter: Compat change id reported: 135754954; UID 10351; state: ENABLED
09-16 21:52:35.829  1981  2042 D CompatibilityChangeReporter: Compat change id reported: 143937733; UID 10351; state: ENABLED
09-16 21:52:35.840  1981  2042 I ActivityManager: Start proc 12208:com.twitter.android/u0a351 for broadcast {com.twitter.android/com.google.firebase.iid.FirebaseInstanceIdReceiver}
09-16 21:52:35.842  1981  2541 I ActivityManager: appDiedLocked: app=ProcessRecord{1f67d05 10850:com.motorola.coresettingsext/u0a271} thread=android.os.BinderProxy@adaff8a fromBinderDied=true isKilledByAm=true reason=null
09-16 21:52:35.843  1981  2541 D RestartModeController: markWaitRestartAppIsSuicided null processName=com.motorola.coresettingsext
09-16 21:52:35.843 25883 25883 I ActivityThread: Removing dead content provider:android.content.ContentProviderProxy@6c335c6
09-16 21:52:35.844  1981  2029 D DisplayManagerService: Drop pending events for gone uid 10271
09-16 21:52:35.845  1981  2541 D ActivityTaskManager: handleAppDied: uid=10271,diedCount=1,lastDiedTime=83112794,forceStopUids=false
09-16 21:52:35.849  1981  2541 I ActivityManager: Killing 11042:com.google.android.apps.maps/u0a246 (adj 999, setSvc -10000): empty #31
09-16 21:52:35.850  1981  2541 I ActivityManager: PendingStartActivityUids startActivity to updateOomAdj delay:17105ms, uid:10277
09-16 21:52:35.854  1981  2029 E ApplicationHelper: Fail to get PackageManager
09-16 21:52:35.854  1981  2029 E ApplicationHelper: Fail to get PackageManager
09-16 21:52:35.854  1981  2029 E ApplicationHelper: Fail to get PackageManager
09-16 21:52:35.854  1981  2029 E ApplicationHelper: Fail to get PackageManager
09-16 21:52:35.854  1981  2029 E ApplicationHelper: Fail to get PackageManager
09-16 21:52:35.854  1981  2029 E ApplicationHelper: Fail to get PackageManager
09-16 21:52:35.854  1981  2029 E ApplicationHelper: Fail to get PackageManager
09-16 21:52:35.854  1981  2029 E ApplicationHelper: Fail to get PackageManager
09-16 21:52:35.854  1981  2029 E ApplicationHelper: Fail to get PackageManager
09-16 21:52:35.854  1981  2029 E ApplicationHelper: Fail to get PackageManager
09-16 21:52:35.854  1981  2029 E ApplicationHelper: Fail to get PackageManager
09-16 21:52:35.854  1981  2029 E ApplicationHelper: Fail to get PackageManager
09-16 21:52:35.854  1981  2029 E ApplicationHelper: Fail to get PackageManager
09-16 21:52:35.854  1981  2029 E ApplicationHelper: Fail to get PackageManager
09-16 21:52:35.854  1981  2029 E ApplicationHelper: Fail to get PackageManager
09-16 21:52:35.854  1981  2029 E ApplicationHelper: Fail to get PackageManager
09-16 21:52:35.854  1981  2029 E ApplicationHelper: Fail to get PackageManager
09-16 21:52:35.854  1981  2029 E ApplicationHelper: Fail to get PackageManager
09-16 21:52:35.854  1981  2029 E ApplicationHelper: Fail to get PackageManager
09-16 21:52:35.854  1981  2029 E ApplicationHelper: Fail to get PackageManager
09-16 21:52:35.854  1981  2029 E ApplicationHelper: Fail to get PackageManager
09-16 21:52:35.854  1981  2029 E ApplicationHelper: Fail to get PackageManager
09-16 21:52:35.854  1981  2029 E ApplicationHelper: Fail to get PackageManager
09-16 21:52:35.854  1981  2029 E ApplicationHelper: Fail to get PackageManager
09-16 21:52:35.854  1981  2029 E ApplicationHelper: Fail to get PackageManager
09-16 21:52:35.854  1981  2029 E ApplicationHelper: Fail to get PackageManager
09-16 21:52:35.854  1981  2029 E ApplicationHelper: Fail to get PackageManager
09-16 21:52:35.854  1981  2029 E ApplicationHelper: Fail to get PackageManager
09-16 21:52:35.854  1981  2029 E ApplicationHelper: Fail to get PackageManager
09-16 21:52:35.854  1981  2029 E ApplicationHelper: Fail to get PackageManager
09-16 21:52:35.854  1981  2029 E ApplicationHelper: Fail to get PackageManager
09-16 21:52:35.861  1981  2276 D CompatibilityChangeReporter: Compat change id reported: 168419799; UID 10351; state: DISABLED
09-16 21:52:35.861  1981  2276 D CompatibilityChangeReporter: Compat change id reported: 273564678; UID 10351; state: DISABLED
09-16 21:52:35.863  1981  2029 E ApplicationHelper: Fail to get PackageManager
09-16 21:52:35.870  1981  2276 D CompatibilityChangeReporter: Compat change id reported: 170503758; UID 10351; state: ENABLED
09-16 21:52:35.918  1981  2276 I ActivityManager: appDiedLocked: app=ProcessRecord{f6d7fc 11042:com.google.android.apps.maps/u0a246} thread=android.os.BinderProxy@de62c71 fromBinderDied=true isKilledByAm=true reason=null
09-16 21:52:35.921  1981  2276 D ActivityManager: unfreezing ProcessRecord{c90f017 8437:com.google.android.projection.gearhead:car/u0a158}, reason = oom_uncached, adj = 0, adjType = exec-service, adjSource = null
09-16 21:52:35.922  1981  2276 D ActivityManager: sync unfroze 8437 com.google.android.projection.gearhead:car for 5
09-16 21:52:35.923  1981  2029 E ApplicationHelper: Fail to get PackageManager
09-16 21:52:35.924  1981  2286 D CompatibilityChangeReporter: Compat change id reported: 265195908; UID 10158; state: ENABLED
09-16 21:52:35.925  1981  2276 D RestartModeController: markWaitRestartAppIsSuicided null processName=com.google.android.apps.maps
09-16 21:52:35.925  1981  2029 E ApplicationHelper: Fail to get PackageManager
09-16 21:52:35.926  1981  2029 D DisplayManagerService: Drop pending events for gone uid 10246
09-16 21:52:35.930  1981  2276 D ActivityTaskManager: handleAppDied: uid=10246,diedCount=1,lastDiedTime=93521151,forceStopUids=false
09-16 21:52:35.935  1981  2029 E ApplicationHelper: Fail to get PackageManager
09-16 21:52:35.935  1981  2029 E ApplicationHelper: Fail to get PackageManager
09-16 21:52:35.935  1981  2029 E ApplicationHelper: Fail to get PackageManager
09-16 21:52:35.935  1981  2029 E ApplicationHelper: Fail to get PackageManager
09-16 21:52:35.935  1981  2029 E ApplicationHelper: Fail to get PackageManager
09-16 21:52:35.935  1981  2029 E ApplicationHelper: Fail to get PackageManager
09-16 21:52:35.937  1981  2029 E ApplicationHelper: Fail to get PackageManager
09-16 21:52:35.938  1981  2029 E ApplicationHelper: Fail to get PackageManager
09-16 21:52:35.938  1981  2029 E ApplicationHelper: Fail to get PackageManager
09-16 21:52:36.176  1981  2021 D CompatibilityChangeReporter: Compat change id reported: 161145287; UID 10351; state: DISABLED
09-16 21:52:36.209  1981  2029 E ApplicationHelper: Fail to get PackageManager
09-16 21:52:36.340  1981  2029 E ApplicationHelper: Fail to get PackageManager
09-16 21:52:36.340  1981  2029 E ApplicationHelper: Fail to get PackageManager
09-16 21:52:36.341  1981  2021 D CompatibilityChangeReporter: Compat change id reported: 261072174; UID 10351; state: DISABLED
09-16 21:52:36.347  1981  2029 E ApplicationHelper: Fail to get PackageManager
09-16 21:52:36.348  1981  2029 E ApplicationHelper: Fail to get PackageManager
09-16 21:52:36.363  1981  4003 I ActivityManager: Flag disabled. Ignoring finishAttachApplication from uid: 10351. pid: 12208
09-16 21:52:36.384  1981  2029 E ApplicationHelper: Fail to get PackageManager
09-16 21:52:36.384  1981  2029 E ApplicationHelper: Fail to get PackageManager
09-16 21:52:36.388  1981  2029 E ApplicationHelper: Fail to get PackageManager
09-16 21:52:36.388  1981  2029 E ApplicationHelper: Fail to get PackageManager
09-16 21:52:36.391  1981  2029 E ApplicationHelper: Fail to get PackageManager
09-16 21:52:36.396  1981  2029 E ApplicationHelper: Fail to get PackageManager
09-16 21:52:36.400  1981  2029 E ApplicationHelper: Fail to get PackageManager
09-16 21:52:36.406  1981  2029 E ApplicationHelper: Fail to get PackageManager
09-16 21:52:36.422  1981  2029 E ApplicationHelper: Fail to get PackageManager
09-16 21:52:36.422  1981  2029 E ApplicationHelper: Fail to get PackageManager
09-16 21:52:36.425  1981  2029 E ApplicationHelper: Fail to get PackageManager
09-16 21:52:36.425  1981  2029 E ApplicationHelper: Fail to get PackageManager
09-16 21:52:36.429  1981  2029 E ApplicationHelper: Fail to get PackageManager
09-16 21:52:36.434  1981  2029 E ApplicationHelper: Fail to get PackageManager
09-16 21:52:36.435  1981  4003 D CompatibilityChangeReporter: Compat change id reported: 271850009; UID 10351; state: DISABLED
09-16 21:52:36.436  1981  4003 D CompatibilityChangeReporter: Compat change id reported: 253665015; UID 10351; state: DISABLED
09-16 21:52:36.436  1981  4003 D CompatibilityChangeReporter: Compat change id reported: 194532703; UID 10351; state: ENABLED
09-16 21:52:36.445  1981  2276 W Telecom : : registerPhoneAccount - attempt to set a group from a non-system caller.: TSI.rPA(cta)@OJo
09-16 21:52:36.445  1981  2276 I Telecom : : registerPhoneAccount: account=[[ ] PhoneAccount: ComponentInfo{com.twitter.android/com.twitter.calling.xcall.XCallConnectionService}, ***, UserHandle{0} Capabilities: SelfManaged SuppVideo Video CallSubject  Audio Routes: BESW Schemes: sip  Extras: null GroupId: ***]: TSI.rPA(cta)@OJo
09-16 21:52:36.446  1981  2029 E ApplicationHelper: Fail to get PackageManager
09-16 21:52:36.447  1981  2029 E ApplicationHelper: Fail to get PackageManager
09-16 21:52:36.448  1981  2276 I Telecom : PhoneAccountRegistrar: Modify account: [ComponentInfo{com.twitter.android/com.twitter.calling.xcall.XCallConnectionService}, ***, UserHandle{0}(lbl: self_managed -> X)]: TSI.rPA(cta)@OJo
09-16 21:52:36.449  1981  2276 I Telecom : AppLabelProxy: package com.twitter.android: name is X: TSI.rPA(cta)@OJo
09-16 21:52:36.452  1981  2276 I Telecom : MotoCallsManager: handlePhoneAccountChanged: phoneAccount=[[X] PhoneAccount: ComponentInfo{com.twitter.android/com.twitter.calling.xcall.XCallConnectionService}, ***, UserHandle{0} Capabilities: SelfManaged SuppVideo Video CallSubject  Audio Routes: BESW Schemes: sip  Extras: null GroupId: ***]: TSI.rPA(cta)@OJo
09-16 21:52:36.454  1981  2029 E ApplicationHelper: Fail to get PackageManager
09-16 21:52:36.454  1981  2029 E ApplicationHelper: Fail to get PackageManager
09-16 21:52:36.458  1981  2029 E ApplicationHelper: Fail to get PackageManager
09-16 21:52:36.459  1981  2029 E ApplicationHelper: Fail to get PackageManager
09-16 21:52:36.482  1981  2276 D CompatibilityChangeReporter: Compat change id reported: 135634846; UID 10463; state: DISABLED
09-16 21:52:36.482  1981  2276 D CompatibilityChangeReporter: Compat change id reported: 177438394; UID 10463; state: DISABLED
09-16 21:52:36.482  1981  2276 D CompatibilityChangeReporter: Compat change id reported: 135772972; UID 10463; state: DISABLED
09-16 21:52:36.482  1981  2276 D CompatibilityChangeReporter: Compat change id reported: 135754954; UID 10463; state: ENABLED
09-16 21:52:36.483  1981  2042 D CompatibilityChangeReporter: Compat change id reported: 143937733; UID 10463; state: ENABLED
09-16 21:52:36.491  1981  2042 I ActivityManager: Start proc 12331:com.android.rkpdapp/u0a463 for service {com.android.rkpdapp/com.android.rkpdapp.service.RemoteProvisioningService}
09-16 21:52:36.521  1981  4007 D CompatibilityChangeReporter: Compat change id reported: 168419799; UID 10463; state: DISABLED
09-16 21:52:36.521  1981  4007 D CompatibilityChangeReporter: Compat change id reported: 273564678; UID 10463; state: DISABLED
09-16 21:52:36.525  1981  2029 E ApplicationHelper: Fail to get PackageManager
09-16 21:52:36.526  1981  2286 D CompatibilityChangeReporter: Compat change id reported: 265195908; UID 10463; state: ENABLED
09-16 21:52:36.531  1981  4007 D CompatibilityChangeReporter: Compat change id reported: 170503758; UID 10463; state: ENABLED
09-16 21:52:36.565  1981  2277 I ActivityManager: Flag disabled. Ignoring finishAttachApplication from uid: 10463. pid: 12331
09-16 21:52:36.573  1981  2029 E ApplicationHelper: Fail to get PackageManager
09-16 21:52:36.576  1981  2029 E ApplicationHelper: Fail to get PackageManager
09-16 21:52:36.822  1981  2277 I ActivityManager: Killing 11066:com.google.android.apps.nbu.files/u0a177 (adj 935, setSvc -10000): empty #31
09-16 21:52:36.857  1981  2277 I ActivityManager: appDiedLocked: app=ProcessRecord{fff68f7 11066:com.google.android.apps.nbu.files/u0a177} thread=android.os.BinderProxy@61f1d6 fromBinderDied=true isKilledByAm=true reason=null
09-16 21:52:36.858  1981  2277 D RestartModeController: markWaitRestartAppIsSuicided null processName=com.google.android.apps.nbu.files
09-16 21:52:36.859  1981  2029 D DisplayManagerService: Drop pending events for gone uid 10177
09-16 21:52:36.861  1981  2277 D ActivityTaskManager: handleAppDied: uid=10177,diedCount=1,lastDiedTime=81582006,forceStopUids=false
09-16 21:52:36.863  1981  2457 D CompatibilityChangeReporter: Compat change id reported: 218533173; UID 10177; state: ENABLED
09-16 21:52:36.863  1981  2457 D CompatibilityChangeReporter: Compat change id reported: 262645982; UID 10177; state: ENABLED
09-16 21:52:36.866  1981  2029 E ApplicationHelper: Fail to get PackageManager
09-16 21:52:36.866  1981  2029 E ApplicationHelper: Fail to get PackageManager
09-16 21:52:36.866  1981  2029 E ApplicationHelper: Fail to get PackageManager
09-16 21:52:36.866  1981  2029 E ApplicationHelper: Fail to get PackageManager
09-16 21:52:36.866  1981  2029 E ApplicationHelper: Fail to get PackageManager
09-16 21:52:36.866  1981  2029 E ApplicationHelper: Fail to get PackageManager
09-16 21:52:36.866  1981  2029 E ApplicationHelper: Fail to get PackageManager
09-16 21:52:36.866  1981  2029 E ApplicationHelper: Fail to get PackageManager
09-16 21:52:36.866  1981  2029 E ApplicationHelper: Fail to get PackageManager
09-16 21:52:36.866  1981  2029 E ApplicationHelper: Fail to get PackageManager
09-16 21:52:36.866  1981  2029 E ApplicationHelper: Fail to get PackageManager
09-16 21:52:36.866  1981  2029 E ApplicationHelper: Fail to get PackageManager
09-16 21:52:36.866  1981  2029 E ApplicationHelper: Fail to get PackageManager
09-16 21:52:36.866  1981  2029 E ApplicationHelper: Fail to get PackageManager
09-16 21:52:36.866  1981  2029 E ApplicationHelper: Fail to get PackageManager
09-16 21:52:36.866  1981  2029 E ApplicationHelper: Fail to get PackageManager
09-16 21:52:37.086  1981  2029 E ApplicationHelper: Fail to get PackageManager
09-16 21:52:37.088  1981  2029 E ApplicationHelper: Fail to get PackageManager
09-16 21:52:38.749  1981  2277 D PowerManagerService: nativeReleaseSuspendBlocker name:PowerManagerService.WakeLocks duration ms: 0
09-16 21:52:38.754  1981  2029 E ApplicationHelper: Fail to get PackageManager
09-16 21:52:38.766  1981  2029 E ApplicationHelper: Fail to get PackageManager
09-16 21:52:39.279  1981  2282 D BatteryService: uevent={POWER_SUPPLY_VOLTAGE_NOW=4092000, POWER_SUPPLY_VBUS_PRESENT=true, POWER_SUPPLY_TYPE=Battery, POWER_SUPPLY_HEALTH=Good, POWER_SUPPLY_TECHNOLOGY=Li-poly, POWER_SUPPLY_SCOPE=94, POWER_SUPPLY_CHARGE_FULL_DESIGN=5000000, SEQNUM=54533, POWER_SUPPLY_STATUS=Charging, POWER_SUPPLY_CYCLE_COUNT=129, POWER_SUPPLY_CAPACITY=70, DEVPATH=/devices/platform/smart_battery/power_supply/battery, POWER_SUPPLY_ENERGY_EMPTY=0, POWER_SUPPLY_CHARGE_RATE=Normal, POWER_SUPPLY_CAPACITY_LEVEL=Normal, POWER_SUPPLY_CURRENT_NOW=-84000, POWER_SUPPLY_PRESENT=1, POWER_SUPPLY_POWER_WATT=2, POWER_SUPPLY_CHARGE_FULL=4756000, SUBSYSTEM=power_supply, POWER_SUPPLY_VOLTAGE_OCV=4092000, POWER_SUPPLY_TEMP=320, ACTION=change, POWER_SUPPLY_AGE=94, POWER_SUPPLY_NAME=battery, POWER_SUPPLY_LPD_PRESENT=false, POWER_SUPPLY_CHARGE_COUNTER=3225000}
09-16 21:52:39.280  1981  2282 D BatteryService: uevent={POWER_SUPPLY_VOLTAGE_NOW=4092000, POWER_SUPPLY_VBUS_PRESENT=true, POWER_SUPPLY_TYPE=Battery, POWER_SUPPLY_HEALTH=Good, POWER_SUPPLY_TECHNOLOGY=Li-poly, POWER_SUPPLY_SCOPE=94, POWER_SUPPLY_CHARGE_FULL_DESIGN=5000000, SEQNUM=54533, POWER_SUPPLY_STATUS=Charging, POWER_SUPPLY_CYCLE_COUNT=129, POWER_SUPPLY_CAPACITY=70, DEVPATH=/devices/platform/smart_battery/power_supply/battery, POWER_SUPPLY_ENERGY_EMPTY=0, POWER_SUPPLY_CHARGE_RATE=Normal, POWER_SUPPLY_CAPACITY_LEVEL=Normal, POWER_SUPPLY_CURRENT_NOW=-84000, POWER_SUPPLY_PRESENT=1, POWER_SUPPLY_POWER_WATT=2, POWER_SUPPLY_CHARGE_FULL=4756000, SUBSYSTEM=power_supply, POWER_SUPPLY_VOLTAGE_OCV=4092000, POWER_SUPPLY_TEMP=320, ACTION=change, POWER_SUPPLY_AGE=94, POWER_SUPPLY_NAME=battery, POWER_SUPPLY_LPD_PRESENT=false, POWER_SUPPLY_CHARGE_COUNTER=3225000}
09-16 21:52:39.298  2559  3949 D PowerUI : can't show warning due to - plugged: true status unknown: false
09-16 21:52:39.312  1981  1981 V UiModeManager: updateLocked: null action, mDockState=0, category=null
09-16 21:52:39.313  1981  1981 D UiModeManager: updateConfigurationLocked: mDockState=0; mCarMode=false; mNightMode=2; mNightModeCustomType=-1; uiMode=33
09-16 21:52:39.316  1981  1981 V UiModeManager: updateLocked: null action, mDockState=0, category=null
09-16 21:52:39.317  1981  1981 D UiModeManager: updateConfigurationLocked: mDockState=0; mCarMode=false; mNightMode=2; mNightModeCustomType=-1; uiMode=33
09-16 21:52:39.320  2559  8570 D PowerUI : can't show warning due to - plugged: true status unknown: false
09-16 21:52:40.966  1981  2277 W ProcessStats: Tracking association SourceState{8a74cdc com.google.android.googlequicksearchbox:search/10224 BTop #364384} whose proc state 2 is better than process ProcessState{25c17f6 com.google.android.adservices.api/10318 pkg=com.google.android.adservices.api} proc state 14 (459 skipped)
09-16 21:52:40.969  1981  2029 E ApplicationHelper: Fail to get PackageManager
09-16 21:52:40.970  1981  2029 E ApplicationHelper: Fail to get PackageManager
09-16 21:52:40.984  1981  2029 E ApplicationHelper: Fail to get PackageManager
09-16 21:52:40.985  1981  2029 E ApplicationHelper: Fail to get PackageManager
09-16 21:52:40.998  1981  2029 E ApplicationHelper: Fail to get PackageManager
09-16 21:52:40.999  1981  2029 E ApplicationHelper: Fail to get PackageManager
09-16 21:52:41.003  1981  2029 E ApplicationHelper: Fail to get PackageManager
09-16 21:52:41.004  1981  2029 E ApplicationHelper: Fail to get PackageManager
09-16 21:52:45.852  1981  2324 D ActivityManager: freezing 10313 com.google.android.apps.wellbeing, reason = oom_cached
09-16 21:52:45.854  1981  2324 D ActivityManager: freezing 11827 com.google.process.gservices, reason = oom_cached
09-16 21:52:46.294  1981  2324 D ActivityManager: freezing 8437 com.google.android.projection.gearhead:car, reason = oom_cached
09-16 21:52:46.578  1981  2324 D ActivityManager: freezing 12331 com.android.rkpdapp, reason = oom_cached
09-16 21:52:46.707  1981  4252 D PowerManagerService: nativeAcquireSuspendBlocker name:PowerManagerService.WakeLocks duration ms: 4
09-16 21:52:46.717  1981  2029 E ApplicationHelper: Fail to get PackageManager
09-16 21:52:46.730  1981  2041 D CompatibilityChangeReporter: Compat change id reported: 135634846; UID 10380; state: DISABLED
09-16 21:52:46.730  1981  2041 D CompatibilityChangeReporter: Compat change id reported: 177438394; UID 10380; state: DISABLED
09-16 21:52:46.730  1981  2041 D CompatibilityChangeReporter: Compat change id reported: 135772972; UID 10380; state: DISABLED
09-16 21:52:46.730  1981  2041 D CompatibilityChangeReporter: Compat change id reported: 135754954; UID 10380; state: ENABLED
09-16 21:52:46.731  1981  2042 D CompatibilityChangeReporter: Compat change id reported: 143937733; UID 10380; state: ENABLED
09-16 21:52:46.743  1981  2029 E ApplicationHelper: Fail to get PackageManager
09-16 21:52:46.747  1981  2042 I ActivityManager: Start proc 12363:com.supportware.Buienradar/u0a380 for broadcast {com.supportware.Buienradar/nl.rtl.location.LocationManagerBroadcastReceiver}
09-16 21:52:46.755  1981  2029 E ApplicationHelper: Fail to get PackageManager
09-16 21:52:46.761  1981  2029 E ApplicationHelper: Fail to get PackageManager
09-16 21:52:46.768  1981  2029 E ApplicationHelper: Fail to get PackageManager
09-16 21:52:46.774  1981  2029 E ApplicationHelper: Fail to get PackageManager
09-16 21:52:46.777  1981  2029 E ApplicationHelper: Fail to get PackageManager
09-16 21:52:46.779  1981  2029 E ApplicationHelper: Fail to get PackageManager
09-16 21:52:46.787  1981  4252 D CompatibilityChangeReporter: Compat change id reported: 168419799; UID 10380; state: DISABLED
09-16 21:52:46.787  1981  4252 D CompatibilityChangeReporter: Compat change id reported: 273564678; UID 10380; state: DISABLED
09-16 21:52:46.796  1981  2029 E ApplicationHelper: Fail to get PackageManager
09-16 21:52:46.797  1981  2029 E ApplicationHelper: Fail to get PackageManager
09-16 21:52:46.797  1981  2029 E ApplicationHelper: Fail to get PackageManager
09-16 21:52:46.797  1981  2029 E ApplicationHelper: Fail to get PackageManager
09-16 21:52:46.797  1981  2029 E ApplicationHelper: Fail to get PackageManager
09-16 21:52:46.797  1981  2029 E ApplicationHelper: Fail to get PackageManager
09-16 21:52:46.797  1981  2029 E ApplicationHelper: Fail to get PackageManager
09-16 21:52:46.797  1981  2029 E ApplicationHelper: Fail to get PackageManager
09-16 21:52:46.797  1981  2029 E ApplicationHelper: Fail to get PackageManager
09-16 21:52:46.797  1981  2029 E ApplicationHelper: Fail to get PackageManager
09-16 21:52:46.797  1981  2029 E ApplicationHelper: Fail to get PackageManager
09-16 21:52:46.797  1981  2029 E ApplicationHelper: Fail to get PackageManager
09-16 21:52:46.798  1981  2286 D CompatibilityChangeReporter: Compat change id reported: 265195908; UID 10380; state: ENABLED
09-16 21:52:46.799  1981  2277 D CompatibilityChangeReporter: Compat change id reported: 170503758; UID 10380; state: ENABLED
09-16 21:52:47.019  1981  2029 E ApplicationHelper: Fail to get PackageManager
09-16 21:52:47.037  1981  4003 D CompatibilityChangeReporter: Compat change id reported: 161145287; UID 10380; state: ENABLED
09-16 21:52:47.075  1981  4003 D CompatibilityChangeReporter: Compat change id reported: 261072174; UID 10380; state: ENABLED
09-16 21:52:47.129   837 12328 I keystore2: system/security/keystore2/src/watchdog.rs:319 - Watchdog thread idle -> terminating. Have a great day.
09-16 21:52:47.200  1981  4252 D ActivityManager: unfreezing ProcessRecord{806b41e 30484:com.microsoft.emmx/u0a341}, reason = shouldNotFreeze_service_3: ProcessRecord{3ebf2e3 12363:com.supportware.Buienradar/u0a380}, adj = 900, adjType = cch-act, adjSource = null
09-16 21:52:47.201  1981  4252 D ActivityManager: sync unfroze 30484 com.microsoft.emmx for 4
09-16 21:52:47.201  1981  4252 D ActivityManager: unfreezing ProcessRecord{1e7f2d 7211:com.microsoft.emmx:sandboxed_process0:org.chromium.content.app.SandboxedProcessService0:9/u0a341i-8998}, reason = shouldNotFreeze_service_1: ProcessRecord{806b41e 30484:com.microsoft.emmx/u0a341}, adj = 915, adjType = cch-client-act, adjSource = null
09-16 21:52:47.202  1981  4252 D ActivityManager: sync unfroze 7211 com.microsoft.emmx:sandboxed_process0:org.chromium.content.app.SandboxedProcessService0:9 for 4
09-16 21:52:47.202  1981  4252 D ActivityManager: unfreezing ProcessRecord{de59e93 7089:com.microsoft.emmx:sandboxed_process0:org.chromium.content.app.SandboxedProcessService0:7/u0a341i-9000}, reason = shouldNotFreeze_service_1: ProcessRecord{806b41e 30484:com.microsoft.emmx/u0a341}, adj = 915, adjType = cch-client-act, adjSource = null
09-16 21:52:47.202  1981  4252 D ActivityManager: sync unfroze 7089 com.microsoft.emmx:sandboxed_process0:org.chromium.content.app.SandboxedProcessService0:7 for 4
09-16 21:52:47.202  1981  4252 D ActivityManager: unfreezing ProcessRecord{f8bc3cc 7022:com.microsoft.emmx:privileged_process3/u0a341}, reason = shouldNotFreeze_service_1: ProcessRecord{806b41e 30484:com.microsoft.emmx/u0a341}, adj = 915, adjType = cch-client-act, adjSource = null
09-16 21:52:47.202  1981  4252 D ActivityManager: sync unfroze 7022 com.microsoft.emmx:privileged_process3 for 4
09-16 21:52:47.203  1981  2029 E ApplicationHelper: Fail to get PackageManager
09-16 21:52:47.212  1981  4252 I ActivityManager: Flag disabled. Ignoring finishAttachApplication from uid: 10380. pid: 12363
09-16 21:52:47.213  1981  4252 D CompatibilityChangeReporter: Compat change id reported: 253665015; UID 10380; state: ENABLED
09-16 21:52:47.213  1981  4252 D CompatibilityChangeReporter: Compat change id reported: 194532703; UID 10380; state: ENABLED
09-16 21:52:47.216  1981  2029 E ApplicationHelper: Fail to get PackageManager
09-16 21:52:47.267  1981  2029 E ApplicationHelper: Fail to get PackageManager
09-16 21:52:47.270  1981  2029 E ApplicationHelper: Fail to get PackageManager
