09-16 21:52:12.740  1981  3758 I AppsFilter: interaction: PackageSetting{13fee88 com.sphereon.ssi.wallet/10503} -> PackageSetting{7e8a232 com.motorola.android.launcher.overlay.retail.row/10053} BLOCKED
09-16 21:52:12.740  1981  3758 I AppsFilter: interaction: PackageSetting{13fee88 com.sphereon.ssi.wallet/10503} -> PackageSetting{f3fdbd8 com.motorola.om/10435} BLOCKED
09-16 21:52:12.740  1981  3758 I AppsFilter: interaction: PackageSetting{13fee88 com.sphereon.ssi.wallet/10503} -> PackageSetting{43c9b31 com.microsoft.teams/10357} BLOCKED
09-16 21:52:12.740  1981  3758 I AppsFilter: interaction: PackageSetting{13fee88 com.sphereon.ssi.wallet/10503} -> PackageSetting{dfd3216 com.google.android.inputmethod.latin/10239} BLOCKED
09-16 21:52:12.740  1981  3758 I AppsFilter: interaction: PackageSetting{13fee88 com.sphereon.ssi.wallet/10503} -> PackageSetting{d153797 com.motorola.android.providers.chromehomepage/10263} BLOCKED
09-16 21:52:12.740  1981  3758 I AppsFilter: interaction: PackageSetting{13fee88 com.sphereon.ssi.wallet/10503} -> PackageSetting{ec2dd84 com.motorola.attvowifi/10217} BLOCKED
09-16 21:52:12.740  1981  3758 I AppsFilter: interaction: PackageSetting{13fee88 com.sphereon.ssi.wallet/10503} -> PackageSetting{8eb96d com.dti.motorola/10203} BLOCKED
09-16 21:52:12.740  1981  3758 I AppsFilter: interaction: PackageSetting{13fee88 com.sphereon.ssi.wallet/10503} -> PackageSetting{fa588ac com.motorola.systemserver/10119} BLOCKED
09-16 21:52:12.740  1981  3758 I AppsFilter: interaction: PackageSetting{13fee88 com.sphereon.ssi.wallet/10503} -> PackageSetting{b7bdd2c android.auto_generated_rro_vendor__/10103} BLOCKED
09-16 21:52:12.740  1981  3758 I AppsFilter: interaction: PackageSetting{13fee88 com.sphereon.ssi.wallet/10503} -> PackageSetting{d28c3f5 com.motorola.android.connectivity.resources.overlay/10057} BLOCKED
09-16 21:52:12.740  1981  3758 I AppsFilter: interaction: PackageSetting{13fee88 com.sphereon.ssi.wallet/10503} -> PackageSetting{9259a2 com.google.android.apps.restore/10179} BLOCKED
09-16 21:52:12.740  1981  3758 I AppsFilter: interaction: PackageSetting{13fee88 com.sphereon.ssi.wallet/10503} -> PackageSetting{aebb633 nl.rijksoverheid.digid.pub/10386} BLOCKED
09-16 21:52:12.791  1981  3758 D ActivityManager: unfreezing ProcessRecord{4acec93 7582:com.google.android.webview:webview_service/u0a248}, reason = oom_uncached, adj = 0, adjType = service, adjSource = ProcessRecord{35b7337 11943:com.sphereon.ssi.wallet/u0a503}
09-16 21:52:12.792  1981  3758 D ActivityManager: sync unfroze 7582 com.google.android.webview:webview_service for 6
09-16 21:52:12.793  1981  3758 D CompatibilityChangeReporter: Compat change id reported: 261072174; UID 10503; state: ENABLED
09-16 21:52:12.793  1981  2029 E ApplicationHelper: Fail to get PackageManager
09-16 21:52:12.794  1981  2029 E ApplicationHelper: Fail to get PackageManager
09-16 21:52:12.799  1981  2029 E ApplicationHelper: Fail to get PackageManager
09-16 21:52:12.800  1981  2029 E ApplicationHelper: Fail to get PackageManager
09-16 21:52:12.809  1981  2029 E ApplicationHelper: Fail to get PackageManager
09-16 21:52:13.455  1981  1981 I BrightnessSynchronizer: New Update: {[1474] 0.8532507(f), mUpdatedTypes=0, mConfirmedTypes=0, mTimeUpdated=0, mState=2}
09-16 21:52:14.366  2559 15501 D PowerUI : can't show warning due to - plugged: true status unknown: false
09-16 21:52:14.369  1981  1981 V UiModeManager: updateLocked: null action, mDockState=0, category=null
09-16 21:52:14.369  1981  1981 D UiModeManager: updateConfigurationLocked: mDockState=0; mCarMode=false; mNightMode=2; mNightModeCustomType=-1; uiMode=33
09-16 21:52:14.451  1981  2081 V DisplayPowerController2[0]: Brightness [0.8532507] reason changing to: 'manual', previous reason: 'manual [ dim ]'.
09-16 21:52:14.451  1981  2081 I DisplayPowerController2[0]: 2024-09-16 19:52:14 - BrightnessEvent: disp=0, physDisp=local:0, brt=0.8532507, initBrt=0.03418803, rcmdBrt=NaN, preBrt=NaN, lux=0.0, preLux=0.0, brtNits=500.0, hdrNits=NaN, initNits=4.987921, preNits=NaN, rcmdNits=NaN, hdrBrightness=NaN, brt(%)=100%, brtInt=218, hbmMax=0.8532507, hbmMode=off, rbcStrength=50, thrmMax=1.0, powerFactor=1.0, wasShortTermModelActive=false, flags=, reason=manual, autoBrightness=false, strategy=InvalidBrightnessStrategy
09-16 21:52:14.453  1981  2031 D DisplayManagerService: Ignore redundant display event 0/4 to 10231/3354
09-16 21:52:14.453  1981  2031 D DisplayManagerService: Ignore redundant display event 0/4 to 10341/7022
09-16 21:52:14.453  1981  2031 D DisplayManagerService: Ignore redundant display event 0/4 to 10231/10227
09-16 21:52:14.453  1981  2031 D DisplayManagerService: Ignore redundant display event 0/4 to 10117/10873
09-16 21:52:14.453  1981  2031 D DisplayManagerService: Ignore redundant display event 0/4 to 10253/11146
09-16 21:52:14.453  1981  2031 D DisplayManagerService: Ignore redundant display event 0/4 to 10204/11267
09-16 21:52:14.453  1981  2031 D DisplayManagerService: Ignore redundant display event 0/4 to 10414/12536
09-16 21:52:14.453  1981  2031 D DisplayManagerService: Ignore redundant display event 0/4 to 10257/19664
09-16 21:52:14.453  1981  2031 D DisplayManagerService: Ignore redundant display event 0/4 to 10347/21389
09-16 21:52:14.453  1981  2031 D DisplayManagerService: Ignore redundant display event 0/4 to 10356/27914
09-16 21:52:14.453  1981  2031 D DisplayManagerService: Ignore redundant display event 0/4 to 10210/29052
09-16 21:52:14.453  1981  2031 D DisplayManagerService: Ignore redundant display event 0/4 to 10341/30484
09-16 21:52:14.453  1981  2031 D DisplayManagerService: Ignore redundant display event 0/4 to 10343/32473
09-16 21:52:14.453  1981  1981 I BrightnessSynchronizer: New Update: {[1475] 0.8532507(f), mUpdatedTypes=0, mConfirmedTypes=0, mTimeUpdated=0, mState=2}
09-16 21:52:14.453  1981  2031 D DisplayModeDirector: Display brightness 218, ambient lux 18.246061, Vote null, insideLowZone false
09-16 21:52:14.572  1981  2029 E ApplicationHelper: Fail to get PackageManager
09-16 21:52:14.628  1981  2324 D ActivityManager: freezing 11066 com.google.android.apps.nbu.files, reason = oom_cached
09-16 21:52:14.695  1981  2331 D PowerManagerService: nativeAcquireSuspendBlocker name:PowerManagerService.WakeLocks duration ms: 1
09-16 21:52:14.699  1981  2029 E ApplicationHelper: Fail to get PackageManager
09-16 21:52:14.700  1981  2029 E ApplicationHelper: Fail to get PackageManager
09-16 21:52:14.739  1981  2029 E ApplicationHelper: Fail to get PackageManager
09-16 21:52:14.739  1981  2029 E ApplicationHelper: Fail to get PackageManager
09-16 21:52:14.746  1981  2029 E ApplicationHelper: Fail to get PackageManager
09-16 21:52:14.746  1981  2029 E ApplicationHelper: Fail to get PackageManager
09-16 21:52:14.758  1981  2541 D CompatibilityChangeReporter: Compat change id reported: 201794303; UID 10184; state: ENABLED
09-16 21:52:14.758  1981  2541 D CompatibilityChangeReporter: Compat change id reported: 207133734; UID 10184; state: ENABLED
09-16 21:52:14.781  1981  3974 D PowerManagerService: nativeReleaseSuspendBlocker name:PowerManagerService.WakeLocks duration ms: 0
09-16 21:52:14.784  1981  3974 D PowerManagerService: nativeAcquireSuspendBlocker name:PowerManagerService.WakeLocks duration ms: 1
09-16 21:52:14.784  1981  2029 E ApplicationHelper: Fail to get PackageManager
09-16 21:52:14.784  1981  2029 E ApplicationHelper: Fail to get PackageManager
09-16 21:52:14.789  1981  3758 D PowerManagerService: nativeReleaseSuspendBlocker name:PowerManagerService.WakeLocks duration ms: 0
09-16 21:52:14.791  1981  3758 D PowerManagerService: nativeAcquireSuspendBlocker name:PowerManagerService.WakeLocks duration ms: 1
09-16 21:52:14.795  1981  2029 E ApplicationHelper: Fail to get PackageManager
09-16 21:52:14.795  1981  2029 E ApplicationHelper: Fail to get PackageManager
09-16 21:52:14.796  1981  3974 D PowerManagerService: nativeReleaseSuspendBlocker name:PowerManagerService.WakeLocks duration ms: 0
09-16 21:52:14.800  1981  2029 E ApplicationHelper: Fail to get PackageManager
09-16 21:52:14.800  1981  2029 E ApplicationHelper: Fail to get PackageManager
09-16 21:52:14.806  1981  2029 E ApplicationHelper: Fail to get PackageManager
09-16 21:52:14.806  1981  2029 E ApplicationHelper: Fail to get PackageManager
09-16 21:52:14.883  1981  2324 D ActivityManager: freezing 11887 com.android.soundpicker, reason = oom_cached
09-16 21:52:15.189  1981  2324 D ActivityManager: freezing 10548 com.google.android.apps.photos, reason = oom_cached
09-16 21:52:15.191  1981  2324 D ActivityManager: freezing 11908 com.motorola.camera3, reason = oom_cached
09-16 21:52:15.326  1981  3974 D PowerManagerService: nativeAcquireSuspendBlocker name:PowerManagerService.WakeLocks duration ms: 1
09-16 21:52:15.598  1981  2541 D PowerManagerService: nativeReleaseSuspendBlocker name:PowerManagerService.WakeLocks duration ms: 0
09-16 21:52:15.624  1981  2031 D DisplayManagerService: Ignore redundant display event 0/4 to 10231/3354
09-16 21:52:15.624  1981  1981 I BrightnessSynchronizer: New Update: {[1476] 0.8532507(f), mUpdatedTypes=0, mConfirmedTypes=0, mTimeUpdated=0, mState=2}
09-16 21:52:15.624  1981  2031 D DisplayManagerService: Ignore redundant display event 0/4 to 10341/7022
09-16 21:52:15.624  1981  2031 D DisplayManagerService: Ignore redundant display event 0/4 to 10231/10227
09-16 21:52:15.624  1981  2031 D DisplayManagerService: Ignore redundant display event 0/4 to 10117/10873
09-16 21:52:15.624  1981  2031 D DisplayManagerService: Ignore redundant display event 0/4 to 10253/11146
09-16 21:52:15.624  1981  2031 D DisplayManagerService: Ignore redundant display event 0/4 to 10204/11267
09-16 21:52:15.624  1981  2031 D DisplayManagerService: Ignore redundant display event 0/4 to 10414/12536
09-16 21:52:15.624  1981  2031 D DisplayManagerService: Ignore redundant display event 0/4 to 10257/19664
09-16 21:52:15.624  1981  2031 D DisplayManagerService: Ignore redundant display event 0/4 to 10347/21389
09-16 21:52:15.624  1981  2031 D DisplayManagerService: Ignore redundant display event 0/4 to 10356/27914
09-16 21:52:15.624  1981  2031 D DisplayManagerService: Ignore redundant display event 0/4 to 10210/29052
09-16 21:52:15.624  1981  2031 D DisplayManagerService: Ignore redundant display event 0/4 to 10341/30484
09-16 21:52:15.624  1981  2031 D DisplayManagerService: Ignore redundant display event 0/4 to 10343/32473
09-16 21:52:15.762  1981  2541 D PowerManagerService: nativeAcquireSuspendBlocker name:PowerManagerService.WakeLocks duration ms: 1
09-16 21:52:15.964  1981  2541 D PowerManagerService: nativeReleaseSuspendBlocker name:PowerManagerService.WakeLocks duration ms: 0
09-16 21:52:16.655   837 11865 I keystore2: system/security/keystore2/src/watchdog.rs:319 - Watchdog thread idle -> terminating. Have a great day.
09-16 21:52:17.587 11943 12162 F libc    : Fatal signal 6 (SIGABRT), code -1 (SI_QUEUE) in tid 12162 (mqt_js), pid 11943 (reon.ssi.wallet)
09-16 21:52:18.217 12190 12190 F DEBUG   : *** *** *** *** *** *** *** *** *** *** *** *** *** *** *** ***
09-16 21:52:18.217 12190 12190 F DEBUG   : Build fingerprint: 'motorola/manaus_g_syse/manaus:14/U1TM34.107-34-4-3/1e18b0-fffcc:user/release-keys'
09-16 21:52:18.217 12190 12190 F DEBUG   : Revision: 'PVT1'
09-16 21:52:18.217 12190 12190 F DEBUG   : ABI: 'arm64'
09-16 21:52:18.217 12190 12190 F DEBUG   : Timestamp: 2024-09-16 21:52:17.766611806+0200
09-16 21:52:18.217 12190 12190 F DEBUG   : Process uptime: 14s
09-16 21:52:18.217 12190 12190 F DEBUG   : Cmdline: com.sphereon.ssi.wallet
09-16 21:52:18.217 12190 12190 F DEBUG   : pid: 11943, tid: 12162, name: mqt_js  >>> com.sphereon.ssi.wallet <<<
09-16 21:52:18.217 12190 12190 F DEBUG   : uid: 10503
09-16 21:52:18.217 12190 12190 F DEBUG   : tagged_addr_ctrl: 0000000000000001 (PR_TAGGED_ADDR_ENABLE)
09-16 21:52:18.217 12190 12190 F DEBUG   : signal 6 (SIGABRT), code -1 (SI_QUEUE), fault addr --------
09-16 21:52:18.217 12190 12190 F DEBUG   : Abort message: 'JNI DETECTED ERROR IN APPLICATION: JNI NewGlobalRef called with pending exception java.lang.ClassNotFoundException: Didn't find class "com.reactnativequicksqlite.QuickSQLiteBridge" on path: DexPathList[[zip file "/data/app/~~7lS6LvO_GjzURhXQAMFtGQ==/com.sphereon.ssi.wallet-KCIapD_nC3CzbsAM5J0AtA==/base.apk"],nativeLibraryDirectories=[/data/app/~~7lS6LvO_GjzURhXQAMFtGQ==/com.sphereon.ssi.wallet-KCIapD_nC3CzbsAM5J0AtA==/lib/arm64, /data/app/~~7lS6LvO_GjzURhXQAMFtGQ==/com.sphereon.ssi.wallet-KCIapD_nC3CzbsAM5J0AtA==/base.apk!/lib/arm64-v8a, /system/lib64, /system_ext/lib64]]
09-16 21:52:18.217 12190 12190 F DEBUG   : (Throwable with no stack trace)
09-16 21:52:18.217 12190 12190 F DEBUG   : 
09-16 21:52:18.217 12190 12190 F DEBUG   :     in call to NewGlobalRef
09-16 21:52:18.217 12190 12190 F DEBUG   :     from java.lang.String java.lang.Runtime.nativeLoad(java.lang.String, java.lang.ClassLoader, java.lang.Class)'
09-16 21:52:18.217 12190 12190 F DEBUG   :     x0  0000000000000000  x1  0000000000002f82  x2  0000000000000006  x3  0000006d66269b20
09-16 21:52:18.217 12190 12190 F DEBUG   :     x4  fefefefefefefeff  x5  fefefefefefefeff  x6  fefefefefefefeff  x7  7f7f7f7f7f7f7f7f
09-16 21:52:18.217 12190 12190 F DEBUG   :     x8  00000000000000f0  x9  0000007151a7a050  x10 0000000000000001  x11 0000007151ac3b60
09-16 21:52:18.217 12190 12190 F DEBUG   :     x12 0000000000003f0f  x13 0000000000000341  x14 0000006d66268910  x15 000002edb7b19ffc
09-16 21:52:18.217 12190 12190 F DEBUG   :     x16 0000007151b2fcf8  x17 0000007151b0c470  x18 0000006d5aeb8000  x19 0000000000002ea7
09-16 21:52:18.217 12190 12190 F DEBUG   :     x20 0000000000002f82  x21 00000000ffffffff  x22 0000000000000058  x23 0000006d6626e000
09-16 21:52:18.217 12190 12190 F DEBUG   :     x24 00000000000002ff  x25 0000006d6626e000  x26 0000000000000000  x27 b400006fa76a4b10
09-16 21:52:18.217 12190 12190 F DEBUG   :     x28 0000006eb5c0f0a4  x29 0000006d66269ba0
09-16 21:52:18.217 12190 12190 F DEBUG   :     lr  0000007151ab4178  sp  0000006d66269b00  pc  0000007151ab41a4  pst 0000000000001000
09-16 21:52:18.217 12190 12190 F DEBUG   : 100 total frames
09-16 21:52:18.217 12190 12190 F DEBUG   : backtrace:
09-16 21:52:18.217 12190 12190 F DEBUG   :       #00 pc 000000000005c1a4  /apex/com.android.runtime/lib64/bionic/libc.so (abort+164) (BuildId: 36981a72e1a4d89529babdea15a31f83)
09-16 21:52:18.217 12190 12190 F DEBUG   :       #01 pc 00000000009300cc  /apex/com.android.art/lib64/libart.so (art::Runtime::Abort(char const*)+344) (BuildId: 3b4ed3e67a9a04e3a37d259cd59da05b)
09-16 21:52:18.218 12190 12190 F DEBUG   :       #02 pc 00000000000160fc  /apex/com.android.art/lib64/libbase.so (android::base::SetAborter(std::__1::function<void (char const*)>&&)::$_0::__invoke(char const*)+80) (BuildId: 42d41ca7c77853791d096606e7186547)
09-16 21:52:18.218 12190 12190 F DEBUG   :       #03 pc 00000000000156d0  /apex/com.android.art/lib64/libbase.so (android::base::LogMessage::~LogMessage()+516) (BuildId: 42d41ca7c77853791d096606e7186547)
09-16 21:52:18.218 12190 12190 F DEBUG   :       #04 pc 00000000003b7e84  /apex/com.android.art/lib64/libart.so (art::JavaVMExt::JniAbort(char const*, char const*)+1696) (BuildId: 3b4ed3e67a9a04e3a37d259cd59da05b)
09-16 21:52:18.218 12190 12190 F DEBUG   :       #05 pc 000000000088a784  /apex/com.android.art/lib64/libart.so (art::JavaVMExt::JniAbortV(char const*, char const*, std::__va_list)+108) (BuildId: 3b4ed3e67a9a04e3a37d259cd59da05b)
09-16 21:52:18.218 12190 12190 F DEBUG   :       #06 pc 00000000005a5908  /apex/com.android.art/lib64/libart.so (art::(anonymous namespace)::ScopedCheck::AbortF(char const*, ...) (.__uniq.99033978352804627313491551960229047428)+140) (BuildId: 3b4ed3e67a9a04e3a37d259cd59da05b)
09-16 21:52:18.218 12190 12190 F DEBUG   :       #07 pc 00000000005a07ac  /apex/com.android.art/lib64/libart.so (art::(anonymous namespace)::ScopedCheck::Check(art::ScopedObjectAccess&, bool, char const*, art::(anonymous namespace)::JniValueType*) (.__uniq.99033978352804627313491551960229047428)+5440) (BuildId: 3b4ed3e67a9a04e3a37d259cd59da05b)
09-16 21:52:18.218 12190 12190 F DEBUG   :       #08 pc 000000000059b604  /apex/com.android.art/lib64/libart.so (art::(anonymous namespace)::CheckJNI::NewRef(char const*, _JNIEnv*, _jobject*, art::IndirectRefKind) (.__uniq.99033978352804627313491551960229047428)+196) (BuildId: 3b4ed3e67a9a04e3a37d259cd59da05b)
09-16 21:52:18.218 12190 12190 F DEBUG   :       #09 pc 000000000066fd08  /apex/com.android.art/lib64/libart.so (art::JavaVMExt::LoadNativeLibrary(_JNIEnv*, std::__1::basic_string<char, std::__1::char_traits<char>, std::__1::allocator<char> > const&, _jobject*, _jclass*, std::__1::basic_string<char, std::__1::char_traits<char>, std::__1::allocator<char> >*)+1352) (BuildId: 3b4ed3e67a9a04e3a37d259cd59da05b)
09-16 21:52:18.218 12190 12190 F DEBUG   :       #10 pc 0000000000005914  /apex/com.android.art/lib64/libopenjdkjvm.so (JVM_NativeLoad+356) (BuildId: 52e480f4d160d1f919dafa72cae26e8a)
09-16 21:52:18.218 12190 12190 F DEBUG   :       #11 pc 00000000023ffc40  /memfd:jit-cache (deleted) (offset 0x2000000) (art_jni_trampoline+176)
09-16 21:52:18.218 12190 12190 F DEBUG   :       #12 pc 000000000201def8  /memfd:jit-cache (deleted) (offset 0x2000000) (java.lang.Runtime.loadLibrary0+408)
09-16 21:52:18.218 12190 12190 F DEBUG   :       #13 pc 000000000201d660  /memfd:jit-cache (deleted) (offset 0x2000000) (java.lang.Runtime.loadLibrary0+160)
09-16 21:52:18.218 12190 12190 F DEBUG   :       #14 pc 000000000201d3f0  /memfd:jit-cache (deleted) (offset 0x2000000) (java.lang.System.loadLibrary+160)
09-16 21:52:18.218 12190 12190 F DEBUG   :       #15 pc 0000000000362a40  /apex/com.android.art/lib64/libart.so (art_quick_invoke_static_stub+640) (BuildId: 3b4ed3e67a9a04e3a37d259cd59da05b)
09-16 21:52:18.218 12190 12190 F DEBUG   :       #16 pc 000000000035bd94  /apex/com.android.art/lib64/libart.so (bool art::interpreter::DoCall<false>(art::ArtMethod*, art::Thread*, art::ShadowFrame&, art::Instruction const*, unsigned short, bool, art::JValue*)+2048) (BuildId: 3b4ed3e67a9a04e3a37d259cd59da05b)
09-16 21:52:18.218 12190 12190 F DEBUG   :       #17 pc 000000000076dec0  /apex/com.android.art/lib64/libart.so (void art::interpreter::ExecuteSwitchImplCpp<false>(art::interpreter::SwitchImplContext*)+12208) (BuildId: 3b4ed3e67a9a04e3a37d259cd59da05b)
09-16 21:52:18.218 12190 12190 F DEBUG   :       #18 pc 000000000037b5d8  /apex/com.android.art/lib64/libart.so (ExecuteSwitchImplAsm+8) (BuildId: 3b4ed3e67a9a04e3a37d259cd59da05b)
09-16 21:52:18.218 12190 12190 F DEBUG   :       #19 pc 000000000000815c  /data/app/~~7lS6LvO_GjzURhXQAMFtGQ==/com.sphereon.ssi.wallet-KCIapD_nC3CzbsAM5J0AtA==/base.apk (com.margelo.reactnativequicksqlite.SequelModule.install+0)
09-16 21:52:18.218 12190 12190 F DEBUG   :       #20 pc 000000000034d5a8  /apex/com.android.art/lib64/libart.so (artQuickToInterpreterBridge+1932) (BuildId: 3b4ed3e67a9a04e3a37d259cd59da05b)
09-16 21:52:18.218 12190 12190 F DEBUG   :       #21 pc 0000000000379098  /apex/com.android.art/lib64/libart.so (art_quick_to_interpreter_bridge+88) (BuildId: 3b4ed3e67a9a04e3a37d259cd59da05b)
09-16 21:52:18.218 12190 12190 F DEBUG   :       #22 pc 0000000000362774  /apex/com.android.art/lib64/libart.so (art_quick_invoke_stub+612) (BuildId: 3b4ed3e67a9a04e3a37d259cd59da05b)
09-16 21:52:18.218 12190 12190 F DEBUG   :       #23 pc 000000000034def0  /apex/com.android.art/lib64/libart.so (art::ArtMethod::Invoke(art::Thread*, unsigned int*, unsigned int, art::JValue*, char const*)+132) (BuildId: 3b4ed3e67a9a04e3a37d259cd59da05b)
09-16 21:52:18.218 12190 12190 F DEBUG   :       #24 pc 000000000034fd44  /apex/com.android.art/lib64/libart.so (art::JValue art::InvokeVirtualOrInterfaceWithJValues<art::ArtMethod*>(art::ScopedObjectAccessAlreadyRunnable const&, _jobject*, art::ArtMethod*, jvalue const*)+568) (BuildId: 3b4ed3e67a9a04e3a37d259cd59da05b)
09-16 21:52:18.218 12190 12190 F DEBUG   :       #25 pc 00000000008bb5f0  /apex/com.android.art/lib64/libart.so (art::JNI<true>::CallBooleanMethodA(_JNIEnv*, _jobject*, _jmethodID*, jvalue const*)+172) (BuildId: 3b4ed3e67a9a04e3a37d259cd59da05b)
09-16 21:52:18.218 12190 12190 F DEBUG   :       #26 pc 0000000000888d10  /apex/com.android.art/lib64/libart.so (art::(anonymous namespace)::CheckJNI::CallMethodA(char const*, _JNIEnv*, _jobject*, _jclass*, _jmethodID*, jvalue const*, art::Primitive::Type, art::InvokeType) (.__uniq.99033978352804627313491551960229047428)+996) (BuildId: 3b4ed3e67a9a04e3a37d259cd59da05b)
09-16 21:52:18.218 12190 12190 F DEBUG   :       #27 pc 000000000088335c  /apex/com.android.art/lib64/libart.so (art::(anonymous namespace)::CheckJNI::CallBooleanMethodA(_JNIEnv*, _jobject*, _jmethodID*, jvalue const*) (.__uniq.99033978352804627313491551960229047428.llvm.10145813973330161544)+44) (BuildId: 3b4ed3e67a9a04e3a37d259cd59da05b)
09-16 21:52:18.218 12190 12190 F DEBUG   :       #28 pc 0000000000232924  /data/app/~~7lS6LvO_GjzURhXQAMFtGQ==/com.sphereon.ssi.wallet-KCIapD_nC3CzbsAM5J0AtA==/lib/arm64/libreactnativejni.so (_JNIEnv::CallBooleanMethodA(_jobject*, _jmethodID*, jvalue const*)+52) (BuildId: 56fd9883806746a3)
09-16 21:52:18.218 12190 12190 F DEBUG   :       #29 pc 00000000002319f0  /data/app/~~7lS6LvO_GjzURhXQAMFtGQ==/com.sphereon.ssi.wallet-KCIapD_nC3CzbsAM5J0AtA==/lib/arm64/libreactnativejni.so (facebook::react::MethodInvoker::invoke(std::__ndk1::weak_ptr<facebook::react::Instance>&, facebook::jni::alias_ref<facebook::jni::detail::JTypeFor<facebook::react::JBaseJavaModule, facebook::jni::JObject, void>::_javaobject*>, folly::dynamic const&)+808) (BuildId: 56fd9883806746a3)
09-16 21:52:18.218 12190 12190 F DEBUG   :       #30 pc 000000000021d820  /data/app/~~7lS6LvO_GjzURhXQAMFtGQ==/com.sphereon.ssi.wallet-KCIapD_nC3CzbsAM5J0AtA==/lib/arm64/libreactnativejni.so (facebook::react::JavaNativeModule::callSerializableNativeHook(unsigned int, folly::dynamic&&)+664) (BuildId: 56fd9883806746a3)
09-16 21:52:18.218 12190 12190 F DEBUG   :       #31 pc 00000000002c0024  /data/app/~~7lS6LvO_GjzURhXQAMFtGQ==/com.sphereon.ssi.wallet-KCIapD_nC3CzbsAM5J0AtA==/lib/arm64/libreactnativejni.so (facebook::react::ModuleRegistry::callSerializableNativeHook(unsigned int, unsigned int, folly::dynamic&&)+360) (BuildId: 56fd9883806746a3)
09-16 21:52:18.218 12190 12190 F DEBUG   :       #32 pc 00000000002cbb18  /data/app/~~7lS6LvO_GjzURhXQAMFtGQ==/com.sphereon.ssi.wallet-KCIapD_nC3CzbsAM5J0AtA==/lib/arm64/libreactnativejni.so (facebook::react::JsToNativeBridge::callSerializableNativeHook(facebook::react::JSExecutor&, unsigned int, unsigned int, folly::dynamic&&)+68) (BuildId: 56fd9883806746a3)
09-16 21:52:18.218 12190 12190 F DEBUG   :       #33 pc 000000000009d168  /data/app/~~7lS6LvO_GjzURhXQAMFtGQ==/com.sphereon.ssi.wallet-KCIapD_nC3CzbsAM5J0AtA==/lib/arm64/libhermes_executor.so (facebook::react::JSIExecutor::nativeCallSyncHook(facebook::jsi::Value const*, unsigned long)+448) (BuildId: 0e7a5f7033174116)
09-16 21:52:18.218 12190 12190 F DEBUG   :       #34 pc 000000000009122c  /data/app/~~7lS6LvO_GjzURhXQAMFtGQ==/com.sphereon.ssi.wallet-KCIapD_nC3CzbsAM5J0AtA==/lib/arm64/libhermes_executor.so (BuildId: 0e7a5f7033174116)
09-16 21:52:18.218 12190 12190 F DEBUG   :       #35 pc 000000000009117c  /data/app/~~7lS6LvO_GjzURhXQAMFtGQ==/com.sphereon.ssi.wallet-KCIapD_nC3CzbsAM5J0AtA==/lib/arm64/libhermes_executor.so (std::__ndk1::function<facebook::jsi::Value (facebook::jsi::Runtime&, facebook::jsi::Value const&, facebook::jsi::Value const*, unsigned long)>::operator()(facebook::jsi::Runtime&, facebook::jsi::Value const&, facebook::jsi::Value const*, unsigned long) const+72) (BuildId: 0e7a5f7033174116)
09-16 21:52:18.218 12190 12190 F DEBUG   :       #36 pc 0000000000091124  /data/app/~~7lS6LvO_GjzURhXQAMFtGQ==/com.sphereon.ssi.wallet-KCIapD_nC3CzbsAM5J0AtA==/lib/arm64/libhermes_executor.so (facebook::jsi::DecoratedHostFunction::operator()(facebook::jsi::Runtime&, facebook::jsi::Value const&, facebook::jsi::Value const*, unsigned long)+84) (BuildId: 0e7a5f7033174116)
09-16 21:52:18.218 12190 12190 F DEBUG   :       #37 pc 00000000000910c0  /data/app/~~7lS6LvO_GjzURhXQAMFtGQ==/com.sphereon.ssi.wallet-KCIapD_nC3CzbsAM5J0AtA==/lib/arm64/libhermes_executor.so (BuildId: 0e7a5f7033174116)
09-16 21:52:18.218 12190 12190 F DEBUG   :       #38 pc 0000000000091048  /data/app/~~7lS6LvO_GjzURhXQAMFtGQ==/com.sphereon.ssi.wallet-KCIapD_nC3CzbsAM5J0AtA==/lib/arm64/libhermes_executor.so (facebook::jsi::Value std::__ndk1::__invoke_void_return_wrapper<facebook::jsi::Value, false>::__call<facebook::jsi::DecoratedHostFunction&, facebook::jsi::Runtime&, facebook::jsi::Value const&, facebook::jsi::Value const*, unsigned long>(facebook::jsi::DecoratedHostFunction&, facebook::jsi::Runtime&, facebook::jsi::Value const&, facebook::jsi::Value const*&&, unsigned long&&)+60) (BuildId: 0e7a5f7033174116)
09-16 21:52:18.218 12190 12190 F DEBUG   :       #39 pc 0000000000090ffc  /data/app/~~7lS6LvO_GjzURhXQAMFtGQ==/com.sphereon.ssi.wallet-KCIapD_nC3CzbsAM5J0AtA==/lib/arm64/libhermes_executor.so (BuildId: 0e7a5f7033174116)
09-16 21:52:18.218 12190 12190 F DEBUG   :       #40 pc 000000000008ff40  /data/app/~~7lS6LvO_GjzURhXQAMFtGQ==/com.sphereon.ssi.wallet-KCIapD_nC3CzbsAM5J0AtA==/lib/arm64/libhermes_executor.so (std::__ndk1::__function::__func<facebook::jsi::DecoratedHostFunction, std::__ndk1::allocator<facebook::jsi::DecoratedHostFunction>, facebook::jsi::Value (facebook::jsi::Runtime&, facebook::jsi::Value const&, facebook::jsi::Value const*, unsigned long)>::operator()(facebook::jsi::Runtime&, facebook::jsi::Value const&, facebook::jsi::Value const*&&, unsigned long&&)+64) (BuildId: 0e7a5f7033174116)
09-16 21:52:18.218 12190 12190 F DEBUG   :       #41 pc 00000000000b9278  /data/app/~~7lS6LvO_GjzURhXQAMFtGQ==/com.sphereon.ssi.wallet-KCIapD_nC3CzbsAM5J0AtA==/lib/arm64/libhermes.so (BuildId: 530e7b3d63c53cf2063c289a15b267a1c8777a93)
09-16 21:52:18.218 12190 12190 F DEBUG   :       #42 pc 00000000001159e4  /data/app/~~7lS6LvO_GjzURhXQAMFtGQ==/com.sphereon.ssi.wallet-KCIapD_nC3CzbsAM5J0AtA==/lib/arm64/libhermes.so (BuildId: 530e7b3d63c53cf2063c289a15b267a1c8777a93)
09-16 21:52:18.218 12190 12190 F DEBUG   :       #43 pc 0000000000134bec  /data/app/~~7lS6LvO_GjzURhXQAMFtGQ==/com.sphereon.ssi.wallet-KCIapD_nC3CzbsAM5J0AtA==/lib/arm64/libhermes.so (BuildId: 530e7b3d63c53cf2063c289a15b267a1c8777a93)
09-16 21:52:18.218 12190 12190 F DEBUG   :       #44 pc 0000000000134120  /data/app/~~7lS6LvO_GjzURhXQAMFtGQ==/com.sphereon.ssi.wallet-KCIapD_nC3CzbsAM5J0AtA==/lib/arm64/libhermes.so (BuildId: 530e7b3d63c53cf2063c289a15b267a1c8777a93)
09-16 21:52:18.218 12190 12190 F DEBUG   :       #45 pc 000000000017577c  /data/app/~~7lS6LvO_GjzURhXQAMFtGQ==/com.sphereon.ssi.wallet-KCIapD_nC3CzbsAM5J0AtA==/lib/arm64/libhermes.so (BuildId: 530e7b3d63c53cf2063c289a15b267a1c8777a93)
09-16 21:52:18.218 12190 12190 F DEBUG   :       #46 pc 00000000000abe80  /data/app/~~7lS6LvO_GjzURhXQAMFtGQ==/com.sphereon.ssi.wallet-KCIapD_nC3CzbsAM5J0AtA==/lib/arm64/libhermes.so (BuildId: 530e7b3d63c53cf2063c289a15b267a1c8777a93)
09-16 21:52:18.218 12190 12190 F DEBUG   :       #47 pc 00000000000abcfc  /data/app/~~7lS6LvO_GjzURhXQAMFtGQ==/com.sphereon.ssi.wallet-KCIapD_nC3CzbsAM5J0AtA==/lib/arm64/libhermes.so (facebook::hermes::HermesRuntime::evaluateJavaScriptWithSourceMap(std::__ndk1::shared_ptr<facebook::jsi::Buffer const> const&, std::__ndk1::shared_ptr<facebook::jsi::Buffer const> const&, std::__ndk1::basic_string<char, std::__ndk1::char_traits<char>, std::__ndk1::allocator<char> > const&)+100) (BuildId: 530e7b3d63c53cf2063c289a15b267a1c8777a93)
09-16 21:52:18.218 12190 12190 F DEBUG   :       #48 pc 00000000000ad048  /data/app/~~7lS6LvO_GjzURhXQAMFtGQ==/com.sphereon.ssi.wallet-KCIapD_nC3CzbsAM5J0AtA==/lib/arm64/libhermes.so (BuildId: 530e7b3d63c53cf2063c289a15b267a1c8777a93)
09-16 21:52:18.218 12190 12190 F DEBUG   :       #49 pc 000000000008d414  /data/app/~~7lS6LvO_GjzURhXQAMFtGQ==/com.sphereon.ssi.wallet-KCIapD_nC3CzbsAM5J0AtA==/lib/arm64/libhermes_executor.so (facebook::jsi::RuntimeDecorator<facebook::jsi::Runtime, facebook::jsi::Runtime>::evaluateJavaScript(std::__ndk1::shared_ptr<facebook::jsi::Buffer const> const&, std::__ndk1::basic_string<char, std::__ndk1::char_traits<char>, std::__ndk1::allocator<char> > const&)+60) (BuildId: 0e7a5f7033174116)
09-16 21:52:18.218 12190 12190 F DEBUG   :       #50 pc 0000000000089df0  /data/app/~~7lS6LvO_GjzURhXQAMFtGQ==/com.sphereon.ssi.wallet-KCIapD_nC3CzbsAM5J0AtA==/lib/arm64/libhermes_executor.so (BuildId: 0e7a5f7033174116)
09-16 21:52:18.218 12190 12190 F DEBUG   :       #51 pc 000000000009adf4  /data/app/~~7lS6LvO_GjzURhXQAMFtGQ==/com.sphereon.ssi.wallet-KCIapD_nC3CzbsAM5J0AtA==/lib/arm64/libhermes_executor.so (facebook::react::JSIExecutor::loadBundle(std::__ndk1::unique_ptr<facebook::react::JSBigString const, std::__ndk1::default_delete<facebook::react::JSBigString const> >, std::__ndk1::basic_string<char, std::__ndk1::char_traits<char>, std::__ndk1::allocator<char> >)+540) (BuildId: 0e7a5f7033174116)
09-16 21:52:18.218 12190 12190 F DEBUG   :       #52 pc 00000000002cf68c  /data/app/~~7lS6LvO_GjzURhXQAMFtGQ==/com.sphereon.ssi.wallet-KCIapD_nC3CzbsAM5J0AtA==/lib/arm64/libreactnativejni.so (BuildId: 56fd9883806746a3)
09-16 21:52:18.218 12190 12190 F DEBUG   :       #53 pc 00000000002cf57c  /data/app/~~7lS6LvO_GjzURhXQAMFtGQ==/com.sphereon.ssi.wallet-KCIapD_nC3CzbsAM5J0AtA==/lib/arm64/libreactnativejni.so (BuildId: 56fd9883806746a3)
09-16 21:52:18.218 12190 12190 F DEBUG   :       #54 pc 00000000002cf528  /data/app/~~7lS6LvO_GjzURhXQAMFtGQ==/com.sphereon.ssi.wallet-KCIapD_nC3CzbsAM5J0AtA==/lib/arm64/libreactnativejni.so (BuildId: 56fd9883806746a3)
09-16 21:52:18.218 12190 12190 F DEBUG   :       #55 pc 00000000002cf4fc  /data/app/~~7lS6LvO_GjzURhXQAMFtGQ==/com.sphereon.ssi.wallet-KCIapD_nC3CzbsAM5J0AtA==/lib/arm64/libreactnativejni.so (BuildId: 56fd9883806746a3)
09-16 21:52:18.218 12190 12190 F DEBUG   :       #56 pc 00000000002ce40c  /data/app/~~7lS6LvO_GjzURhXQAMFtGQ==/com.sphereon.ssi.wallet-KCIapD_nC3CzbsAM5J0AtA==/lib/arm64/libreactnativejni.so (BuildId: 56fd9883806746a3)
09-16 21:52:18.218 12190 12190 F DEBUG   :       #57 pc 00000000002dab0c  /data/app/~~7lS6LvO_GjzURhXQAMFtGQ==/com.sphereon.ssi.wallet-KCIapD_nC3CzbsAM5J0AtA==/lib/arm64/libreactnativejni.so (BuildId: 56fd9883806746a3)
09-16 21:52:18.218 12190 12190 F DEBUG   :       #58 pc 00000000002daa70  /data/app/~~7lS6LvO_GjzURhXQAMFtGQ==/com.sphereon.ssi.wallet-KCIapD_nC3CzbsAM5J0AtA==/lib/arm64/libreactnativejni.so (std::__ndk1::function<void (facebook::react::JSExecutor*)>::operator()(facebook::react::JSExecutor*) const+44) (BuildId: 56fd9883806746a3)
09-16 21:52:18.218 12190 12190 F DEBUG   :       #59 pc 00000000002daa30  /data/app/~~7lS6LvO_GjzURhXQAMFtGQ==/com.sphereon.ssi.wallet-KCIapD_nC3CzbsAM5J0AtA==/lib/arm64/libreactnativejni.so (BuildId: 56fd9883806746a3)
09-16 21:52:18.218 12190 12190 F DEBUG   :       #60 pc 00000000002da9c8  /data/app/~~7lS6LvO_GjzURhXQAMFtGQ==/com.sphereon.ssi.wallet-KCIapD_nC3CzbsAM5J0AtA==/lib/arm64/libreactnativejni.so (BuildId: 56fd9883806746a3)
09-16 21:52:18.218 12190 12190 F DEBUG   :       #61 pc 00000000002da980  /data/app/~~7lS6LvO_GjzURhXQAMFtGQ==/com.sphereon.ssi.wallet-KCIapD_nC3CzbsAM5J0AtA==/lib/arm64/libreactnativejni.so (BuildId: 56fd9883806746a3)
09-16 21:52:18.218 12190 12190 F DEBUG   :       #62 pc 00000000002da95c  /data/app/~~7lS6LvO_GjzURhXQAMFtGQ==/com.sphereon.ssi.wallet-KCIapD_nC3CzbsAM5J0AtA==/lib/arm64/libreactnativejni.so (BuildId: 56fd9883806746a3)
09-16 21:52:18.218 12190 12190 F DEBUG   :       #63 pc 00000000002d984c  /data/app/~~7lS6LvO_GjzURhXQAMFtGQ==/com.sphereon.ssi.wallet-KCIapD_nC3CzbsAM5J0AtA==/lib/arm64/libreactnativejni.so (BuildId: 56fd9883806746a3)
09-16 21:52:18.218 12190 12190 F DEBUG   :       #64 pc 00000000000837b4  /data/app/~~7lS6LvO_GjzURhXQAMFtGQ==/com.sphereon.ssi.wallet-KCIapD_nC3CzbsAM5J0AtA==/lib/arm64/libhermes_executor.so (BuildId: 0e7a5f7033174116)
09-16 21:52:18.218 12190 12190 F DEBUG   :       #65 pc 0000000000083764  /data/app/~~7lS6LvO_GjzURhXQAMFtGQ==/com.sphereon.ssi.wallet-KCIapD_nC3CzbsAM5J0AtA==/lib/arm64/libhermes_executor.so (std::__ndk1::function<void ()>::operator()() const+20) (BuildId: 0e7a5f7033174116)
09-16 21:52:18.218 12190 12190 F DEBUG   :       #66 pc 0000000000211c94  /data/app/~~7lS6LvO_GjzURhXQAMFtGQ==/com.sphereon.ssi.wallet-KCIapD_nC3CzbsAM5J0AtA==/lib/arm64/libreactnativejni.so (BuildId: 56fd9883806746a3)
09-16 21:52:18.218 12190 12190 F DEBUG   :       #67 pc 0000000000211c2c  /data/app/~~7lS6LvO_GjzURhXQAMFtGQ==/com.sphereon.ssi.wallet-KCIapD_nC3CzbsAM5J0AtA==/lib/arm64/libreactnativejni.so (BuildId: 56fd9883806746a3)
09-16 21:52:18.218 12190 12190 F DEBUG   :       #68 pc 0000000000211be4  /data/app/~~7lS6LvO_GjzURhXQAMFtGQ==/com.sphereon.ssi.wallet-KCIapD_nC3CzbsAM5J0AtA==/lib/arm64/libreactnativejni.so (BuildId: 56fd9883806746a3)
09-16 21:52:18.218 12190 12190 F DEBUG   :       #69 pc 0000000000211bc0  /data/app/~~7lS6LvO_GjzURhXQAMFtGQ==/com.sphereon.ssi.wallet-KCIapD_nC3CzbsAM5J0AtA==/lib/arm64/libreactnativejni.so (BuildId: 56fd9883806746a3)
09-16 21:52:18.218 12190 12190 F DEBUG   :       #70 pc 0000000000210b78  /data/app/~~7lS6LvO_GjzURhXQAMFtGQ==/com.sphereon.ssi.wallet-KCIapD_nC3CzbsAM5J0AtA==/lib/arm64/libreactnativejni.so (BuildId: 56fd9883806746a3)
09-16 21:52:18.218 12190 12190 F DEBUG   :       #71 pc 0000000000019804  /data/app/~~7lS6LvO_GjzURhXQAMFtGQ==/com.sphereon.ssi.wallet-KCIapD_nC3CzbsAM5J0AtA==/lib/arm64/libfbjni.so (facebook::jni::detail::MethodWrapper<void (facebook::jni::JNativeRunnable::*)(), &(facebook::jni::JNativeRunnable::run()), facebook::jni::JNativeRunnable, void>::dispatch(facebook::jni::alias_ref<facebook::jni::detail::JTypeFor<facebook::jni::HybridClass<facebook::jni::JNativeRunnable, facebook::jni::JRunnable>::JavaPart, facebook::jni::JRunnable, void>::_javaobject*>)+72) (BuildId: a22242831a7971267de570e06121acb588ce64cd)
09-16 21:52:18.218 12190 12190 F DEBUG   :       #72 pc 0000000000019744  /data/app/~~7lS6LvO_GjzURhXQAMFtGQ==/com.sphereon.ssi.wallet-KCIapD_nC3CzbsAM5J0AtA==/lib/arm64/libfbjni.so (facebook::jni::detail::FunctionWrapper<void (*)(facebook::jni::alias_ref<facebook::jni::detail::JTypeFor<facebook::jni::HybridClass<facebook::jni::JNativeRunnable, facebook::jni::JRunnable>::JavaPart, facebook::jni::JRunnable, void>::_javaobject*>), facebook::jni::detail::JTypeFor<facebook::jni::HybridClass<facebook::jni::JNativeRunnable, facebook::jni::JRunnable>::JavaPart, facebook::jni::JRunnable, void>::_javaobject*, void>::call(_JNIEnv*, _jobject*, void (*)(facebook::jni::alias_ref<facebook::jni::detail::JTypeFor<facebook::jni::HybridClass<facebook::jni::JNativeRunnable, facebook::jni::JRunnable>::JavaPart, facebook::jni::JRunnable, void>::_javaobject*>))+60) (BuildId: a22242831a7971267de570e06121acb588ce64cd)
09-16 21:52:18.218 12190 12190 F DEBUG   :       #73 pc 0000000000378f70  /apex/com.android.art/lib64/libart.so (art_quick_generic_jni_trampoline+144) (BuildId: 3b4ed3e67a9a04e3a37d259cd59da05b)
09-16 21:52:18.219 12190 12190 F DEBUG   :       #74 pc 00000000022ff4a4  /memfd:jit-cache (deleted) (offset 0x2000000) (android.os.Handler.handleCallback+132)
09-16 21:52:18.219 12190 12190 F DEBUG   :       #75 pc 000000000207a560  /memfd:jit-cache (deleted) (offset 0x2000000) (android.os.Handler.dispatchMessage+128)
09-16 21:52:18.219 12190 12190 F DEBUG   :       #76 pc 0000000000362774  /apex/com.android.art/lib64/libart.so (art_quick_invoke_stub+612) (BuildId: 3b4ed3e67a9a04e3a37d259cd59da05b)
09-16 21:52:18.219 12190 12190 F DEBUG   :       #77 pc 000000000035bd1c  /apex/com.android.art/lib64/libart.so (bool art::interpreter::DoCall<false>(art::ArtMethod*, art::Thread*, art::ShadowFrame&, art::Instruction const*, unsigned short, bool, art::JValue*)+1928) (BuildId: 3b4ed3e67a9a04e3a37d259cd59da05b)
09-16 21:52:18.219 12190 12190 F DEBUG   :       #78 pc 000000000076dec0  /apex/com.android.art/lib64/libart.so (void art::interpreter::ExecuteSwitchImplCpp<false>(art::interpreter::SwitchImplContext*)+12208) (BuildId: 3b4ed3e67a9a04e3a37d259cd59da05b)
09-16 21:52:18.219 12190 12190 F DEBUG   :       #79 pc 000000000037b5d8  /apex/com.android.art/lib64/libart.so (ExecuteSwitchImplAsm+8) (BuildId: 3b4ed3e67a9a04e3a37d259cd59da05b)
09-16 21:52:18.219 12190 12190 F DEBUG   :       #80 pc 000000000017b5d8  /data/app/~~7lS6LvO_GjzURhXQAMFtGQ==/com.sphereon.ssi.wallet-KCIapD_nC3CzbsAM5J0AtA==/base.apk (com.facebook.react.bridge.queue.MessageQueueThreadHandler.dispatchMessage+0)
09-16 21:52:18.219 12190 12190 F DEBUG   :       #81 pc 000000000034d5a8  /apex/com.android.art/lib64/libart.so (artQuickToInterpreterBridge+1932) (BuildId: 3b4ed3e67a9a04e3a37d259cd59da05b)
09-16 21:52:18.219 12190 12190 F DEBUG   :       #82 pc 0000000000379098  /apex/com.android.art/lib64/libart.so (art_quick_to_interpreter_bridge+88) (BuildId: 3b4ed3e67a9a04e3a37d259cd59da05b)
09-16 21:52:18.219 12190 12190 F DEBUG   :       #83 pc 0000000002078b8c  /memfd:jit-cache (deleted) (offset 0x2000000) (android.os.Looper.loopOnce+1852)
09-16 21:52:18.219 12190 12190 F DEBUG   :       #84 pc 0000000002077c18  /memfd:jit-cache (deleted) (offset 0x2000000) (android.os.Looper.loop+552)
09-16 21:52:18.219 12190 12190 F DEBUG   :       #85 pc 0000000000362a40  /apex/com.android.art/lib64/libart.so (art_quick_invoke_static_stub+640) (BuildId: 3b4ed3e67a9a04e3a37d259cd59da05b)
09-16 21:52:18.219 12190 12190 F DEBUG   :       #86 pc 000000000035bd94  /apex/com.android.art/lib64/libart.so (bool art::interpreter::DoCall<false>(art::ArtMethod*, art::Thread*, art::ShadowFrame&, art::Instruction const*, unsigned short, bool, art::JValue*)+2048) (BuildId: 3b4ed3e67a9a04e3a37d259cd59da05b)
09-16 21:52:18.219 12190 12190 F DEBUG   :       #87 pc 000000000076dec0  /apex/com.android.art/lib64/libart.so (void art::interpreter::ExecuteSwitchImplCpp<false>(art::interpreter::SwitchImplContext*)+12208) (BuildId: 3b4ed3e67a9a04e3a37d259cd59da05b)
09-16 21:52:18.219 12190 12190 F DEBUG   :       #88 pc 000000000037b5d8  /apex/com.android.art/lib64/libart.so (ExecuteSwitchImplAsm+8) (BuildId: 3b4ed3e67a9a04e3a37d259cd59da05b)
09-16 21:52:18.219 12190 12190 F DEBUG   :       #89 pc 000000000017b71c  /data/app/~~7lS6LvO_GjzURhXQAMFtGQ==/com.sphereon.ssi.wallet-KCIapD_nC3CzbsAM5J0AtA==/base.apk (com.facebook.react.bridge.queue.MessageQueueThreadImpl$4.run+0)
09-16 21:52:18.219 12190 12190 F DEBUG   :       #90 pc 000000000034d5a8  /apex/com.android.art/lib64/libart.so (artQuickToInterpreterBridge+1932) (BuildId: 3b4ed3e67a9a04e3a37d259cd59da05b)
09-16 21:52:18.219 12190 12190 F DEBUG   :       #91 pc 0000000000379098  /apex/com.android.art/lib64/libart.so (art_quick_to_interpreter_bridge+88) (BuildId: 3b4ed3e67a9a04e3a37d259cd59da05b)
09-16 21:52:18.219 12190 12190 F DEBUG   :       #92 pc 0000000002046338  /memfd:jit-cache (deleted) (offset 0x2000000) (java.lang.Thread.run+136)
09-16 21:52:18.219 12190 12190 F DEBUG   :       #93 pc 0000000000362774  /apex/com.android.art/lib64/libart.so (art_quick_invoke_stub+612) (BuildId: 3b4ed3e67a9a04e3a37d259cd59da05b)
09-16 21:52:18.219 12190 12190 F DEBUG   :       #94 pc 000000000034def0  /apex/com.android.art/lib64/libart.so (art::ArtMethod::Invoke(art::Thread*, unsigned int*, unsigned int, art::JValue*, char const*)+132) (BuildId: 3b4ed3e67a9a04e3a37d259cd59da05b)
09-16 21:52:18.219 12190 12190 F DEBUG   :       #95 pc 0000000000943da8  /apex/com.android.art/lib64/libart.so (_ZN3art9ArtMethod14InvokeInstanceILc86ETpTncJEEENS_6detail12ShortyTraitsIXT_EE4TypeEPNS_6ThreadENS_6ObjPtrINS_6mirror6ObjectEEEDpNS3_IXT0_EE4TypeE+60) (BuildId: 3b4ed3e67a9a04e3a37d259cd59da05b)
09-16 21:52:18.219 12190 12190 F DEBUG   :       #96 pc 000000000063eb64  /apex/com.android.art/lib64/libart.so (art::Thread::CreateCallback(void*)+1344) (BuildId: 3b4ed3e67a9a04e3a37d259cd59da05b)
09-16 21:52:18.219 12190 12190 F DEBUG   :       #97 pc 000000000063e614  /apex/com.android.art/lib64/libart.so (art::Thread::CreateCallbackWithUffdGc(void*)+8) (BuildId: 3b4ed3e67a9a04e3a37d259cd59da05b)
09-16 21:52:18.219 12190 12190 F DEBUG   :       #98 pc 00000000000c9ccc  /apex/com.android.runtime/lib64/bionic/libc.so (__pthread_start(void*)+204) (BuildId: 36981a72e1a4d89529babdea15a31f83)
09-16 21:52:18.219 12190 12190 F DEBUG   :       #99 pc 000000000005db00  /apex/com.android.runtime/lib64/bionic/libc.so (__start_thread+64) (BuildId: 36981a72e1a4d89529babdea15a31f83)
09-16 21:52:18.243  1981 12194 I DropBoxManagerService: add tag=data_app_native_crash isTagEnabled=true flags=0x6
09-16 21:52:18.244  1981 12193 W ActivityTaskManager:   Force finishing activity com.sphereon.ssi.wallet/.MainActivity
09-16 21:52:18.245  2559  2619 V WindowManagerShell: Transition requested: android.os.BinderProxy@6357a82 TransitionRequestInfo { type = 2, triggerTask = null, remoteTransition = null, displayChange = null, flags = 16 }
09-16 21:52:18.250  1981 12193 D PowerManagerService: nativeAcquireSuspendBlocker name:PowerManagerService.WakeLocks duration ms: 1
09-16 21:52:18.254  1981  2029 I ActivityManager: 10503 handleShowAppErrorUi: shouldThottle=false,showFirstCrash=false,repeating=false,shouldForceShowError=false
09-16 21:52:18.257  1981  2029 E ApplicationHelper: Fail to get PackageManager
09-16 21:52:18.264  1981  2291 I BootReceiver: Copying /data/tombstones/tombstone_31 to DropBox (SYSTEM_TOMBSTONE)
09-16 21:52:18.264  1981  2291 I DropBoxManagerService: add tag=SYSTEM_TOMBSTONE isTagEnabled=true flags=0x6
09-16 21:52:18.291  1981  2291 I DropBoxManagerService: add tag=SYSTEM_TOMBSTONE_PROTO_WITH_HEADERS isTagEnabled=true flags=0x4
09-16 21:52:18.309  1981  2031 I DisplayDeviceRepository: Display device changed: DisplayDeviceInfo{"Built-in Screen": uniqueId="local:0", 1080 x 2400, modeId 1, renderFrameRate 120.00001, defaultModeId 1, supportedModes [{id=1, width=1080, height=2400, fps=120.00001, alternativeRefreshRates=[60.0, 90.0, 144.00002], supportedHdrTypes=[2, 3, 4]}, {id=2, width=1080, height=2400, fps=144.00002, alternativeRefreshRates=[60.0, 90.0, 120.00001], supportedHdrTypes=[2, 3, 4]}, {id=3, width=1080, height=2400, fps=90.0, alternativeRefreshRates=[60.0, 120.00001, 144.00002], supportedHdrTypes=[2, 3, 4]}, {id=4, width=1080, height=2400, fps=60.0, alternativeRefreshRates=[90.0, 120.00001, 144.00002], supportedHdrTypes=[2, 3, 4]}], supportedReadyForModes [], colorMode 0, supportedColorModes [0, 7, 9], hdrCapabilities HdrCapabilities{mSupportedHdrTypes=[2, 3, 4], mMaxLuminance=500.0, mMaxAverageLuminance=500.0, mMinLuminance=0.0}, allmSupported false, gameContentTypeSupported false, density 400, 401.898 x 401.898 dpi, appVsyncOff -6944444, presDeadline 18388889, cutout DisplayCutout{insets=Rect(0, 105 - 0, 0) waterfall=Insets{left=0, top=0, right=0, bottom=0} boundingRect={Bounds=[Rect(0, 0 - 0, 0), Rect(505, 0 - 575, 105), Rect(0, 0 - 0, 0), Rect(0, 0 - 0, 0)]} cutoutPathParserInfo={CutoutPathParserInfo{displayWidth=1080 displayHeight=2400 physicalDisplayWidth=1080 physicalDisplayHeight=2400 density={2.5} cutoutSpec={M -35,0 L 35,0 L 35,105 L -35,105 Z} rotation={0} scale={1.0} physicalPixelDisplaySizeRatio={1.0}}}}, touch INTERNAL, rotation 0, type INTERNAL, address {port=0}, deviceProductInfo null, state ON, committedState ON, frameRateOverride , brightnessMinimum 0.0, brightnessMaximum 1.0, brightnessDefault 0.38188976, hdrSdrRatio 1.0, roundedCorners RoundedCorners{[RoundedCorner{position=TopLeft, radius=100, center=Point(100, 100)}, RoundedCorner{position=TopRight, radius=100, center=Point(980, 100)}, RoundedCorner{position=BottomRight, radius=100, center=Point(980, 2300)}, RoundedCorner{position=BottomLeft, radius=100, center=Point(100, 2300)}]}, FLAG_ALLOWED_TO_BE_DEFAULT_DISPLAY, FLAG_ROTATES_WITH_CONTENT, FLAG_SECURE, FLAG_SUPPORTS_PROTECTED_BUFFERS, FLAG_TRUSTED, installOrientation 0, displayShape DisplayShape{ spec=-1893857183 displayWidth=1080 displayHeight=2400 physicalPixelDisplaySizeRatio=1.0 rotation=0 offsetX=0 offsetY=0 scale=1.0}}
09-16 21:52:18.309  1981  3758 I ActivityManager: appDiedLocked: app=ProcessRecord{35b7337 11943:com.sphereon.ssi.wallet/u0a503} thread=android.os.BinderProxy@5e881dc fromBinderDied=true isKilledByAm=false reason=null
09-16 21:52:18.310  1981  3758 I ActivityManager: Process com.sphereon.ssi.wallet (pid 11943) has died: fg  TOP 
09-16 21:52:18.310  1981  2957 I WindowManager: WIN DEATH: Window{f5626f7 u0 com.sphereon.ssi.wallet/com.sphereon.ssi.wallet.MainActivity}
09-16 21:52:18.314  1981  3758 D RestartModeController: markWaitRestartAppIsSuicided null processName=com.sphereon.ssi.wallet
09-16 21:52:18.321  1981  2029 D DisplayManagerService: Drop pending events for gone uid 10503
09-16 21:52:18.323  1981  3758 D ActivityTaskManager: handleAppDied: uid=10503,diedCount=0,lastDiedTime=0,forceStopUids=false
09-16 21:52:18.332  1981  2029 E ApplicationHelper: Fail to get PackageManager
09-16 21:52:18.332  1981  2029 E ApplicationHelper: Fail to get PackageManager
09-16 21:52:18.332  1981  2029 E ApplicationHelper: Fail to get PackageManager
09-16 21:52:18.332  1981  2029 E ApplicationHelper: Fail to get PackageManager
09-16 21:52:18.332  1981  2029 E ApplicationHelper: Fail to get PackageManager
09-16 21:52:18.332  1981  2029 E ApplicationHelper: Fail to get PackageManager
09-16 21:52:18.333  1981  2029 E MBrainLocalService: MBrainJava launch failed: SecurityException
09-16 21:52:18.333  1981  2029 D MBrainLocalService: isVendorFreezeConditionPass is false
09-16 21:52:18.333  1981  2029 E MBrainLocalService: notifyAppSwitch failed
09-16 21:52:18.334  1981  2029 E ApplicationHelper: Fail to get PackageManager
09-16 21:52:18.334  1981  2029 E ApplicationHelper: Fail to get PackageManager
09-16 21:52:18.334  1981  2029 E ApplicationHelper: Fail to get PackageManager
09-16 21:52:18.334  1981  2029 E ApplicationHelper: Fail to get PackageManager
09-16 21:52:18.334  1981  2029 E ApplicationHelper: Fail to get PackageManager
09-16 21:52:18.334  1981  2029 E ApplicationHelper: Fail to get PackageManager
09-16 21:52:18.334  1981  2029 E ApplicationHelper: Fail to get PackageManager
09-16 21:52:18.336  1981  2029 E ApplicationHelper: Fail to get PackageManager
09-16 21:52:18.338  1981  2029 E ApplicationHelper: Fail to get PackageManager
09-16 21:52:18.338  1981  2029 E ApplicationHelper: Fail to get PackageManager
09-16 21:52:18.338  1981  2029 E ApplicationHelper: Fail to get PackageManager
09-16 21:52:18.347  1981  2029 E ApplicationHelper: Fail to get PackageManager
09-16 21:52:18.347  1981  2029 E ApplicationHelper: Fail to get PackageManager
09-16 21:52:18.347  1981  2029 E ApplicationHelper: Fail to get PackageManager
09-16 21:52:18.347  1981  2029 E ApplicationHelper: Fail to get PackageManager
09-16 21:52:18.347  1981  2029 E ApplicationHelper: Fail to get PackageManager
09-16 21:52:18.358  1981  2032 W ActivityManager: pid 1981 system sent binder code 3 with flags 1 to frozen apps and got error -32
09-16 21:52:18.359  1981  2032 W WindowManager: Failed to deliver inset control state change to w=Window{f5626f7 u0 com.sphereon.ssi.wallet/com.sphereon.ssi.wallet.MainActivity EXITING}
09-16 21:52:18.359  1981  2032 W WindowManager: android.os.DeadObjectException
09-16 21:52:18.359  1981  2032 W WindowManager: 	at android.os.BinderProxy.transactNative(Native Method)
09-16 21:52:18.359  1981  2032 W WindowManager: 	at android.os.BinderProxy.transact(BinderProxy.java:586)
09-16 21:52:18.359  1981  2032 W WindowManager: 	at android.view.IWindow$Stub$Proxy.insetsControlChanged(IWindow.java:479)
09-16 21:52:18.359  1981  2032 W WindowManager: 	at com.android.server.wm.WindowState.notifyInsetsControlChanged(WindowState.java:4073)
09-16 21:52:18.359  1981  2032 W WindowManager: 	at com.android.server.wm.InsetsStateController.lambda$notifyPendingInsetsControlChanged$3(InsetsStateController.java:351)
09-16 21:52:18.359  1981  2032 W WindowManager: 	at com.android.server.wm.InsetsStateController.$r8$lambda$8yykPRG1GyNq_J17QvL9d5xANMc(InsetsStateController.java:0)
09-16 21:52:18.359  1981  2032 W WindowManager: 	at com.android.server.wm.InsetsStateController$$ExternalSyntheticLambda2.run(R8$$SyntheticClass:0)
09-16 21:52:18.359  1981  2032 W WindowManager: 	at com.android.server.wm.WindowAnimator.executeAfterPrepareSurfacesRunnables(WindowAnimator.java:294)
09-16 21:52:18.359  1981  2032 W WindowManager: 	at com.android.server.wm.WindowAnimator.animate(WindowAnimator.java:202)
09-16 21:52:18.359  1981  2032 W WindowManager: 	at com.android.server.wm.WindowAnimator.lambda$new$1(WindowAnimator.java:99)
09-16 21:52:18.359  1981  2032 W WindowManager: 	at com.android.server.wm.WindowAnimator.$r8$lambda$aHNu1uhcqxihX5NZc4McDDQPAyw(WindowAnimator.java:0)
09-16 21:52:18.359  1981  2032 W WindowManager: 	at com.android.server.wm.WindowAnimator$$ExternalSyntheticLambda1.doFrame(R8$$SyntheticClass:0)
09-16 21:52:18.359  1981  2032 W WindowManager: 	at android.view.Choreographer$CallbackRecord.run(Choreographer.java:1341)
09-16 21:52:18.359  1981  2032 W WindowManager: 	at android.view.Choreographer$CallbackRecord.run(Choreographer.java:1352)
09-16 21:52:18.359  1981  2032 W WindowManager: 	at android.view.Choreographer.doCallbacks(Choreographer.java:952)
09-16 21:52:18.359  1981  2032 W WindowManager: 	at android.view.Choreographer.doFrame(Choreographer.java:878)
09-16 21:52:18.359  1981  2032 W WindowManager: 	at android.view.Choreographer$FrameDisplayEventReceiver.run(Choreographer.java:1326)
09-16 21:52:18.359  1981  2032 W WindowManager: 	at android.os.Handler.handleCallback(Handler.java:1000)
09-16 21:52:18.359  1981  2032 W WindowManager: 	at android.os.Handler.dispatchMessage(Handler.java:104)
09-16 21:52:18.359  1981  2032 W WindowManager: 	at android.os.Looper.loopOnce(Looper.java:242)
09-16 21:52:18.359  1981  2032 W WindowManager: 	at android.os.Looper.loop(Looper.java:362)
