08-05 16:55:35.062  2448  2448 D VRI[StatusBar]:         InsetsFrameProvider: {id=#f8da0005, index=0, type=mandatorySystemGestures, source=FRAME, flags=[], insetsSize=Insets{left=0, top=60, right=0, bottom=0}, mMinimalInsetsSizeInDisplayCutoutSafe=Insets{left=0, top=30, right=0, bottom=0}}}} by setLayoutParams
08-05 16:55:35.067  1482 22918 W FrameInfoMgr: [getHistoryInfoBase] [idx(0)] steps(1) from red_id(fff12345) is OUT OF BOUNDS!
08-05 16:55:35.068  1482 22918 W FrameInfoMgr: [getHistoryInfoBase] [idx(0)] steps(1) from red_id(fff12345) is OUT OF BOUNDS!
08-05 16:55:35.068  1482 23031 D MtkCam/ATMsEventMgr: [HIDL]get factor(APP_NAME), factor_value(3rd_party)
08-05 16:55:35.068  1482 23031 E ae_mgr_v4l2: [0][setAEMeteringTable] AAO is null, skip. (setAEMeteringTable){#2931:vendor/mediatek/proprietary/hardware/mtkcam-core/aaa/common/ae_mgr/ae_mgr_ctrl.cpp}
08-05 16:55:35.068  1482 23034 D AfAssistUtils: [MTK][AOSP][DMABuf]ION fd -1  IONType 3(1:MTK,2:AOSP,3:DMABuf)  HeapId 0
08-05 16:55:35.068  1482 23034 I DMABUFHEAPS: Using DMA-BUF heap named: mtk_mm
08-05 16:55:35.069  1482 23031 W ISP3ADataPool: [getData] id(#0xfff12345) not matched, get latest data_isp !
08-05 16:55:35.069  1197  2809 E BufferQueueDebug: [Surface(name=cb202f7 StatusBar)/@0xbece0ce - animation-leash of insets_animation#145271](this:0xb4000074a19d22f8,id:-1,api:0,p:-1,c:-1) id info cannot be read from 'Surface(name=cb202f7 StatusBar)/@0xbece0ce - animation-leash of insets_animation#145271'
08-05 16:55:35.070  1197  2809 I BufferQueueDebug: [Surface(name=cb202f7 StatusBar)/@0xbece0ce - animation-leash of insets_animation#145271](this:0xb4000074a19d22f8,id:-1,api:0,p:-1,c:-1) BufferQueue core=(1197:/system/bin/surfaceflinger)
08-05 16:55:35.070  1482 27127 I HfLooper: LIGHT_SENSOR lux = 47.000000, timestamp = 1923758452526319 
08-05 16:55:35.070  1065  1125 I HfLooper: LIGHT_SENSOR lux = 47.000000, timestamp = 1923758452526319 
08-05 16:55:35.070  1482 23031 W ISP3ADataPool: [getData] id(#0xfff12345) not matched, get latest data_isp !
08-05 16:55:35.070  1482 23031 E MgrOutputCtrl: [Read][LSC] Cannot find specified id(#0xfffffffcffffffff) ! (PrintLogE){#49:vendor/mediatek/proprietary/hardware/mtkcam-core/aaa/common/mgr_3a_adapter/MgrOutputCtrl.cpp}
08-05 16:55:35.071  1482 23041 I DMABUFHEAPS: Using DMA-BUF heap named: mtk_mm-uncached
08-05 16:55:35.072  1482 23031 D MtkCam/ATMsEventMgr: [HIDL]get factor(APP_NAME), factor_value(3rd_party)
08-05 16:55:35.073  1482 23040 W RequestRegulator: [doHintEnQ] Enque diff(2) > 1, SOF(142469/142469) ready(1) id(fffffffb00000000) req_set(2) try_alt(1)! return
08-05 16:55:35.084  1197  1197 I BufferQueueProducer: [StatusBar#83](this:0xb4000074a19b5b58,id:-1,api:0,p:-1,c:1197) queueBuffer: fps=0.03 dur=35001.32 max=35001.32 min=35001.32
08-05 16:55:35.087  1197  1197 D CompositionEngine: Layer: com.sphereon.ssi.wallet/com.sphereon.ssi.wallet.MainActivity#145205 had an out of bounds transparent region
08-05 16:55:35.087  1197  1197 D Region  :   Region transparentRegionHint (this=0xb40000747192f950, count=4)
08-05 16:55:35.087  1197  1197 D Region  :     [-266,   0, -10,  30]
08-05 16:55:35.087  1197  1197 D Region  :     [1090,   0, 1334,  30]
08-05 16:55:35.087  1197  1197 D Region  :     [-266,  30,   0, 1200]
08-05 16:55:35.087  1197  1197 D Region  :     [1080,  30, 1334, 1200]
08-05 16:55:35.087  1061  2226 I hwcomposer: [HWCDisplay] [Display_0 (type:1)] fps:63.175919,dur:1092.19,max:125.97,min:5.65  
08-05 16:55:35.093  1482 23032 D MtkCam/ATMsEventMgr: [HIDL]get factor(APP_NAME), factor_value(3rd_party)
08-05 16:55:35.094  1482 23040 I FrameInfoMgr: [updateLatestDueSetting] [idx(0)] First time to update latest due setting frame
08-05 16:55:35.100  1197  1197 I BufferQueueDebug: [Surface(name=cb202f7 StatusBar)/@0xbece0ce - animation-leash of insets_animation#145263](this:0xb4000074a1a7a328,id:-1,api:0,p:-1,c:1197) onDestructor()
08-05 16:55:35.101  1482 22918 W FrameInfoMgr: [getHistoryInfoBase] [idx(0)] steps(1) from red_id(fff12345) is OUT OF BOUNDS!
08-05 16:55:35.101  1482 23031 D MtkCam/ATMsEventMgr: [HIDL]get factor(APP_NAME), factor_value(3rd_party)
08-05 16:55:35.102  1482 23031 W ISP3ADataPool: [getData] id(#0xfff12345) not matched, get latest data_isp !
08-05 16:55:35.102  1482 23031 W ISP3ADataPool: [getData] id(#0xfff12345) not matched, get latest data_isp !
08-05 16:55:35.103  1482 23031 D MtkCam/ATMsEventMgr: [HIDL]get factor(APP_NAME), factor_value(3rd_party)
08-05 16:55:35.104  1482 23040 W RequestRegulator: [doHintEnQ] IsSofEnqued, SOF(142470/142470) ready(1) id(22c8500000001) req_set(1) try_alt(1) return
08-05 16:55:35.104  1197  1197 D CompositionEngine: Layer: com.sphereon.ssi.wallet/com.sphereon.ssi.wallet.MainActivity#145205 had an out of bounds transparent region
08-05 16:55:35.104  1197  1197 D Region  :   Region transparentRegionHint (this=0xb40000747192f950, count=4)
08-05 16:55:35.104  1197  1197 D Region  :     [-266,   0, -10,  30]
08-05 16:55:35.104  1197  1197 D Region  :     [1090,   0, 1334,  30]
08-05 16:55:35.104  1197  1197 D Region  :     [-266,  30,   0, 1200]
08-05 16:55:35.104  1197  1197 D Region  :     [1080,  30, 1334, 1200]
08-05 16:55:35.111  1482 30461 D mtkcam_hal_android.device: [capture intent: 1] +  ULog#3574
08-05 16:55:35.111  1482 30461 D mtkcam_hal_android.device: [capture intent: 1] -  ULog#3575
08-05 16:55:35.112  1482 30461 D MtkCam/ATMsEventMgr: [HIDL]get factor(APP_NAME), factor_value(3rd_party)
08-05 16:55:35.119  1771  1771 W AccessibilityManagerService:  wait for adding window timeout: 11883
08-05 16:55:35.126  1482 23032 D MtkCam/ATMsEventMgr: [HIDL]get factor(APP_NAME), factor_value(3rd_party)
08-05 16:55:35.134  1482 22918 W FrameInfoMgr: [getHistoryInfoBase] [idx(0)] steps(1) from red_id(fff12345) is OUT OF BOUNDS!
08-05 16:55:35.134  1482 23031 D MtkCam/ATMsEventMgr: [HIDL]get factor(APP_NAME), factor_value(3rd_party)
08-05 16:55:35.136  1482 23031 W ISP3ADataPool: [getData] id(#0xfff12345) not matched, get latest data_isp !
08-05 16:55:35.136  1482 23031 W ISP3ADataPool: [getData] id(#0xfff12345) not matched, get latest data_isp !
08-05 16:55:35.136  1482 23031 D MtkCam/ATMsEventMgr: [HIDL]get factor(APP_NAME), factor_value(3rd_party)
08-05 16:55:35.137  1482 23040 W RequestRegulator: [doHintEnQ] IsSofEnqued, SOF(142472/142472) ready(1) id(22c8800000002) req_set(1) try_alt(1) return
08-05 16:55:35.145  1482 30460 D MtkCam/ATMsEventMgr: [HIDL]get factor(APP_NAME), factor_value(3rd_party)
08-05 16:55:35.160  1482 23032 D MtkCam/ATMsEventMgr: [HIDL]get factor(APP_NAME), factor_value(3rd_party)
08-05 16:55:35.168  1482 23031 D MtkCam/ATMsEventMgr: [HIDL]get factor(APP_NAME), factor_value(3rd_party)
08-05 16:55:35.170  1482 22921 W MtkCam/fdNodeImp: [onProcessFrame] when frameNo < 5, bypass run FD
08-05 16:55:35.170  1482 22921 W MtkCam/fdNodeImp: [operator()] Cannot get first detection result, set face num to 0...
08-05 16:55:35.170  1482 22921 W MtkCbAdptor: [0-CoreConverter::convertResult] failed to setEntry, MTK_HALCORE_CALLBACK_REALTIME_MODE
08-05 16:55:35.171  1482 23031 D MtkCam/ATMsEventMgr: [HIDL]get factor(APP_NAME), factor_value(3rd_party)
08-05 16:55:35.171  1482 22973 I MtkCam/P2G/P2GMgr: [updateFrameSetting]sfpA: Enter Reset! TNR: #(0) reset(0) size change(1) sID(-1->0) resetME(1)
08-05 16:55:35.171  1482 23040 W RequestRegulator: [doHintEnQ] IsSofEnqued, SOF(142474/142474) ready(1) id(22c8a00000003) req_set(1) try_alt(1) return
08-05 16:55:35.173  1771  1771 W AccessibilityManagerService:  wait for adding window timeout: 11883
08-05 16:55:35.179  1482  5970 D MtkCam/ATMsEventMgr: [HIDL]get factor(APP_NAME), factor_value(3rd_party)
08-05 16:55:35.193  1482 23032 D MtkCam/ATMsEventMgr: [HIDL]get factor(APP_NAME), factor_value(3rd_party)
08-05 16:55:35.193  1482 23032 W af_mgr  : [0][MGR] getLensState Phone Moving while TRACKING, ForceCapture: LensState = 0
08-05 16:55:35.194  1482 22963 W MtkCam/StreamingPipe/G_DIPNode: [onImgStreamBaseCB]KpiTag: enque first frame.
08-05 16:55:35.196  1482 22980 D MtkCam/ATMsEventMgr: [HIDL]get factor(APP_NAME), factor_value(3rd_party)
08-05 16:55:35.201  1482 23031 D MtkCam/ATMsEventMgr: [HIDL]get factor(APP_NAME), factor_value(3rd_party)
08-05 16:55:35.203  1482 22921 W MtkCam/fdNodeImp: [onProcessFrame] when frameNo < 5, bypass run FD
08-05 16:55:35.203  1482 22921 W MtkCam/fdNodeImp: [operator()] Cannot get first detection result, set face num to 0...
08-05 16:55:35.203  1482 22921 W MtkCbAdptor: [0-CoreConverter::convertResult] failed to setEntry, MTK_HALCORE_CALLBACK_REALTIME_MODE
08-05 16:55:35.204  1482 23031 D MtkCam/ATMsEventMgr: [HIDL]get factor(APP_NAME), factor_value(3rd_party)
08-05 16:55:35.205  1482 23040 W RequestRegulator: [doHintEnQ] IsSofEnqued, SOF(142476/142476) ready(1) id(22c8c00000004) req_set(1) try_alt(1) return
08-05 16:55:35.206  1482 22891 W ACbAdptor: [scanSrcQueue] [CamDej] frameNumber 0 missing timestamp
08-05 16:55:35.206  1482 22891 W ACbAdptor: [scanSrcQueue] [CamDej] flush (0/)
08-05 16:55:35.207 21505 22661 D BLASTBufferQueue: [SurfaceView[com.sphereon.ssi.wallet/com.sphereon.ssi.wallet.MainActivity]#3](f:0,a:1) acquireNextBufferLocked size=1600x1200 mFrameNumber=1 applyTransaction=true mTimestamp=779446860551751 mPendingTransactions.size=0 graphicBufferId=92363271700507 transform=4
08-05 16:55:35.207  1197  1296 I mali_config: @get_buffer_dataspace_setting: update dataspace from GE (0x00000000 -> 0x08020000)
08-05 16:55:35.209 21505 22685 D StreamStateObserver: Update Preview stream state to STREAMING
08-05 16:55:35.211  1482  5970 D MtkCam/ATMsEventMgr: [HIDL]get factor(APP_NAME), factor_value(3rd_party)
08-05 16:55:35.218 21505 22689 D TransportRuntime.SQLiteEventStore: Storing event with priority=VERY_LOW, name=FIREBASE_ML_SDK for destination cct
08-05 16:55:35.220  1197  1197 D CompositionEngine: Layer: com.sphereon.ssi.wallet/com.sphereon.ssi.wallet.MainActivity#145205 had an out of bounds transparent region
08-05 16:55:35.220  1197  1197 D Region  :   Region transparentRegionHint (this=0xb40000747192f950, count=4)
08-05 16:55:35.220  1197  1197 D Region  :     [-266,   0, -10,  30]
08-05 16:55:35.220  1197  1197 D Region  :     [1090,   0, 1334,  30]
08-05 16:55:35.220  1197  1197 D Region  :     [-266,  30,   0, 1200]
08-05 16:55:35.220  1197  1197 D Region  :     [1080,  30, 1334, 1200]
08-05 16:55:35.221 21505 22689 D TransportRuntime.JobInfoScheduler: Upload for context TransportContext(cct, VERY_LOW, MSRodHRwczovL2ZpcmViYXNlbG9nZ2luZy5nb29nbGVhcGlzLmNvbS92MGNjL2xvZy9iYXRjaD9mb3JtYXQ9anNvbl9wcm90bzNc) is already scheduled. Returning...
08-05 16:55:35.221  1197  1398 I SurfaceFlinger: NotifyHwcComposition(), id 0, mode 1
08-05 16:55:35.222  1061  2226 I hwcomposer: [DBQ] (q2:0xb400007c80152200) Buffer queue is created with size(3), m_id(44712), q2  
08-05 16:55:35.222  1061  2226 I hwcomposer: [DBQ] (q2:0xb400007c80152200) Reallocate Slot(0), pool(0 -> 0) size(0 -> 5184000) secure(0 -> 0)  
08-05 16:55:35.224  1061  2226 I hwcomposer: [DBQ] (q2:0xb400007c80152200) Alloc Slot(0), handle=0xb400007d2015b090 c=0 w=1080 h=2400 p=1088 ys=1088 vs=2400 f=268 sec=0 sh=0, usage=0x800  
08-05 16:55:35.224  1061  1401 W hwcomposer: [DRMDEV] paramIsSame(), id 44699, w 1080/1080, h 2400/2400, pitch 1088/1088, format 0x2/0x1, secure 0/0  
08-05 16:55:35.227  1482 23032 D MtkCam/ATMsEventMgr: [HIDL]get factor(APP_NAME), factor_value(3rd_party)
08-05 16:55:35.228  1482 22980 D MtkCam/ATMsEventMgr: [HIDL]get factor(APP_NAME), factor_value(3rd_party)
08-05 16:55:35.233 21505 22689 D TransportRuntime.SQLiteEventStore: Storing event with priority=VERY_LOW, name=FIREBASE_ML_SDK for destination cct
08-05 16:55:35.235  1482 23031 D MtkCam/ATMsEventMgr: [HIDL]get factor(APP_NAME), factor_value(3rd_party)
08-05 16:55:35.237  1482 23031 I FlickerMgr: afd property ISO_COUNTRY_CODE: nl,
08-05 16:55:35.237  1482 23031 I FlickerMgr: afd country: Netherlands (Kingdom of the)
08-05 16:55:35.237  1482 23031 I FlickerMgr: afd frequency: 50
08-05 16:55:35.237  1482 23031 I FlickerMgr: init_algo(): init flicker from mcc table Hz(50).
08-05 16:55:35.237  1482 22921 W MtkCam/fdNodeImp: [onProcessFrame] when frameNo < 5, bypass run FD
08-05 16:55:35.237  1482 22921 W MtkCam/fdNodeImp: [operator()] Cannot get first detection result, set face num to 0...
08-05 16:55:35.238  1482 22921 W MtkCbAdptor: [0-CoreConverter::convertResult] failed to setEntry, MTK_HALCORE_CALLBACK_REALTIME_MODE
08-05 16:55:35.238  1482 23031 D MtkCam/ATMsEventMgr: [HIDL]get factor(APP_NAME), factor_value(3rd_party)
08-05 16:55:35.238  1482 23040 W RequestRegulator: [doHintEnQ] IsSofEnqued, SOF(142478/142478) ready(1) id(22c8e00000005) req_set(1) try_alt(1) return
08-05 16:55:35.239 21505 21802 I ReactNativeJS: 'args.qrData', '"openid-credential-offer://?credential_offer=%7B%22grants%22%3A%7B%22urn%3Aietf%3Aparams%3Aoauth%3Agrant-type%3Apre-authorized_code%22%3A%7B%22pre-authorized_code%22%3A%225774d3c3-7478-48ee-afc3-b8272e3c6530%22%7D%7D%2C%22credential_configuration_ids%22%3A%5B%22Woonplaatsverklaring%22%5D%2C%22credential_issuer%22%3A%22https%3A%2F%2Fagent.wallet.bd.demo.sphereon.com%2Foid4vci%22%7D"'
08-05 16:55:35.241 21505 21802 I ReactNativeJS: '%csphereon:ssi-wallet:qrService %cUnable to parse QR value as JSON. Error: SyntaxError: JSON Parse error: Unexpected character: o%c +1m', 'color: #FF6633', 'color: inherit', 'color: #FF6633'
08-05 16:55:35.242  1482 22891 I ACbAdptor: [scanSrcQueue] [CamDej] reset filter(1/779446903748000/0)
08-05 16:55:35.242 21505 22689 D TransportRuntime.JobInfoScheduler: Upload for context TransportContext(cct, VERY_LOW, MSRodHRwczovL2ZpcmViYXNlbG9nZ2luZy5nb29nbGVhcGlzLmNvbS92MGNjL2xvZy9iYXRjaD9mb3JtYXQ9anNvbl9wcm90bzNc) is already scheduled. Returning...
08-05 16:55:35.243  1197  1296 I mali_config: @get_buffer_dataspace_setting: update dataspace from GE (0x00000000 -> 0x08020000)
08-05 16:55:35.245  1482  1841 D MtkCam/ATMsEventMgr: [HIDL]get factor(APP_NAME), factor_value(3rd_party)
08-05 16:55:35.248 21505 22689 D TransportRuntime.SQLiteEventStore: Storing event with priority=VERY_LOW, name=FIREBASE_ML_SDK for destination cct
08-05 16:55:35.251  1061  2226 I hwcomposer: [DBQ] (q2:0xb400007c80152200) Reallocate Slot(1), pool(0 -> 0) size(0 -> 5184000) secure(0 -> 0)  
08-05 16:55:35.254  1061  2226 I hwcomposer: [DBQ] (q2:0xb400007c80152200) Alloc Slot(1), handle=0xb400007d2015c530 c=0 w=1080 h=2400 p=1088 ys=1088 vs=2400 f=268 sec=0 sh=0, usage=0x800  
08-05 16:55:35.255 21505 22689 D TransportRuntime.JobInfoScheduler: Upload for context TransportContext(cct, VERY_LOW, MSRodHRwczovL2ZpcmViYXNlbG9nZ2luZy5nb29nbGVhcGlzLmNvbS92MGNjL2xvZy9iYXRjaD9mb3JtYXQ9anNvbl9wcm90bzNc) is already scheduled. Returning...
08-05 16:55:35.256 21505 21802 I ReactNativeJS: '%csphereon:ssi-sdk:LinkHandler %creceived url \'openid-credential-offer://?credential_offer=%7B%22grants%22%3A%7B%22urn%3Aietf%3Aparams%3Aoauth%3Agrant-type%3Apre-authorized_code%22%3A%7B%22pre-authorized_code%22%3A%225774d3c3-7478-48ee-afc3-b8272e3c6530%22%7D%7D%2C%22credential_configuration_ids%22%3A%5B%22Woonplaatsverklaring%22%5D%2C%22credential_issuer%22%3A%22https%3A%2F%2Fagent.wallet.bd.demo.sphereon.com%2Foid4vci%22%7D from source QR%c +1m', 'color: #FF3366', 'color: inherit', 'color: #FF3366'
08-05 16:55:35.260 21505 22689 D TransportRuntime.SQLiteEventStore: Storing event with priority=VERY_LOW, name=FIREBASE_ML_SDK for destination cct
08-05 16:55:35.261  1482 23032 D MtkCam/ATMsEventMgr: [HIDL]get factor(APP_NAME), factor_value(3rd_party)
08-05 16:55:35.262  1482 22980 D MtkCam/ATMsEventMgr: [HIDL]get factor(APP_NAME), factor_value(3rd_party)
08-05 16:55:35.265 21505 22689 D TransportRuntime.JobInfoScheduler: Upload for context TransportContext(cct, VERY_LOW, MSRodHRwczovL2ZpcmViYXNlbG9nZ2luZy5nb29nbGVhcGlzLmNvbS92MGNjL2xvZy9iYXRjaD9mb3JtYXQ9anNvbl9wcm90bzNc) is already scheduled. Returning...
08-05 16:55:35.266 21505 21802 I ReactNativeJS: '%csphereon:oid4vci:offer %cCredential Offer URI: openid-credential-offer://?credential_offer=%7B%22grants%22%3A%7B%22urn%3Aietf%3Aparams%3Aoauth%3Agrant-type%3Apre-authorized_code%22%3A%7B%22pre-authorized_code%22%3A%225774d3c3-7478-48ee-afc3-b8272e3c6530%22%7D%7D%2C%22credential_configuration_ids%22%3A%5B%22Woonplaatsverklaring%22%5D%2C%22credential_issuer%22%3A%22https%3A%2F%2Fagent.wallet.bd.demo.sphereon.com%2Foid4vci%22%7D%c +1m', 'color: #99CC00', 'color: inherit', 'color: #99CC00'
08-05 16:55:35.266 21505 21802 I ReactNativeJS: '%csphereon:oid4vci:client %c2024-08-05T14:55:35.266Z- Offer URL determined to be of version 1013%c +0ms', 'color: #FF33FF', 'color: inherit', 'color: #FF33FF'
08-05 16:55:35.269 21505 21802 I ReactNativeJS: '%csphereon:ssi-sdk:machine-state:xstate-persistence %cmachineStateFindActive for machine name OID4VCIHolder and tenant undefined...%c +1m', 'color: #0000CC', 'color: inherit', 'color: #0000CC'
08-05 16:55:35.269  1482 23031 D MtkCam/ATMsEventMgr: [HIDL]get factor(APP_NAME), factor_value(3rd_party)
08-05 16:55:35.272  1482 22921 W MtkCam/fdNodeImp: [onProcessFrame] when frameNo < 5, bypass run FD
08-05 16:55:35.272  1482 22921 W MtkCam/fdNodeImp: [operator()] Cannot get first detection result, set face num to 0...
08-05 16:55:35.272  1482 22921 W MtkCbAdptor: [0-CoreConverter::convertResult] failed to setEntry, MTK_HALCORE_CALLBACK_REALTIME_MODE
08-05 16:55:35.273  1482 23031 D MtkCam/ATMsEventMgr: [HIDL]get factor(APP_NAME), factor_value(3rd_party)
08-05 16:55:35.273 21505 21802 I ReactNativeJS: '%csphereon:ssi-sdk:machine-state:store %cExecuting findActiveMachineStates query with machineName: OID4VCIHolder, tenantId: undefined%c +1m', 'color: #FF3300', 'color: inherit', 'color: #FF3300'
08-05 16:55:35.273  1482 23040 W RequestRegulator: [doHintEnQ] IsSofEnqued, SOF(142480/142480) ready(1) id(22c9000000006) req_set(1) try_alt(1) return
08-05 16:55:35.276  1197  1296 I mali_config: @get_buffer_dataspace_setting: update dataspace from GE (0x00000000 -> 0x08020000)
08-05 16:55:35.278  1482 30460 D MtkCam/ATMsEventMgr: [HIDL]get factor(APP_NAME), factor_value(3rd_party)
08-05 16:55:35.280 21505 21505 D VRI[MainActivity]: update {(0,0)(fillxfill) sim={adjust=resize} ty=BASE_APPLICATION wanim=0x10302fe
08-05 16:55:35.280 21505 21505 D VRI[MainActivity]:   fl=KEEP_SCREEN_ON LAYOUT_IN_SCREEN FORCE_NOT_FULLSCREEN LAYOUT_INSET_DECOR SPLIT_TOUCH HARDWARE_ACCELERATED DRAWS_SYSTEM_BAR_BACKGROUNDS
08-05 16:55:35.280 21505 21505 D VRI[MainActivity]:   pfl=NO_MOVE_ANIMATION FORCE_DRAW_STATUS_BAR_BACKGROUND FIT_INSETS_CONTROLLED
08-05 16:55:35.280 21505 21505 D VRI[MainActivity]:   bhv=DEFAULT
08-05 16:55:35.280 21505 21505 D VRI[MainActivity]:   fitSides=} by setLayoutParams
08-05 16:55:35.283 21505 21505 D SurfaceViewImpl: Surface destroyed.
08-05 16:55:35.283 21505 21505 D SurfaceViewImpl: Surface closed androidx.camera.core.SurfaceRequest@7f82496
08-05 16:55:35.283 21505 21802 I ReactNativeJS: '%csphereon:ssi-sdk:machine-state:xstate-persistence %cmachineStateFindActive returned 1 results for machine name OID4VCIHolder and tenant undefined%c +14ms', 'color: #0000CC', 'color: inherit', 'color: #0000CC'
08-05 16:55:35.283 21505 21505 D DeferrableSurface: surface closed,  useCount=2 closed=true androidx.camera.core.SurfaceRequest$2@1d17817
08-05 16:55:35.283 21505 21505 D Surface : Surface::disconnect
08-05 16:55:35.284 21505 21802 I ReactNativeJS: '%csphereon:ssi-sdk:machine-state:xstate-persistence %cmachineStateDelete for machine instance fc693a23-7f44-400a-b56e-8cb1b57c3709 and tenant undefined...%c +2ms', 'color: #0000CC', 'color: inherit', 'color: #0000CC'
08-05 16:55:35.285 21505 21802 I ReactNativeJS: '%csphereon:ssi-sdk:machine-state:store %cExecuting deleteMachineState query with id: fc693a23-7f44-400a-b56e-8cb1b57c3709%c +16ms', 'color: #FF3300', 'color: inherit', 'color: #FF3300'
08-05 16:55:35.285  1061  2226 I hwcomposer: [DBQ] (q2:0xb400007c80152200) Reallocate Slot(2), pool(0 -> 0) size(0 -> 5184000) secure(0 -> 0)  
08-05 16:55:35.287  1061  2226 I hwcomposer: [DBQ] (q2:0xb400007c80152200) Alloc Slot(2), handle=0xb400007d20155f70 c=0 w=1080 h=2400 p=1088 ys=1088 vs=2400 f=268 sec=0 sh=0, usage=0x800  
08-05 16:55:35.288 21505 21523 D BLASTBufferQueue: [SurfaceView[com.sphereon.ssi.wallet/com.sphereon.ssi.wallet.MainActivity]#3](f:0,a:1) destructor()
08-05 16:55:35.288 21505 21523 D BufferQueueConsumer: [SurfaceView[com.sphereon.ssi.wallet/com.sphereon.ssi.wallet.MainActivity]#3(BLAST Consumer)3](id:540100000009,api:4,p:1429,c:21505) disconnect
08-05 16:55:35.293 21505 21505 D DeferrableSurface: surface closed,  useCount=0 closed=true androidx.camera.core.processing.SurfaceEdge$SettableSurface@b31e33b
08-05 16:55:35.293 21505 21505 D DeferrableSurface: Surface terminated[total_surfaces=3, used_surfaces=3](androidx.camera.core.processing.SurfaceEdge$SettableSurface@b31e33b}
08-05 16:55:35.294 21505 21505 D DeferrableSurface: use count-1,  useCount=1 closed=true androidx.camera.core.SurfaceRequest$2@1d17817
08-05 16:55:35.294  1482 23032 D MtkCam/ATMsEventMgr: [HIDL]get factor(APP_NAME), factor_value(3rd_party)
08-05 16:55:35.295 21505 21505 W ScreenFlashWrapper: completePendingScreenFlashClear: none pending!
08-05 16:55:35.295 21505 21505 D ImageCapture: clearPipeline
08-05 16:55:35.295 21505 21505 D DeferrableSurface: surface closed,  useCount=1 closed=true androidx.camera.core.impl.ImmediateSurface@f70bbe9
08-05 16:55:35.295 21505 21505 D DeferrableSurface: surface closed,  useCount=1 closed=true androidx.camera.core.impl.ImmediateSurface@595530f
08-05 16:55:35.295 21505 21505 W ScreenFlashWrapper: completePendingScreenFlashClear: none pending!
08-05 16:55:35.296  1482 22980 D MtkCam/ATMsEventMgr: [HIDL]get factor(APP_NAME), factor_value(3rd_party)
08-05 16:55:35.296 21505 22685 D Camera2CameraImpl: {Camera@2475e59[id=0]} Use cases [androidx.camera.core.Preview-a445ddeb-ef9b-40d6-890e-00ece3767038116867705, androidx.camera.core.ImageCapture-0b9aaab8-2bb5-4195-bd5e-092ec81001d31989566, androidx.camera.core.ImageAnalysis-becca3d1-73ee-4eeb-bc82-3a5cb7a99b60265626655] now DETACHED for camera
08-05 16:55:35.297 21505 22685 D UseCaseAttachState: All use case: [] for camera: 0
08-05 16:55:35.297 21505 22685 D Camera2CameraImpl: {Camera@2475e59[id=0]} Resetting Capture Session
08-05 16:55:35.297 21505 22685 D SyncCaptureSessionImpl: [androidx.camera.camera2.internal.SynchronizedCaptureSessionImpl@923810b] Session call close()
08-05 16:55:35.297 21505 22685 D Camera2CameraImpl: {Camera@2475e59[id=0]} Releasing session in state OPENED
08-05 16:55:35.297 21505 22685 D UseCaseAttachState: Active and attached use case: [] for camera: 0
08-05 16:55:35.298 21505 22685 D UseCaseAttachState: Active and attached use case: [] for camera: 0
08-05 16:55:35.298  1771  1829 W Choreographer: Frame time is 0.244662 ms in the future!  Check that graphics HAL is generating vsync timestamps using the correct timebase.
08-05 16:55:35.298 21505 22685 D Camera2CameraImpl: {Camera@2475e59[id=0]} Closing camera.
08-05 16:55:35.299 21505 22685 D Camera2CameraImpl: {Camera@2475e59[id=0]} Transitioning camera internal state: OPENED --> CLOSING
08-05 16:55:35.299 21505 22685 D CameraStateRegistry: Recalculating open cameras:
08-05 16:55:35.299 21505 22685 D CameraStateRegistry: Camera                                       State                 
08-05 16:55:35.299 21505 22685 D CameraStateRegistry: -------------------------------------------------------------------
08-05 16:55:35.299 21505 22685 D CameraStateRegistry: Camera@2475e59[id=0]                         CLOSING               
08-05 16:55:35.299 21505 22685 D CameraStateRegistry: Camera@91615b8[id=1]                         UNKNOWN               
08-05 16:55:35.299 21505 22685 D CameraStateRegistry: -------------------------------------------------------------------
08-05 16:55:35.299 21505 22685 D CameraStateRegistry: Open count: 1 (Max allowed: 1)
08-05 16:55:35.299 21505 22685 D CameraStateMachine: New public camera state CameraState{type=CLOSING, error=null} from CLOSING and null
08-05 16:55:35.299 21505 22685 D CameraStateMachine: Publishing new public camera state CameraState{type=CLOSING, error=null}
08-05 16:55:35.299 21505 22685 D Camera2CameraImpl: {Camera@2475e59[id=0]} Resetting Capture Session
08-05 16:55:35.300 21505 22685 D Camera2CameraImpl: {Camera@2475e59[id=0]} Skipping Capture Session state check due to current camera state: CLOSING and previous session status: false
08-05 16:55:35.300 21505 22685 D Camera2CameraImpl: {Camera@2475e59[id=0]} Releasing session in state CLOSING
08-05 16:55:35.300 21505 22685 D SyncCaptureSessionImpl: [androidx.camera.camera2.internal.SynchronizedCaptureSessionImpl@923810b] Session call super.close()
08-05 16:55:35.301 21505 22685 D UseCaseAttachState: Active and attached use case: [] for camera: 0
08-05 16:55:35.301 21505 22685 D CaptureSession: onSessionFinished()
08-05 16:55:35.301 21505 21505 D StreamStateObserver: Update Preview stream state to IDLE
08-05 16:55:35.302 21505 22685 D Camera2CameraImpl: {Camera@2475e59[id=0]} closing camera
08-05 16:55:35.302  1482 23031 D MtkCam/ATMsEventMgr: [HIDL]get factor(APP_NAME), factor_value(3rd_party)
08-05 16:55:35.303  1429  2189 D Camera2ClientBase: Camera 0: start to disconnect
08-05 16:55:35.303  1429  2189 D Camera2ClientBase: Camera 0: serializationLock acquired
08-05 16:55:35.303  1429  2189 D Camera2ClientBase: Camera 0: Shutting down
08-05 16:55:35.304  1482 22921 W MtkCam/fdNodeImp: [onProcessFrame] when frameNo < 5, bypass run FD
08-05 16:55:35.305  1482 22921 W MtkCam/fdNodeImp: [operator()] Cannot get first detection result, set face num to 0...
08-05 16:55:35.305  1482 23031 D MtkCam/ATMsEventMgr: [HIDL]get factor(APP_NAME), factor_value(3rd_party)
08-05 16:55:35.305  1482 22921 W MtkCbAdptor: [0-CoreConverter::convertResult] failed to setEntry, MTK_HALCORE_CALLBACK_REALTIME_MODE
08-05 16:55:35.306  1482 23040 W RequestRegulator: [doHintEnQ] IsSofEnqued, SOF(142482/142482) ready(1) id(22c9200000007) req_set(1) try_alt(1) return
08-05 16:55:35.306  1482 30461 I mtkpower_client: perf_lock_acq, hdl:0, dur:500, num:12, tid:30461
08-05 16:55:35.307  1197  1398 I SurfaceFlinger: NotifyHwcComposition(), id 0, mode 0
08-05 16:55:35.307  1482 30461 I mtkpower_client: ret_hdl:523210
08-05 16:55:35.307  1482 30461 I MtkCam/ppl_context: [beginFlush] + <4Cell0>
08-05 16:55:35.307  1482 30461 I mtkcam-InFlightRequest: [abort] +
08-05 16:55:35.307  1482 30461 I mtkcam-InFlightRequest: [abort] - frames:{ 8 7 6 5 4 3 } being aborted (#6 in-flight frames)
08-05 16:55:35.307  1482 30461 I MtkCam/ppl_context: [kickRootNodes] [requestNo:8 frameNo:8] last frame
08-05 16:55:35.307  1482 30460 W MtkCam/streambuf: [markUserStatus] Hal:Meta:P1:Dynamic_0:0x1000000000000010:0xb400007c59d3f4c0 producer:0x100 released w/o using -> ERROR buffer - user status:0x8:0x8
08-05 16:55:35.307  1482 30460 W MtkCam/streambuf: [markUserStatus] App:Meta:P1:Dynamic_0:0x1000000000000040:0xb400007c59db6d80 producer:0x100 released w/o using -> ERROR buffer - user status:0x8:0x8
08-05 16:55:35.307  1482 30460 W MtkCam/streambuf: [markUserStatus] Hal:Image:P1FDYuv_0:0x2002000000000000:0xb400007b59d3bb50 producer:0x100 released w/o using -> ERROR buffer - user status:0x8:0x8
08-05 16:55:35.307  1482 30460 W MtkCam/streambuf: [markUserStatus] Hal:Image:RSSO_0:0x2003000000000000:0xb400007b59d861f0 producer:0x100 released w/o using -> ERROR buffer - user status:0x8:0x8
08-05 16:55:35.307  1482 30460 W MtkCam/streambuf: [markUserStatus] Hal:Image:P1:ResizeYuv28673_0:0x2070010000000000:0xb400007b59d7d230 producer:0x100 released w/o using -> ERROR buffer - user status:0x8:0x8
08-05 16:55:35.307  1482 30460 W MtkCam/streambuf: [markUserStatus] Hal:Image:P1:ResizeYuv28674_0:0x2070020000000000:0xb400007b59d6e4b0 producer:0x100 released w/o using -> ERROR buffer - user status:0x8:0x8
08-05 16:55:35.307  1129  1202 I libPowerHal: [perfLockAcq] idx:9 hdl:523210 hint:-1 pid:1482 duration:500 lock_user:camerahalserver => ret_hdl:523210
08-05 16:55:35.307  1061  2226 I hwcomposer: [DBQ] (q2:0xb400007c80152200) Buffer queue is destroyed, m_id(44712)  
08-05 16:55:35.307  1482 22892 I mtkcam-cb: [notifyErrors] input number=8 id=-1 error=3
08-05 16:55:35.307  1482 22892 I mtkcam-cb: [prepareCallbackErrors] request 8 pending error result
08-05 16:55:35.307  1061  2226 I hwcomposer: [DBQ] (q2:0xb400007c80152200) ~DisplayBufferQueue(), m_id(44712), release buf  
08-05 16:55:35.307  1061  2226 I hwcomposer: [DBQ] (q2:0xb400007c80152200) Free Slot(0), handle=0xb400007d2015b090, 5184000 -> 0  
08-05 16:55:35.307  1482 22892 W CallbackCore: [ACbAdptor-0-FrameHandler::updateMetaItem] [frameNumber 8] already receive error buffer, ignore meta
08-05 16:55:35.307  1482 30460 W mtkcam-pipeline: [getTimestamps] [ requestNo:8 frameNo:8 ] The timestamp doesn't exist for sensorId:-1
08-05 16:55:35.307  1061  2226 I hwcomposer: [DBQ] (q2:0xb400007c80152200) Free Slot(1), handle=0xb400007d2015c530, 5184000 -> 0  
08-05 16:55:35.307  1061  1401 W hwcomposer: [DRMDEV] paramIsSame(), id 44699, w 1080/1080, h 2400/2400, pitch 1088/1088, format 0x1/0x2, secure 0/0  
08-05 16:55:35.307  1482 30460 I MtkCam/P2/MWFrame: [releaseFrameStream] P2S cam 0 MWFrame:#8 MWReq:#8, frame 0 : Node0x1500 Flush FrameNo(8)
08-05 16:55:35.307  1061  2226 I hwcomposer: [DBQ] (q2:0xb400007c80152200) Free Slot(2), handle=0xb400007d20155f70, 5184000 -> 0  
08-05 16:55:35.308  1482 30460 W mtkcam-pipeline: [getTimestamps] [ requestNo:8 frameNo:8 ] The timestamp doesn't exist for sensorId:-1
08-05 16:55:35.308  1482 30460 W MtkCam/streambuf: [markUserStatus] Hal:Meta:P2S:Dynamic:0x100000000000001b:0xb400007c59d90900 producer:0x1500 released w/o using -> ERROR buffer - user status:0x8:0x8
08-05 16:55:35.308  1482 30460 W MtkCam/streambuf: [markUserStatus] App:Meta:P2S:Dynamic:0x100000000000004b:0xb400007c59db1980 producer:0x1500 released w/o using -> ERROR buffer - user status:0x8:0x8
08-05 16:55:35.308  1482 30460 W MtkCam/streambuf: [markUserStatus] s0:d0:App:NV21:0|SW_READ_OFTEN|SW_WRITE_OFTEN|HW_CAMERA_WRITE|HW_TEXTURE|HW_COMPOSER:0:0xb400007b59d28f50 producer:0x1500 released w/o using -> ERROR buffer - user status:0x8:0x8
08-05 16:55:35.308  1482 30460 W MtkCam/streambuf: [markUserStatus] s2:d0:App:NV21:0|SW_READ_OFTEN|SW_WRITE_OFTEN|HW_CAMERA_WRITE:0x2:0xb400007b59d24a90 producer:0x1500 released w/o using -> ERROR buffer - user status:0x8:0x8
08-05 16:55:35.308  1482 22892 W CallbackCore: [ACbAdptor-0-FrameHandler::operator()] [Image Stream Buffer] Error happens - frameNumber:8 streamId:0x0
08-05 16:55:35.308  1482 22892 I mtkcam-cb: [prepareCallbackErrors] request 8 pending error result
08-05 16:55:35.308  1482 22892 W CallbackCore: [ACbAdptor-0-FrameHandler::prepareErrorImage] (Error Status) streamId:0
08-05 16:55:35.308  1482 22892 W CallbackCore: [ACbAdptor-0-FrameHandler::operator()] [Image Stream Buffer] Error happens - frameNumber:8 streamId:0x2
08-05 16:55:35.308  1482 22892 I CallbackCore: [ACbAdptor-0-FrameHandler::prepareErrorFrame] [frameNumber 8] request error
08-05 16:55:35.308  1482 22892 W CallbackCore: [ACbAdptor-0-FrameHandler::updateCallback] frameNumber 8 is removed before shutter callbacked, there MUST have error frames or meta be sent for the request
08-05 16:55:35.308  1482 22892 W CallbackCore: [ACbAdptor-0-FrameHandler::getSafeFrameParcel] frameNumber8is not in FrameMap; FrameMap: 4 5 6 7
08-05 16:55:35.308  1482 22892 W CallbackCore: [ACbAdptor-0-FrameHandler::updateMessageItem] frameNumber 8, update message failed
08-05 16:55:35.308  1482 22892 W CallbackCore: [ACbAdptor-0-FrameHandler::getSafeFrameParcel] frameNumber8is not in FrameMap; FrameMap: 4 5 6 7
08-05 16:55:35.308  1482 22892 W CallbackCore: [ACbAdptor-0-FrameHandler::updateMetaItem] reqeustNo 8, update meta failed
08-05 16:55:35.308  1482 22891 W ACbAdptor: [scanSrcQueue] [CamDej] frameNumber 8 missing timestamp
08-05 16:55:35.308  1482 30460 W mtkcam-pipeline: [getTimestamps] [ requestNo:8 frameNo:8 ] The timestamp doesn't exist for sensorId:-1
08-05 16:55:35.308  1482 22891 W ACbAdptor: [scanSrcQueue] [CamDej] flush (3/8/)
08-05 16:55:35.308  1482 30460 W MtkCam/streambuf: [markUserStatus] App:Meta:FD:0x1000000000000092:0xb400007c59dabcc0 producer:0x1600 released w/o using -> ERROR buffer - user status:0x8:0x8
08-05 16:55:35.308  1482 22892 W CallbackCore: [ACbAdptor-0-FrameHandler::getSafeFrameParcel] frameNumber8is not in FrameMap; FrameMap: 4 5 6 7
08-05 16:55:35.308  1482 22892 W CallbackCore: [ACbAdptor-0-FrameHandler::updateMessageItem] frameNumber 8, update message failed
08-05 16:55:35.308  1482 22892 W CallbackCore: [ACbAdptor-0-FrameHandler::getSafeFrameParcel] frameNumber8is not in FrameMap; FrameMap: 4 5 6 7
08-05 16:55:35.308  1482 22892 W CallbackCore: [ACbAdptor-0-FrameHandler::updateMetaItem] reqeustNo 8, update meta failed
08-05 16:55:35.308  1482 30460 W mtkcam-pipeline: [getTimestamps] [ requestNo:8 frameNo:8 ] The timestamp doesn't exist for sensorId:-1
08-05 16:55:35.308 21505 22661 E BufferQueueProducer: [SurfaceView[com.sphereon.ssi.wallet/com.sphereon.ssi.wallet.MainActivity]#3(BLAST Consumer)3](id:540100000009,api:4,p:1429,c:21505) queueBuffer: BufferQueue has been abandoned
08-05 16:55:35.308  1482 30461 I MtkCam/ppl_context: [kickRootNodes] kick 0x100 +
08-05 16:55:35.308  1482 30461 I MtkCam/ppl_context: [kickRootNodes] kick 0x100 - err:0
08-05 16:55:35.308  1482 30460 W mtkcam-pipeline: [getTimestamps] [ requestNo:8 frameNo:8 ] The timestamp doesn't exist for sensorId:-1
08-05 16:55:35.308  1482 30461 I MtkCam/P1NodeImp: [hardwareOps_stop] Cam::0 CamCtrl stop +
08-05 16:55:35.308  1429  1667 E Surface : queueBuffer: error queuing buffer, -19
08-05 16:55:35.308  1429  1667 E Camera3-OutputStream: returnBufferCheckedLocked: Stream 0: Error queueing buffer to native window: No such device (-19)
08-05 16:55:35.309  1482 22892 I mtkcam-cb: [notifyErrors] input number=7 id=-1 error=3
08-05 16:55:35.309  1482 22892 I mtkcam-cb: [prepareCallbackErrors] request 7 pending error result
08-05 16:55:35.309 21505 21521 E BufferQueueProducer: [SurfaceView[com.sphereon.ssi.wallet/com.sphereon.ssi.wallet.MainActivity]#3(BLAST Consumer)3](id:540100000009,api:4,p:1429,c:21505) cancelBuffer: BufferQueue has been abandoned
08-05 16:55:35.309  1482 22892 W CallbackCore: [ACbAdptor-0-FrameHandler::updateMetaItem] [frameNumber 7] already receive error buffer, ignore meta
08-05 16:55:35.309  1482 30461 W mtkcam-pipeline: [getTimestamps] [ requestNo:7 frameNo:7 ] The timestamp doesn't exist for sensorId:-1
08-05 16:55:35.315  1129  1202 I mtkpower@impl: [powerd_req] TIMER_MSG_PERF_LOCK_TIMEOUT hdl:523205
08-05 16:55:35.315  1129  1202 I libPowerHal: [perfLockRel] hdl:523205, idx:6
08-05 16:55:35.316  1197  1197 I BufferQueueDebug: [Background for SurfaceView[com.sphereon.ssi.wallet/com.sphereon.ssi.wallet.MainActivity]#145270](this:0xb4000074a1a66438,id:-1,api:0,p:-1,c:1197) onDestructor()
08-05 16:55:35.316  1197  1197 I BufferQueueDebug: [SurfaceView[com.sphereon.ssi.wallet/com.sphereon.ssi.wallet.MainActivity]#145268](this:0xb4000074a1ac7158,id:-1,api:0,p:-1,c:1197) onDestructor()
08-05 16:55:35.316  1197  1197 I BufferQueueDebug: [SurfaceView[com.sphereon.ssi.wallet/com.sphereon.ssi.wallet.MainActivity](BLAST)#145269](this:0xb4000074a1b22358,id:-1,api:0,p:-1,c:1197) onDestructor()
08-05 16:55:35.327 21505 21802 I ReactNativeJS: '%csphereon:ssi-sdk:machine-state:xstate-persistence %cmachineStateDelete result for machine instance fc693a23-7f44-400a-b56e-8cb1b57c3709 and tenant undefined: true%c +42ms', 'color: #0000CC', 'color: inherit', 'color: #0000CC'
08-05 16:55:35.328 21505 21802 I ReactNativeJS: '%csphereon:ssi-sdk:machine-state:xstate-persistence %cmachineStateFindActive for machine name OID4VCIHolder and tenant undefined...%c +2ms', 'color: #0000CC', 'color: inherit', 'color: #0000CC'
08-05 16:55:35.328 21505 21802 I ReactNativeJS: '%csphereon:ssi-sdk:machine-state:store %cExecuting findActiveMachineStates query with machineName: OID4VCIHolder, tenantId: undefined%c +43ms', 'color: #FF3300', 'color: inherit', 'color: #FF3300'
08-05 16:55:35.328  1482 23040 W RequestRegulator: [doHintEnQ] (#0x22c9200000007) fail, ReqSize(1) sof(142484) ready(0) alt(1) result(#0xffffffffffffffff) ret(0)
08-05 16:55:35.329  1482 22980 D MtkCam/ATMsEventMgr: [HIDL]get factor(APP_NAME), factor_value(3rd_party)
08-05 16:55:35.332 21505 21802 I ReactNativeJS: '%csphereon:ssi-sdk:machine-state:xstate-persistence %cmachineStateFindActive returned 0 results for machine name OID4VCIHolder and tenant undefined%c +4ms', 'color: #0000CC', 'color: inherit', 'color: #0000CC'
08-05 16:55:35.333 21505 21802 I ReactNativeJS: '%csphereon:ssi-sdk:machine-state:xstate-persistence %cmachineStateInit for machine name OID4VCIHolder, tenant undefined, custom instance undefined, existing id undefined%c +1ms', 'color: #0000CC', 'color: inherit', 'color: #0000CC'
08-05 16:55:35.333 21505 21802 I ReactNativeJS: '%csphereon:ssi-sdk:machine-state:xstate-persistence %cmachineStatesDeleteExpired for machine name OID4VCIHolder and tenant undefined...%c +0ms', 'color: #0000CC', 'color: inherit', 'color: #0000CC'
08-05 16:55:35.333 21505 21802 I ReactNativeJS: '%csphereon:ssi-sdk:machine-state:store %cExecuting deleteExpiredMachineStates query with params: {"machineName":"OID4VCIHolder","deleteDoneStates":true}%c +5ms', 'color: #FF3300', 'color: inherit', 'color: #FF3300'
08-05 16:55:35.336 21505 21802 I ReactNativeJS: '%csphereon:ssi-sdk:machine-state:xstate-persistence %cmachineStatesDeleteExpired result for machine name OID4VCIHolder and tenant undefined: 0%c +3ms', 'color: #0000CC', 'color: inherit', 'color: #0000CC'
08-05 16:55:35.336 21505 21802 I ReactNativeJS: '%csphereon:ssi-sdk:machine-state:xstate-persistence %cmachineStatesDeleteExpired for machine name OID4VCIHolder and tenant undefined...%c +0ms', 'color: #0000CC', 'color: inherit', 'color: #0000CC'
08-05 16:55:35.337 21505 21802 I ReactNativeJS: '%csphereon:ssi-sdk:machine-state:store %cExecuting deleteExpiredMachineStates query with params: {"machineName":"OID4VCIHolder","deleteDoneStates":false}%c +3ms', 'color: #FF3300', 'color: inherit', 'color: #FF3300'
08-05 16:55:35.340 21505 21802 I ReactNativeJS: '%csphereon:ssi-sdk:machine-state:xstate-persistence %cmachineStatesDeleteExpired result for machine name OID4VCIHolder and tenant undefined: 0%c +3ms', 'color: #0000CC', 'color: inherit', 'color: #0000CC'
08-05 16:55:35.340 21505 21521 E BufferQueueProducer: [SurfaceView[com.sphereon.ssi.wallet/com.sphereon.ssi.wallet.MainActivity]#3(BLAST Consumer)3](id:540100000009,api:4,p:1429,c:21505) queueBuffer: BufferQueue has been abandoned
08-05 16:55:35.340  1429  1667 E Surface : queueBuffer: error queuing buffer, -19
08-05 16:55:35.340  1429  1667 E Camera3-OutputStream: returnBufferCheckedLocked: Stream 0: Error queueing buffer to native window: No such device (-19)
08-05 16:55:35.341 21505 21802 I ReactNativeJS: '%csphereon:ssi-sdk:machine-state:xstate-persistence %cmachineStateFindActive for machine name OID4VCIHolder and tenant undefined...%c +1ms', 'color: #0000CC', 'color: inherit', 'color: #0000CC'
08-05 16:55:35.341 21505 21802 I ReactNativeJS: '%csphereon:ssi-sdk:machine-state:store %cExecuting findActiveMachineStates query with machineName: OID4VCIHolder, tenantId: undefined%c +5ms', 'color: #FF3300', 'color: inherit', 'color: #FF3300'
08-05 16:55:35.345 21505 21802 I ReactNativeJS: '%csphereon:ssi-sdk:machine-state:xstate-persistence %cmachineStateFindActive returned 0 results for machine name OID4VCIHolder and tenant undefined%c +4ms', 'color: #0000CC', 'color: inherit', 'color: #0000CC'
08-05 16:55:35.346 21505 21802 I ReactNativeJS: '%csphereon:ssi-sdk:machine-state:xstate-persistence %cmachineStateInit for machine name OID4VCIHolder, tenant undefined, custom instance e69a178f-02b8-450a-9df9-dd8a5de5bb83, existing id undefined%c +2ms', 'color: #0000CC', 'color: inherit', 'color: #0000CC'
08-05 16:55:35.347 21505 21802 I ReactNativeJS: '%csphereon:ssi-sdk:machine-state:xstate-persistence %cmachineStatesDeleteExpired for machine name OID4VCIHolder and tenant undefined...%c +1ms', 'color: #0000CC', 'color: inherit', 'color: #0000CC'
08-05 16:55:35.348 21505 21802 I ReactNativeJS: '%csphereon:ssi-sdk:machine-state:store %cExecuting deleteExpiredMachineStates query with params: {"machineName":"OID4VCIHolder","deleteDoneStates":true}%c +6ms', 'color: #FF3300', 'color: inherit', 'color: #FF3300'
08-05 16:55:35.352 21505 21802 I ReactNativeJS: '%csphereon:ssi-sdk:machine-state:xstate-persistence %cmachineStatesDeleteExpired result for machine name OID4VCIHolder and tenant undefined: 0%c +4ms', 'color: #0000CC', 'color: inherit', 'color: #0000CC'
08-05 16:55:35.352  1482 23026 W MtkCam/SensorPipe: [eventLoop] [EVT_LIFE] sensorId(0) cancel event waiting
08-05 16:55:35.352  1482 22918 W MtkCam/P1NodeImp: [hardwareOps_deque] deque from camCtrl is null after camCtrl stop
08-05 16:55:35.353 21505 21802 I ReactNativeJS: '%csphereon:ssi-sdk:machine-state:xstate-persistence %cmachineStatesDeleteExpired for machine name OID4VCIHolder and tenant undefined...%c +1ms', 'color: #0000CC', 'color: inherit', 'color: #0000CC'
08-05 16:55:35.354  1482  1844 I MtkCam/CCD: masterservice src: 1 destroy
08-05 16:55:35.355  1482 22985 I MtkCam/CCD: workerservice src: 1 ioctl fail(No data available)
08-05 16:55:35.355  1482 22985 I MtkCam/CCD: workerservice src: 1 exit
08-05 16:55:35.359 21505 21802 I ReactNativeJS: '%csphereon:ssi-sdk:machine-state:store %cExecuting deleteExpiredMachineStates query with params: {"machineName":"OID4VCIHolder","deleteDoneStates":false}%c +11ms', 'color: #FF3300', 'color: inherit', 'color: #FF3300'
08-05 16:55:35.360  1482 30461 W MtkCam/SensorPipe: [get] sensorId(999) There is no in-flight job in PipeJobQue, do nothing
08-05 16:55:35.361  1482 22892 I mtkcam-cb: [notifyErrors] input number=5 id=-1 error=3
08-05 16:55:35.361  1482 22892 I mtkcam-cb: [prepareCallbackErrors] request 5 pending error result
08-05 16:55:35.361  1482 22892 W CallbackCore: [ACbAdptor-0-FrameHandler::updateMetaItem] [frameNumber 5] already receive error buffer, ignore meta
08-05 16:55:35.361  1482 30461 W mtkcam-pipeline: [getTimestamps] [ requestNo:5 frameNo:5 ] The timestamp doesn't exist for sensorId:-1
08-05 16:55:35.361  1482 22920 I MtkCam/P2/MWFrame: [releaseFrameStream] P2S cam 0 MWFrame:#5 MWReq:#5, frame 0 : Node0x1500 Flush FrameNo(5)
08-05 16:55:35.361  1482 22920 W mtkcam-pipeline: [getTimestamps] [ requestNo:5 frameNo:5 ] The timestamp doesn't exist for sensorId:-1
08-05 16:55:35.361  1482 22892 I mtkcam-cb: [notifyErrors] input number=6 id=-1 error=3
08-05 16:55:35.361  1482 22920 W MtkCam/streambuf: [markUserStatus] Hal:Meta:P2S:Dynamic:0x100000000000001b:0xb400007c59d25b40 producer:0x1500 released w/o using -> ERROR buffer - user status:0x8:0x8
08-05 16:55:35.361  1482 22892 I mtkcam-cb: [prepareCallbackErrors] request 6 pending error result
08-05 16:55:35.361  1482 22920 W MtkCam/streambuf: [markUserStatus] App:Meta:P2S:Dynamic:0x100000000000004b:0xb400007c59d44a80 producer:0x1500 released w/o using -> ERROR buffer - user status:0x8:0x8
08-05 16:55:35.361  1482 22920 W MtkCam/streambuf: [markUserStatus] s0:d0:App:NV21:0|SW_READ_OFTEN|SW_WRITE_OFTEN|HW_CAMERA_WRITE|HW_TEXTURE|HW_COMPOSER:0:0xb400007b59d3abb0 producer:0x1500 released w/o using -> ERROR buffer - user status:0x8:0x8
08-05 16:55:35.361  1482 22920 W MtkCam/streambuf: [markUserStatus] s2:d0:App:NV21:0|SW_READ_OFTEN|SW_WRITE_OFTEN|HW_CAMERA_WRITE:0x2:0xb400007b59d05050 producer:0x1500 released w/o using -> ERROR buffer - user status:0x8:0x8
08-05 16:55:35.361  1482 22892 W CallbackCore: [ACbAdptor-0-FrameHandler::updateMetaItem] [frameNumber 6] already receive error buffer, ignore meta
08-05 16:55:35.361  1482 30461 W mtkcam-pipeline: [getTimestamps] [ requestNo:6 frameNo:6 ] The timestamp doesn't exist for sensorId:-1
08-05 16:55:35.361  1482 22892 W CallbackCore: [ACbAdptor-0-FrameHandler::operator()] [Image Stream Buffer] Error happens - frameNumber:5 streamId:0x0
08-05 16:55:35.361  1482 22892 I mtkcam-cb: [prepareCallbackErrors] request 5 pending error result
08-05 16:55:35.362  1482 22892 W CallbackCore: [ACbAdptor-0-FrameHandler::prepareErrorImage] (Error Status) streamId:0
08-05 16:55:35.362  1482 22920 W mtkcam-pipeline: [getTimestamps] [ requestNo:5 frameNo:5 ] The timestamp doesn't exist for sensorId:-1
08-05 16:55:35.362  1482 22892 W CallbackCore: [ACbAdptor-0-FrameHandler::updateMessageItem] [frameNumber 5] receive result error before, ignore
08-05 16:55:35.362  1482 22892 W CallbackCore: [ACbAdptor-0-FrameHandler::updateMetaItem] [frameNumber 5] already receive error buffer, ignore meta
08-05 16:55:35.362  1482 22892 W CallbackCore: [ACbAdptor-0-FrameHandler::operator()] [Image Stream Buffer] Error happens - frameNumber:5 streamId:0x2
08-05 16:55:35.362  1482 22892 I CallbackCore: [ACbAdptor-0-FrameHandler::prepareErrorFrame] [frameNumber 5] request error
08-05 16:55:35.362  1482 22920 W MtkCam/streambuf: [markUserStatus] App:Meta:FD:0x1000000000000092:0xb400007c59d19200 producer:0x1600 released w/o using -> ERROR buffer - user status:0x8:0x8
08-05 16:55:35.362  1482 22892 W CallbackCore: [ACbAdptor-0-FrameHandler::updateCallback] frameNumber 5 is removed before shutter callbacked, there MUST have error frames or meta be sent for the request
08-05 16:55:35.362  1482 22891 W ACbAdptor: [scanSrcQueue] [CamDej] frameNumber 5 missing timestamp
08-05 16:55:35.362  1482 22891 W ACbAdptor: [scanSrcQueue] [CamDej] flush (5/)
08-05 16:55:35.362  1482 22920 W mtkcam-pipeline: [getTimestamps] [ requestNo:5 frameNo:5 ] The timestamp doesn't exist for sensorId:-1
08-05 16:55:35.362  1482 22892 W CallbackCore: [ACbAdptor-0-FrameHandler::getSafeFrameParcel] frameNumber5is not in FrameMap; FrameMap: 6 7
08-05 16:55:35.362  1482 22892 W CallbackCore: [ACbAdptor-0-FrameHandler::updateMessageItem] frameNumber 5, update message failed
08-05 16:55:35.362  1482 22892 W CallbackCore: [ACbAdptor-0-FrameHandler::getSafeFrameParcel] frameNumber5is not in FrameMap; FrameMap: 6 7
08-05 16:55:35.362  1482 22892 W CallbackCore: [ACbAdptor-0-FrameHandler::updateMetaItem] reqeustNo 5, update meta failed
08-05 16:55:35.362  1482 22920 W mtkcam-pipeline: [getTimestamps] [ requestNo:5 frameNo:5 ] The timestamp doesn't exist for sensorId:-1
08-05 16:55:35.362  1482 22920 I MtkCam/P2/MWFrame: [releaseFrameStream] P2S cam 0 MWFrame:#6 MWReq:#6, frame 0 : Node0x1500 Flush FrameNo(6)
08-05 16:55:35.362  1482 22920 W mtkcam-pipeline: [getTimestamps] [ requestNo:6 frameNo:6 ] The timestamp doesn't exist for sensorId:-1
08-05 16:55:35.362  1482 22920 W MtkCam/streambuf: [markUserStatus] Hal:Meta:P2S:Dynamic:0x100000000000001b:0xb400007c59d26080 producer:0x1500 released w/o using -> ERROR buffer - user status:0x8:0x8
08-05 16:55:35.362  1482 22920 W MtkCam/streambuf: [markUserStatus] App:Meta:P2S:Dynamic:0x100000000000004b:0xb400007c59cfbb40 producer:0x1500 released w/o using -> ERROR buffer - user status:0x8:0x8
08-05 16:55:35.362  1482 22920 W MtkCam/streambuf: [markUserStatus] s0:d0:App:NV21:0|SW_READ_OFTEN|SW_WRITE_OFTEN|HW_CAMERA_WRITE|HW_TEXTURE|HW_COMPOSER:0:0xb400007b59daad70 producer:0x1500 released w/o using -> ERROR buffer - user status:0x8:0x8
08-05 16:55:35.362  1482 30461 I RequestRegulator: [stop] sof signal +
08-05 16:55:35.362  1482 22920 W MtkCam/streambuf: [markUserStatus] s2:d0:App:NV21:0|SW_READ_OFTEN|SW_WRITE_OFTEN|HW_CAMERA_WRITE:0x2:0xb400007b59d492f0 producer:0x1500 released w/o using -> ERROR buffer - user status:0x8:0x8
08-05 16:55:35.362  1482 22892 W CallbackCore: [ACbAdptor-0-FrameHandler::operator()] [Image Stream Buffer] Error happens - frameNumber:6 streamId:0x0
08-05 16:55:35.362  1482 22920 W mtkcam-pipeline: [getTimestamps] [ requestNo:6 frameNo:6 ] The timestamp doesn't exist for sensorId:-1
08-05 16:55:35.362  1482 22892 W CallbackCore: [ACbAdptor-0-FrameHandler::operator()] [Image Stream Buffer] Error happens - frameNumber:6 streamId:0x2
08-05 16:55:35.362  1482 22920 W MtkCam/streambuf: [markUserStatus] App:Meta:FD:0x1000000000000092:0xb400007c59db8d00 producer:0x1600 released w/o using -> ERROR buffer - user status:0x8:0x8
08-05 16:55:35.362  1482 22892 I CallbackCore: [ACbAdptor-0-FrameHandler::prepareErrorFrame] [frameNumber 6] request error
08-05 16:55:35.362  1482 22920 W mtkcam-pipeline: [getTimestamps] [ requestNo:6 frameNo:6 ] The timestamp doesn't exist for sensorId:-1
08-05 16:55:35.362  1482 22892 W CallbackCore: [ACbAdptor-0-FrameHandler::updateCallback] frameNumber 6 is removed before shutter callbacked, there MUST have error frames or meta be sent for the request
08-05 16:55:35.362  1482 22920 W mtkcam-pipeline: [getTimestamps] [ requestNo:6 frameNo:6 ] The timestamp doesn't exist for sensorId:-1
08-05 16:55:35.362  1482 22892 W CallbackCore: [ACbAdptor-0-FrameHandler::getSafeFrameParcel] frameNumber6is not in FrameMap; FrameMap: 7
08-05 16:55:35.362  1482 22892 W CallbackCore: [ACbAdptor-0-FrameHandler::updateMessageItem] frameNumber 6, update message failed
08-05 16:55:35.362  1482 22891 W ACbAdptor: [scanSrcQueue] [CamDej] frameNumber 6 missing timestamp
08-05 16:55:35.362  1482 22892 W CallbackCore: [ACbAdptor-0-FrameHandler::getSafeFrameParcel] frameNumber6is not in FrameMap; FrameMap: 7
08-05 16:55:35.362  1482 22891 W ACbAdptor: [scanSrcQueue] [CamDej] flush (6/)
08-05 16:55:35.362  1482 22892 W CallbackCore: [ACbAdptor-0-FrameHandler::updateMetaItem] reqeustNo 6, update meta failed
08-05 16:55:35.362  1482 22920 I MtkCam/P2/MWFrame: [releaseFrameStream] P2S cam 0 MWFrame:#7 MWReq:#7, frame 0 : Node0x1500 Flush FrameNo(7)
08-05 16:55:35.362  1482 22920 W mtkcam-pipeline: [getTimestamps] [ requestNo:7 frameNo:7 ] The timestamp doesn't exist for sensorId:-1
