08-05 16:55:34.962  1482 22927 I TASKMAIN: [task_handler_init] user count(1)
08-05 16:55:34.962  1482 22927 I REDSYS  : [thread_create] SCHED_OTHER min/max(0/0) priority
08-05 16:55:34.962  1482 22927 I REDSYS  : [thread_create] SCHED_OTHER min/max(0/0) priority
08-05 16:55:34.962  1482 22927 I REDSYS  : [thread_create] SCHED_OTHER min/max(0/0) priority
08-05 16:55:34.963  1482 22927 I REDSYS  : [thread_create] SCHED_OTHER min/max(0/0) priority
08-05 16:55:34.963  1197  2264 D SurfaceFlinger: setDesiredDisplayModeSpecs: by process 1771
08-05 16:55:34.963 21505 22685 D Camera2CaptureRequestBuilder: createCaptureRequest
08-05 16:55:34.963  1482 22927 I REDSYS  : [thread_create] SCHED_OTHER min/max(0/0) priority
08-05 16:55:34.963  1197  1197 D RefreshRateSelector: constructAvailableRefreshRates: {defaultModeId=0, allowGroupSwitching=false, primaryRanges={physical=[60.00 Hz, inf Hz], render=[60.00 Hz, 60.00 Hz]}, appRequestRanges={physical=[60.00 Hz, inf Hz], render=[60.00 Hz, 60.00 Hz]}} 
08-05 16:55:34.963  1482 22927 I REDSYS  : [thread_create] SCHED_OTHER min/max(0/0) priority
08-05 16:55:34.963  1197  1197 D RefreshRateSelector: primary render rates: 60.00 Hz (60.00 Hz) 
08-05 16:55:34.963  1197  1197 D RefreshRateSelector: app request render rates: 60.00 Hz (60.00 Hz) 
08-05 16:55:34.963  1197  1197 I RefreshRateSelector: constructAvailableRefreshRates: Found m60HzRefreshRateModeOpt at index 3
08-05 16:55:34.963  1197  1197 D RefreshRateSelector: Special render rates: 
08-05 16:55:34.963  1197  1197 D RefreshRateSelector: [-1851359882:90:120]: mTouchBoostRefreshRateAvailable=0, mScrollBoostRefreshRateAvailable=0
08-05 16:55:34.963  1482 22946 I TASKMAIN: [tk_thread_func] create tk thread id: 1
08-05 16:55:34.963  1482 22946 D TASKDP  : [dispatch_task] dispatch_task +(thre_id = 1)
08-05 16:55:34.963  1197  1197 I RefreshRateSelector: Display 0 policy changed
08-05 16:55:34.963  1197  1197 I RefreshRateSelector: Previous: {defaultModeId=0, allowGroupSwitching=false, primaryRanges={physical=[60.00 Hz, inf Hz], render=[60.00 Hz, 120.00 Hz]}, appRequestRanges={physical=[0.00 Hz, inf Hz], render=[0.00 Hz, 120.00 Hz]}}
08-05 16:55:34.963  1197  1197 I RefreshRateSelector: Current:  DisplayManagerPolicy{defaultModeId=0, allowGroupSwitching=false, primaryRanges={physical=[60.00 Hz, inf Hz], render=[60.00 Hz, 60.00 Hz]}, appRequestRanges={physical=[60.00 Hz, inf Hz], render=[60.00 Hz, 60.00 Hz]}}
08-05 16:55:34.963  1197  1197 I RefreshRateSelector: 7 mode changes were performed under the previous policy
08-05 16:55:34.963  1197  1197 D SurfaceFlinger: Setting desired display mode specs: {defaultModeId=0, allowGroupSwitching=false, primaryRanges={physical=[60.00 Hz, inf Hz], render=[60.00 Hz, 60.00 Hz]}, appRequestRanges={physical=[60.00 Hz, inf Hz], render=[60.00 Hz, 60.00 Hz]}} for display 0
08-05 16:55:34.963  1482 22927 I REDSYS  : [thread_create] SCHED_OTHER min/max(0/0) priority
08-05 16:55:34.963  1197  1197 I SurfaceFlinger: Switching to Scheduler preferred mode 3 (60.00 Hz)
08-05 16:55:34.963  1482 22927 I REDSYS  : [thread_create] SCHED_OTHER min/max(0/0) priority
08-05 16:55:34.963  1482 22927 I REDSYS  : [thread_create] SCHED_OTHER min/max(0/0) priority
08-05 16:55:34.964  1482 22951 I TASKMAIN: [tk_thread_func] create tk thread id: 6
08-05 16:55:34.964  1482 22951 D TASKDP  : [dispatch_task] dispatch_task +(thre_id = 6)
08-05 16:55:34.964  1482 22927 D TKDrvHL : [init_tkMap] +
08-05 16:55:34.964  1482 22927 D TKDrvHL : [init_tkMap] -
08-05 16:55:34.964  1482 22927 I WPE     : [wpe_init_handler] +, sz: drv_cfg(0xd8),WPE_HW_MAX(3),WPE_TDR_BUF_MAXSZ(8192),cq_desc(348),cq_virt(4096)
08-05 16:55:34.964  1482 22927 I REDSYS  : [pool_mmap_byfd] Map pool(0) length(921600), fd(241)
08-05 16:55:34.964  1482 22952 I TASKMAIN: [tk_thread_func] create tk thread id: 7
08-05 16:55:34.964  1482 22952 D TASKDP  : [dispatch_task] dispatch_task +(thre_id = 7)
08-05 16:55:34.964  1482 22927 I REDSYS  : [pool_mmap_byfd] Map pool(1) length(1662976), fd(269)
08-05 16:55:34.964  1482 22927 I WPE     : [wpe_init_wbuf_base] va/iova/mapsz: cq(0x797befd000/0x3c0000000/0xe1000),tdr(0x797bd67000/0x3bfe00000/0x196000),psp(0x797bfd0914/0x3c00d3914)
08-05 16:55:34.964  1482 22950 I TASKMAIN: [tk_thread_func] create tk thread id: 5
08-05 16:55:34.964  1482 22950 D TASKDP  : [dispatch_task] dispatch_task +(thre_id = 5)
08-05 16:55:34.964  1482 22927 I WPE     : [wpe_init_handler] -
08-05 16:55:34.964  1482 22927 I REDSYS  : [pool_mmap_byfd] Map pool(2) length(1048576), fd(284)
08-05 16:55:34.964  1482 22927 I REDSYS  : [pool_mmap_byfd] Map pool(3) length(2097152), fd(285)
08-05 16:55:34.964  1482 22927 I REDSYS  : [pool_mmap_byfd] Map pool(4) length(5013504), fd(270)
08-05 16:55:34.964  1197  1197 D SurfaceFlinger: MtkOverrideDuration: update vsync 60
08-05 16:55:34.964  1197  1197 E SurfaceFlinger: MtkDuration override mode is disabled
08-05 16:55:34.964  1197  1197 D SurfaceFlinger: MtkOverrideDuration: reset override duration
08-05 16:55:34.964  1482 22927 I REDSYS  : [pool_mmap_byfd] Map pool(5) length(30179328), fd(276)
08-05 16:55:34.965  1197  1197 I SurfaceFlinger: setActiveModeInHwcIfNeeded changing active mode to 3(60.00 Hz) for display 0
08-05 16:55:34.965  1482 22945 I TASKMAIN: [tk_thread_func] create tk thread id: 0
08-05 16:55:34.965  1482 22945 D TASKDP  : [dispatch_task] dispatch_task +(thre_id = 0)
08-05 16:55:34.965  1061  2226 I hwcomposer: [HWC] (0) displaySetActiveConfig config:3  
08-05 16:55:34.966  1482 22927 I REDSYS  : [pool_mmap_byfd] Map pool(6) length(6062080), fd(277)
08-05 16:55:34.966  1482 22948 I TASKMAIN: [tk_thread_func] create tk thread id: 3
08-05 16:55:34.966  1482 22948 D TASKDP  : [dispatch_task] dispatch_task +(thre_id = 3)
08-05 16:55:34.966  1482 22927 I REDSYS  : [pool_mmap_byfd] Map pool(7) length(33222656), fd(281)
08-05 16:55:34.966  1482 22953 I TASKMAIN: [tk_thread_func] create tk thread id: 8
08-05 16:55:34.967  1482 22953 D TASKDP  : [dispatch_task] dispatch_task +(thre_id = 8)
08-05 16:55:34.968  1482 22927 I DIPHANDLER: [dip_init_handler] CQ va/iova(0x0x79787c9000/0x35b400000), tdr va/iova(0x0x793eb32000/0x342a00000)
08-05 16:55:34.968  1482 22927 I DIPHANDLER: [dip_init_handler] + g_sceninfo[0].ofst_tb.info(0x0x0)
08-05 16:55:34.968  1482 22927 I DIPHANDLER: [dip_init_handler] - g_sceninfo[0].ofst_tb.info(0x0xb400007a79d046f0)
08-05 16:55:34.968  1482 22927 I DIPHANDLER: [init_wbuf_oft_table] DIP_A_END_[257], desc_size[3096], DIP_REG_RANGE[94208], TDR_BUF_MAXSZ[144384], tdr_addr_table_size(4096) smt_buf_size(23166976)
08-05 16:55:34.968  1482 22927 I DIPHANDLER: [dip_init_handler] + g_sceninfo[1].ofst_tb.info(0x0x0)
08-05 16:55:34.968  1482 22949 I TASKMAIN: [tk_thread_func] create tk thread id: 4
08-05 16:55:34.968  1482 22927 I DIPHANDLER: [dip_init_handler] - g_sceninfo[1].ofst_tb.info(0x0xb400007b59d00550)
08-05 16:55:34.968  1482 22949 D TASKDP  : [dispatch_task] dispatch_task +(thre_id = 4)
08-05 16:55:34.968  1482 22947 I TASKMAIN: [tk_thread_func] create tk thread id: 2
08-05 16:55:34.968  1482 22947 D TASKDP  : [dispatch_task] dispatch_task +(thre_id = 2)
08-05 16:55:34.968  1482 22927 I PQDIPDrv: [pqdip_init_handler] +
08-05 16:55:34.968  1482 22927 I REDSYS  : [pool_mmap_byfd] Map pool(8) length(1245184), fd(282)
08-05 16:55:34.968  1482 22927 I REDSYS  : [pool_mmap_byfd] Map pool(9) length(2031616), fd(283)
08-05 16:55:34.968  1482 22927 I PQDIPDrv: [pqdip_get_cqtdr_buf_info] PQINIT: CQmmapSize/TDRmmapSize(0x130000/0x1f0000),pCQva_base/CQiova_base(0x797bb37000/0x342800000),pTDRva_base/TDRiova_base(0x79785d9000/0x342600000)
08-05 16:55:34.968  1482 22927 I PQDIPDrv: [pqdip_init_cqtdr_buf_info] PQINIT: {A} tdraddr va/iova/size/a_size(0x79785d9000/0x342600000/0x56c/0x1000),TDR va/iova(0x79785da000/0x342601000),CQ va/iova(0x797bb37000/0x342800000)
08-05 16:55:34.968  1482 22927 I PQDIPDrv: [pqdip_init_cqtdr_buf_info] PQINIT: {B} tdraddr va/iova/size/a_size(0x797864c000/0x342673000/0x56c/0x1000),TDR va/iova(0x797864d000/0x342674000),CQ va/iova(0x797bbc9880/0x342892880)
08-05 16:55:34.968  1482 22927 I PQDIPDrv: [pqdip_init_handler] -
08-05 16:55:34.968  1482 22927 I MEHANDLER: [MEDebug_InitAdbCmdSetting] enable ADB debug log +
08-05 16:55:34.968  1482 22927 I MEHANDLER: [MEDebug_InitAdbCmdSetting] enable ADB debug log -
08-05 16:55:34.968  1482 22927 I REDSYS  : [pool_mmap_byfd] Map pool(11) length(23134208), fd(146)
08-05 16:55:34.969  1482 22927 D TKBufHL : [init_wbuffer] gce_cmdbuf(0x79360b3000), swinfo_buffer(0x79373d3000), tpipe_buffer(0x7937493000), bw_buffer(0x7937693000), mmap_working_sz(0x1610000)
08-05 16:55:34.971  1482 22927 D TKBufHL : [init_wbuffer] SYNC_TOKEN_MAX(140) gce_cmd_n_shift:0x2a0000/gce_cmd_s_shift:0x300000, gce queue(0x79958f74d0/0x79958f7f00/0x79958f8020), tpipe(sizeof_0x274c), bw(sizeof_0x3d8),swbuf(swfrm_info_tsz(0x2a90/0x38),clrtoken_sz(0x194), TIME_MAX(192)),sizeof_oft(0x32c)is_smvr(0)MAX_GCEN/GCES/GCEV/TPN/TPV/SFM(112/12/54/100/20/64)-(0x1320000/0x200000/0x2b000/0xc0000)
08-05 16:55:34.971  1482 22927 I TASKMAIN: [task_handler_init] IS_SECURE_SCE(0) smvrmode(0) SMVR_BATCHNUM(0) debug(log_-1, req_1, trace_1) share buf hw_buf,sz,fd/gwfd(0x0,0x0,0/0x92), frmparam_baseva/sz(0x0/0x0)
08-05 16:55:34.971  1482 22927 I TASKMAIN: [task_handler_init] task handler init -
08-05 16:55:34.973  1482 22919 I MtkCam/StreamingPipe/MDPWrapper: [init]init imgStream - [S-PMDPA] maxOutPort=2 Rotatable(wdmao:1, wroto:1), isSecure(0)
08-05 16:55:34.973 21505 22685 D Camera2CaptureRequestBuilder: createCaptureRequest
08-05 16:55:34.973  1482 22919 I MtkCam/StreamingPipe/P2ANode: [initImgStream]+
08-05 16:55:34.973  1482 22919 I MtkCam/StreamingPipe/P2ANode: [initImgStream]-
08-05 16:55:34.973  1482 22919 I MtkCam/StreamingPipe/G_MENode: [initImgStream]+
08-05 16:55:34.973  1482 22919 I MtkCam/StreamingPipe/G_MENode: [initImgStream]-
08-05 16:55:34.974  1482 22919 I MtkCam/StreamingPipe/G_DSNode: [initImgStream]+
08-05 16:55:34.974  1482 22919 I MtkCam/StreamingPipe/G_DSNode: [initImgStream]-
08-05 16:55:34.974  1482 22919 I MtkCam/StreamingPipe/G_DIPNode: [initImgStream]+
08-05 16:55:34.974  1482 22915 I MtkCam/P1NodeImp: [hardwareOps_start] Cam::0 CamCtrl prestart -
08-05 16:55:34.974  1482 22915 I MtkCam/P1NodeImp: [hardwareOps_start] Cam::0 CamCtrl config +
08-05 16:55:34.974  1482 22919 I MtkCam/StreamingPipe/G_DIPNode: [initImgStream]-
08-05 16:55:34.974  1482 22919 I MtkCam/StreamingPipe/G_VNRNode: [initImgStream]+
08-05 16:55:34.975  1482 22915 I MtkCam/PipelineDeploymentBuilder: ( 308) [buildSensorInfo] id(0) size(4096x3072) busFormat(268447751) fps(30) scenario( 0) batchNum(0) mstreamMode(0) byPassSensorConfig(1) hsfMode(0) hardWareMode(0) worstSensorScenario(0)
08-05 16:55:34.975  1482 22915 I MtkCam/PipelineDeploymentBuilder: ( 490) [dumpStreamInfo] drvNodeid(31) size(1024x1) stride(1024) imageFormat(33) rawFormat(0) chunks(1)
08-05 16:55:34.975  1482 22915 I MtkCam/PipelineDeploymentBuilder: ( 490) [dumpStreamInfo] drvNodeid(32) size(4096x408) stride(4096) imageFormat(34820) rawFormat(0) chunks(1)
08-05 16:55:34.975  1482 22915 I MtkCam/PipelineDeploymentBuilder: ( 308) [buildSensorInfo] id(0) size(4096x3072) busFormat(268447751) fps(30) scenario( 0) batchNum(0) mstreamMode(0) byPassSensorConfig(1) hsfMode(0) hardWareMode(0) worstSensorScenario(0)
08-05 16:55:34.975  1482 22915 I MtkCam/PipelineDeploymentBuilder: ( 490) [dumpStreamInfo] drvNodeid(11) size(1600x1200) stride(2000) imageFormat(8217) rawFormat(1) chunks(1)
08-05 16:55:34.975  1482 22915 I MtkCam/PipelineDeploymentBuilder: ( 490) [dumpStreamInfo] drvNodeid(12) size(400x300) stride(672) imageFormat(8222) rawFormat(1) chunks(1)
08-05 16:55:34.975  1482 22915 I MtkCam/PipelineDeploymentBuilder: ( 490) [dumpStreamInfo] drvNodeid(18) size(576x432) stride(576) imageFormat(538982489) rawFormat(1) chunks(1)
08-05 16:55:34.975  1482 22915 I MtkCam/PipelineDeploymentBuilder: ( 490) [dumpStreamInfo] drvNodeid(13) size(1024x768) stride(1280) imageFormat(8217) rawFormat(1) chunks(1)
08-05 16:55:34.975  1482 22915 I MtkCam/PipelineDeploymentBuilder: ( 490) [dumpStreamInfo] drvNodeid(19) size(640x480) stride(640) imageFormat(4096) rawFormat(1) chunks(1)
08-05 16:55:34.975  1482 22915 I MtkCam/PipelineDeploymentBuilder: ( 490) [dumpStreamInfo] drvNodeid(4) size(4096x3072) stride(5120) imageFormat(34820) rawFormat(0) chunks(1)
08-05 16:55:34.975  1482 22915 I MtkCam/PipelineDeploymentBuilder: ( 490) [dumpStreamInfo] drvNodeid(20) size(256x256) stride(512) imageFormat(20) rawFormat(0) chunks(1)
08-05 16:55:34.975  1482 22915 I MtkCam/PipelineDeploymentBuilder: ( 490) [dumpStreamInfo] drvNodeid(23) size(528384x1) stride(528384) imageFormat(33) rawFormat(0) chunks(1)
08-05 16:55:34.975  1482 22915 I MtkCam/PipelineDeploymentBuilder: ( 490) [dumpStreamInfo] drvNodeid(22) size(1081344x1) stride(1081344) imageFormat(33) rawFormat(0) chunks(1)
08-05 16:55:34.975  1482 22915 I MtkCam/PipelineDeploymentBuilder: ( 490) [dumpStreamInfo] drvNodeid(1) size(113664x1) stride(113664) imageFormat(33) rawFormat(0) chunks(1)
08-05 16:55:34.975  1482 22919 I MtkCam/StreamingPipe/G_VNRNode: [initImgStream]-
08-05 16:55:34.975  1482 22915 W MtkCam/PipeMgr: [tryBuildPipeline] Node(meta-input) is not supported
08-05 16:55:34.975  1482 22915 W MtkCam/V4L2VideoNode: [SetBytesPerLine] Invalid plane 0
08-05 16:55:34.975  1482 22919 I MtkCam/StreamingPipe/Node: [enableDumpMask]fpipe.vmdp_p current dumpMask(0x0) prop(vendor.debug.mask.fpipe.vmdp_p)
08-05 16:55:34.975  1482 22915 W MtkCam/V4L2VideoNode: [BytesPerLine] Invalid plane 0 0
08-05 16:55:34.975  1482 22919 I MtkCam/StreamingPipe/MDPWrapper: [init]init imgStream +
08-05 16:55:34.975  1482 22915 W MtkCam/V4L2VideoNode: [SetBytesPerLine] Invalid plane 0
08-05 16:55:34.975  1482 22915 W MtkCam/V4L2VideoNode: [BytesPerLine] Invalid plane 0 0
08-05 16:55:34.975  1482 22915 W MtkCam/V4L2VideoNode: [SetBytesPerLine] Invalid plane 0
08-05 16:55:34.975  1482 22915 W MtkCam/V4L2VideoNode: [BytesPerLine] Invalid plane 0 0
08-05 16:55:34.975  1482 22915 W MtkCam/V4L2VideoNode: [SetBytesPerLine] Invalid plane 0
08-05 16:55:34.975  1482 22915 W MtkCam/V4L2VideoNode: [BytesPerLine] Invalid plane 0 0
08-05 16:55:34.976  1482 22915 W MtkCam/V4L2VideoNode: [SetBytesPerLine] Invalid plane 0
08-05 16:55:34.976  1482 22915 W MtkCam/V4L2VideoNode: [BytesPerLine] Invalid plane 0 0
08-05 16:55:34.976  1482 22915 W MtkCam/V4L2VideoNode: [SetBytesPerLine] Invalid plane 0
08-05 16:55:34.976  1482 22915 W MtkCam/V4L2VideoNode: [BytesPerLine] Invalid plane 0 0
08-05 16:55:34.976  1482 22915 W MtkCam/V4L2VideoNode: [SetBytesPerLine] Invalid plane 0
08-05 16:55:34.976  1482 22915 W MtkCam/V4L2VideoNode: [BytesPerLine] Invalid plane 0 0
08-05 16:55:34.976  1482 22915 W MtkCam/PipeMgr: [tryBuildPipeline] Node(partial-meta-0) is not supported
08-05 16:55:34.976  1482 22915 W MtkCam/PipeMgr: [tryBuildPipeline] Node(partial-meta-1) is not supported
08-05 16:55:34.976  1482 22915 W MtkCam/PipeMgr: [tryBuildPipeline] Node(meta-input) is not supported
08-05 16:55:34.976  1482 22915 W MtkCam/PipeMgr: [tryBuildPipeline] Node(partial-meta-0) is not supported
08-05 16:55:34.976  1482 22915 W MtkCam/PipeMgr: [configPipeline] pipeStream(mtk-cam raw-0) is not active, force request fd to -1
08-05 16:55:34.976  1482 22919 I MtkCam/StreamingPipe/MDPWrapper: [init]init imgStream - [SF_PQ0] maxOutPort=2 Rotatable(wdmao:1, wroto:1), isSecure(0)
08-05 16:55:34.976  1482 22919 I MtkCam/StreamingPipe/Node: [enableDumpMask]fpipe.tpi.0.MOT_FEATURE_HDRD.21 current dumpMask(0x3) prop(vendor.debug.mask.fpipe.tpi)
08-05 16:55:34.976  1482 22915 W MtkCam/V4L2VideoNode: [SetBytesPerLine] Invalid plane 0
08-05 16:55:34.976  1482 22931 I MtkCam/P2G/BufferPoolCtrl: [autoAllocate]img3o_0 allocate 0+3/3 buf (0x2019/MTK_YUV_P010)(1600x1216) in 42 ms
08-05 16:55:34.976  1482 22915 W MtkCam/V4L2VideoNode: [SetBytesPerLine] Invalid plane 0
08-05 16:55:34.976  1482 22915 W MtkCam/V4L2VideoNode: [SetBytesPerLine] Invalid plane 0
08-05 16:55:34.976  1482 22915 W MtkCam/V4L2VideoNode: [SetBytesPerLine] Invalid plane 0
08-05 16:55:34.976  1482 22915 W MtkCam/V4L2VideoNode: [SetBytesPerLine] Invalid plane 0
08-05 16:55:34.976  1482 22915 W MtkCam/V4L2VideoNode: [SetBytesPerLine] Invalid plane 0
08-05 16:55:34.976  1482 22915 W MtkCam/V4L2VideoNode: [SetBytesPerLine] Invalid plane 0
08-05 16:55:34.976  1482 22915 W MtkCam/PipeMgr: [configPipeline] pipeStream(mtk-cam mraw-0) is not active, force request fd to -1
08-05 16:55:34.977  1482 22915 W MtkCam/RequestLicenseMgr: [release] requestFd(150) was allocated but not enqued yet, close it
08-05 16:55:34.977  1482 22915 I MtkCam/CamCoordinatorAgent: ( 271) [configNonLaggingP1Drv] trigger NonLagging - errorCode(0)
08-05 16:55:34.977  1482 22915 I MtkCam/P1NodeImp: [hardwareOps_start] Cam::0 CamCtrl config -
08-05 16:55:34.977  1482 22915 I MtkCam/P1NodeImp: [hardwareOps_start] CamCtrl_CFG appt:0 lowLatency:0 init:0
08-05 16:55:34.977  1482 22915 I MtkCam/P1NodeImp: [hardwareOps_start] Cam::0 CamCtrl start +
08-05 16:55:34.978  1482 22919 I MtkCam/P2/P2DumpPlugin: [P2DumpPlugin]forceNDD(0) mode/start/count(0/0/0) mask: in/out(0x0/0x0)
08-05 16:55:34.978  1482 22931 I MtkCam/P2G/BufferPoolCtrl: [autoAllocate]in_f0 allocate 0+1/1 buf (0x2019/MTK_YUV_P010)(1600x1216) in 2 ms
08-05 16:55:34.979  1482 22919 I MtkCam/P2/StreamingProcessor: [needReConfig] P2S cam 0: re-config=0, EISMode(0=>0), EISFactor(100=>100), Size(1600x1200=>1600x1200)
08-05 16:55:34.979  1482  1844 I MtkCam/CCD: create service with SCHED_RR or SCHED_FIFO:2
08-05 16:55:34.979  1482 22977 I MtkCam/StreamingPipe/G_VNRNode: [startPhaseThreads]start phase threads +
08-05 16:55:34.979  1482 22931 I MtkCam/P2G/BufferPoolCtrl: [autoAllocate]fwme_fst allocate 0+6/6 buf (0x21/BLOB)(400x1) in 0 ms
08-05 16:55:34.980  1482 22931 I MtkCam/P2G/BufferPoolCtrl: [autoAllocate]fwmm_fst allocate 0+3/3 buf (0x21/BLOB)(80x1) in 0 ms
08-05 16:55:34.980  1482 22931 I MtkCam/P2G/BufferPoolCtrl: [autoAllocate]fwmm_rst allocate 0+3/3 buf (0x21/BLOB)(132x1) in 0 ms
08-05 16:55:34.981  1482 22931 I MtkCam/P2G/BufferPoolCtrl: [autoAllocate]fwmm_mil allocate 0+3/3 buf (0x20203859/Y8)(144x108) in 0 ms
08-05 16:55:34.982  1482 22931 I MtkCam/P2G/BufferPoolCtrl: [autoAllocate]me_gyro allocate 0+3/3 buf (0x21/BLOB)(3072x1) in 0 ms
08-05 16:55:34.982  1482 22985 I MtkCam/CCD: workerservice: mtk-camsys0 src: 1
08-05 16:55:34.983  1482 22931 I MtkCam/P2G/BufferPoolCtrl: [autoAllocate]me_in allocate 0+8/8 buf (0x20203859/Y8)(576x432) in 1 ms
08-05 16:55:34.985  1482 22931 I MtkCam/P2G/BufferPoolCtrl: [autoAllocate]me_mv0 allocate 0+24/24 buf (0x2402/4BYTE)(144x108) in 1 ms
08-05 16:55:34.987  1482 22983 I MtkCam/P2/CaptureProcessor: [onInit] P2C cam 0: (0xb400007b99cf7c00) uniqueKey:145534914
08-05 16:55:34.987  1482 22983 I MtkCam/P2/CaptureProcessor: [onInit] P2C cam 0: create captureFeaturePipe, isDualCam:0, sensor count:1
08-05 16:55:34.987  1482 22983 I MtkCam/P2/CaptureProcessor: [onInit] P2C cam 0: supportSceneroiFeatures:0xa000000412075 dualMode:0
08-05 16:55:34.987  1482 22983 I MtkCam/CapturePipe/RAWNode: [RAWNode](0xb400007bf9d8ce60) ctor
08-05 16:55:34.987  1482 22983 I MtkCam/CapturePipe/MultiFrameNode: [MultiFrameNode](0xb400007bf9d948b0) ctor
08-05 16:55:34.987  1482 22983 I MtkCam/CapturePipe/YUVNode: [YUVNode](0xb400007bf9cedf90) ctor
08-05 16:55:34.987  1482 22983 I MtkCam/CapturePipe/YUVNode: [onInit](0xb400007bf9cedf90)(10) uniqueKey:145534914
08-05 16:55:34.988  1482 22931 I MtkCam/P2G/BufferPoolCtrl: [autoAllocate]me_mv1 allocate 0+24/24 buf (0x2402/4BYTE)(36x27) in 3 ms
08-05 16:55:34.989  1482 22915 E MtkCam/V4L2Device: [SubscribeEvent] Error subscribing event 0x08000003 (SubscribeEvent){#111:vendor/mediatek/proprietary/hardware/mtkcam-core/hw/camsys/pipe_mgr/isp7/mc/v4l2_device/v4l2_device.cpp}
08-05 16:55:34.989  1482 22915 E MtkCam/PipeMgr: [subscribeEvent] /dev/v4l-subdev27 Error, (err = -1) (subscribeEvent){#2224:vendor/mediatek/proprietary/hardware/mtkcam-core/hw/camsys/pipe_mgr/isp7/PipeMgr.cpp}
08-05 16:55:34.989  1482 22983 I MtkCam/CapturePipe/RAWNode: [onInit](0xb400007bf9d8ce60) uniqueKey:145534914
08-05 16:55:34.989  1482 22983 I MtkCam/CapturePipe/MultiFrameNode: [onInit](0xb400007bf9d948b0) uniqueKey:145534914
08-05 16:55:34.989  1482 22977 I MtkCam/StreamingPipe/G_VNRNode: [startPhaseThreads]i=0
08-05 16:55:34.990  1482 22977 I MtkCam/StreamingPipe/G_VNRNode: [startPhaseThreads]i=1
08-05 16:55:34.990  1482 22977 I MtkCam/StreamingPipe/G_VNRNode: [startPhaseThreads]i=2
08-05 16:55:34.990  1482 22977 I MtkCam/StreamingPipe/G_VNRNode: [startPhaseThreads]i=3
08-05 16:55:34.990  1482 22977 I MtkCam/StreamingPipe/G_VNRNode: [startPhaseThreads]i=4
08-05 16:55:34.992  1482 22977 I MtkCam/StreamingPipe/G_VNRNode: [startPhaseThreads]i=5
08-05 16:55:34.992  1482 22977 I MtkCam/StreamingPipe/G_VNRNode: [startPhaseThreads]start phase threads -
08-05 16:55:34.993  1482 22938 D AppAISHUTTERME: getInstance 
08-05 16:55:34.993  1482 22938 D AppAISHUTTERME: [AppAISHUTTERME] VERSION v1.0.0 
08-05 16:55:34.993  1482 22938 D AppAISHUTTERME: constructor
08-05 16:55:34.993  1482 22938 D AppAISHUTTERME: FeatureCtrl  FeatureID(4) 
08-05 16:55:34.993  1482 22938 D AppAISHUTTERME: setTuningInfo: mvConfThl=0, bbRatio=0
08-05 16:55:34.993  1482 22938 D AppAISHUTTERME: setTuningInfo: l1yDarkThl=0 meSource=4
08-05 16:55:34.993  1771  1828 I DisplayDeviceRepository: Display device changed: DisplayDeviceInfo{"Built-in Screen": uniqueId="local:0", 1080 x 2400, modeId 4, renderFrameRate 60.000004, defaultModeId 1, supportedModes [{id=1, width=1080, height=2400, fps=120.00001, alternativeRefreshRates=[60.0, 90.0, 144.00002], supportedHdrTypes=[2, 3, 4]}, {id=2, width=1080, height=2400, fps=144.00002, alternativeRefreshRates=[60.0, 90.0, 120.00001], supportedHdrTypes=[2, 3, 4]}, {id=3, width=1080, height=2400, fps=90.0, alternativeRefreshRates=[60.0, 120.00001, 144.00002], supportedHdrTypes=[2, 3, 4]}, {id=4, width=1080, height=2400, fps=60.0, alternativeRefreshRates=[90.0, 120.00001, 144.00002], supportedHdrTypes=[2, 3, 4]}], supportedReadyForModes [], colorMode 0, supportedColorModes [0, 7, 9], hdrCapabilities HdrCapabilities{mSupportedHdrTypes=[2, 3, 4], mMaxLuminance=500.0, mMaxAverageLuminance=500.0, mMinLuminance=0.0}, allmSupported false, gameContentTypeSupported false, density 400, 401.898 x 401.898 dpi, appVsyncOff 9777779, presDeadline 24000000, cutout DisplayCutout{insets=Rect(0, 105 - 0, 0) waterfall=Insets{left=0, top=0, right=0, bottom=0} boundingRect={Bounds=[Rect(0, 0 - 0, 0), Rect(505, 0 - 575, 105), Rect(0, 0 - 0, 0), Rect(0, 0 - 0, 0)]} cutoutPathParserInfo={CutoutPathParserInfo{displayWidth=1080 displayHeight=2400 physicalDisplayWidth=1080 physicalDisplayHeight=2400 density={2.5} cutoutSpec={M -35,0 L 35,0 L 35,105 L -35,105 Z} rotation={0} scale={1.0} physicalPixelDisplaySizeRatio={1.0}}}}, touch INTERNAL, rotation 0, type INTERNAL, address {port=0}, deviceProductInfo null, state ON, committedState ON, frameRateOverride , brightnessMinimum 0.0, brightnessMaximum 1.0, brightnessDefault 0.38188976, hdrSdrRatio 1.0000154, roundedCorners RoundedCorners{[RoundedCorner{position=TopLeft, radius=100, center=Point(100, 100)}, RoundedCorner{position=TopRight, radius=100, center=Point(980, 100)}, RoundedCorner{position=BottomRight, radius=100, center=Point(980, 2300)}, RoundedCorner{position=BottomLeft, radius=100, center=Point(100, 2300)}]}, FLAG_ALLOWED_TO_BE_DEFAULT_DISPLAY, FLAG_ROTATES_WITH_CONTENT, FLAG_SECURE, FLAG_SUPPORTS_PROTECTED_BUFFERS, FLAG_TRUSTED, installOrientation 0, displayShape DisplayShape{ spec=-1893857183 displayWidth=1080 displayHeight=2400 physicalPixelDisplaySizeRatio=1.0 rotation=0 offsetX=0 offsetY=0 scale=1.0}}
08-05 16:55:34.994  1482 22938 D AppAISHUTTERME: Init 
08-05 16:55:34.994  1482 22938 D AppAISHUTTERME: maxMVWidth(144), maxMVHeight(144)
08-05 16:55:34.994  1482 22938 D AppAISHUTTERME: maxSegWidth(128), maxSegHeight(128)
08-05 16:55:34.994  1482 22938 D AppAISHUTTERME: [AppAISHUTTERME] initialize 
08-05 16:55:34.994  1482 22938 D AppAISHUTTERME: mode:0, maxMVWidth:144, maxMVHeight:144, maxSegWidth:128, maxSegHeight:128, uniKey:779446683261611
08-05 16:55:34.994  1482 22938 D AppAISHUTTERME: [initializeTuningParam] debugLevel(0)
08-05 16:55:34.994  1482 22938 D AppAISHUTTERME: [initializeTuningParam] logLevel(0)
08-05 16:55:34.994  1482 22938 D AppAISHUTTERME: [getBufferSizeNeeded] buffersize Needed: 632464
08-05 16:55:34.994  1482 22938 D AppAISHUTTERME: [setupBuffer] buf size(632464) buf addr(0x71a73970)
08-05 16:55:34.995  1482 22938 I AfMgrAdapt: [Config] [Config:203] is_support_af(1/0)
08-05 16:55:34.995  1482 22938 I AfMgrAdapt: [Config] [Config:212] sensor_pclk(75000000) sensor_line(272892504)
08-05 16:55:34.995  1482 22938 I AfMgrAdapt: [Config] [Config:232] prop(1)
08-05 16:55:34.995  1482 22938 I AfMgrAdapt: [Config] [Config:240] prop(1)
08-05 16:55:34.996  1482 22931 I MtkCam/P2G/BufferPoolCtrl: [autoAllocate]me_mmap allocate 0+15/15 buf (0x221a/WARP_2P)(289x217) in 7 ms
08-05 16:55:34.996  1482 22938 D AppTsf  : [AppTsf] constructor; ShadingVersion: SVN244
08-05 16:55:34.996  1482 22931 I MtkCam/P2G/BufferPoolCtrl: [autoAllocate]unknown allocate 0+3/3 buf (0x221a/WARP_2P)(289x217) in 0 ms
08-05 16:55:34.997  1482 22931 I MtkCam/P2G/BufferPoolCtrl: [autoAllocate]me_conf allocate 0+12/12 buf (0x20203859/Y8)(144x108) in 0 ms
08-05 16:55:34.997 21505 22685 D CaptureSession: CameraCaptureSession.onConfigured() mState=OPENED
08-05 16:55:34.997  1442  1442 W libc    : Access denied finding property "hwservicemanager.ready"
08-05 16:55:34.997  1482 22931 I MtkCam/P2G/BufferPoolCtrl: [autoAllocate]me_fst allocate 0+12/12 buf (0x2402/4BYTE)(1x112) in 0 ms
08-05 16:55:34.997  1482 22931 I MtkCam/P2G/BufferPoolCtrl: [autoAllocate]me_fmb0 allocate 0+6/6 buf (0x2402/4BYTE)(36x27) in 0 ms
08-05 16:55:34.997  1482 22931 I MtkCam/P2G/BufferPoolCtrl: [autoAllocate]me_fmb1 allocate 0+6/6 buf (0x2402/4BYTE)(36x27) in 0 ms
08-05 16:55:34.997  1482 22931 I MtkCam/P2G/BufferPoolCtrl: [autoAllocate]me_lmi allocate 0+6/6 buf (0x2401/2BYTE)(144x108) in 0 ms
08-05 16:55:34.998  1482 22931 I MtkCam/P2G/BufferPoolCtrl: [autoAllocate]idi allocate 0+12/12 buf (0x11/NV21)(64x64) in 0 ms
08-05 16:55:34.998  1482 22931 I MtkCam/P2G/BufferPoolCtrl: [autoAllocate]wt0 allocate 0+8/8 buf (0x20203859/Y8)(128x128) in 0 ms
08-05 16:55:34.999  1482 22931 I MtkCam/P2G/BufferPoolCtrl: [autoAllocate]wt1 allocate 0+16/16 buf (0x20203859/Y8)(128x128) in 0 ms
08-05 16:55:34.999  1482 22931 I MtkCam/P2G/BufferPoolCtrl: [autoAllocate]tnr_so allocate 0+16/16 buf (0x2402/4BYTE)(40x1) in 0 ms
08-05 16:55:34.999  1442  1442 W libc    : Access denied finding property "hwservicemanager.ready"
08-05 16:55:34.999  1482 22938 W af_assist_mgr: [Config] dev(0), req_id(0x0), sensor_id(0x565043), sensor_mode(0), pdaf_support_type(7) sensor_mode_suppport_pdaf(1), pixel_clock(75000000), line_length(600), tg_sz(4096, 3072) cap_sz(4096, 3072)
08-05 16:55:34.999  1482 22938 W af_assist_mgr: [Config] dev(0), PD block info:offset(0,0)/pitch(0,0)/pairNum(0)/subBlkSz(0,0)/blockNum(0,0)/longExpFirst(0)/mirrorFlip(0), PD VC Info:DataType(0x2b)/ID(0x1)/SIZEH(0x1000 PIXEL=0x1400 BYTE)/SIZEV(0x300), win Info:FullImgSz(8192,6144)/Crop(0, 0, 8192, 6144)
08-05 16:55:34.999  1482 22938 W af_assist_mgr: [Config] dev(0) VC:2 CAMSV:(5120, 768) -> PDP:(4096, 384)
08-05 16:55:34.999  1482 22938 W af_assist_mgr: [Config] dev(0), AF calibration information : Inf(321, 10000) Macro(796, 100) Max(1023) , PDAF calibration information : size(1500 BYTE), first 4 dword(0x31303644 0x00f4a4e9 0x000001e4 0x00140004)
08-05 16:55:34.999  1482 22938 W af_assist_mgr: [Config] dev(0), DBKey : sensor_id(0x565043) action(0) project(0) sensor_mode(0) custom_00(0) app(12) module_id(0) custom_feat(0)
08-05 16:55:35.000 21505 22685 D CaptureSession: CameraCaptureSession.onReady() OPENED
08-05 16:55:35.001  1482 22938 E MgrOutputCtrl: [Read][AF] Cannot find specified id(#0xfff12345) ! (PrintLogE){#49:vendor/mediatek/proprietary/hardware/mtkcam-core/aaa/common/mgr_3a_adapter/MgrOutputCtrl.cpp}
08-05 16:55:35.002  1482 22938 I Hal3AImp_v1_0: [Start] [idx(0)] LIFE_CYCLE [443]
08-05 16:55:35.002  1482 22981 E BlackSesameDetect: BST HdrDetect Alg Version 2.0.0.31
08-05 16:55:35.002  1482 22981 E BlackSesameDetect: Sensorid = 0 Seviceid = 0
08-05 16:55:35.002  1482 22931 I MtkCam/P2G/BufferPoolCtrl: [autoAllocate]img4o_f0 allocate 0+4/4 buf (0x2506/UFBC_YUV_P010)(1600x1216) in 3 ms
08-05 16:55:35.003  1482 22931 I MtkCam/P2G/BufferPoolCtrl: [autoAllocate]img4o_f1 allocate 0+4/4 buf (0x201e/MTK_YUV_P012)(448x320) in 0 ms
08-05 16:55:35.004  1482 22931 I MtkCam/P2G/BufferPoolCtrl: [autoAllocate]dip_stt allocate 0+3/3 buf (0x21/BLOB)(738624x1) in 0 ms
08-05 16:55:35.004  1771  1828 D DisplayManagerService: Ignore redundant display event 0/2 to 10341/1030
08-05 16:55:35.004  1482 22938 D p1ggm_if: [p1ggm_init] dbg_deflog_enable:0, dbg_level_enable:0
08-05 16:55:35.004  1771  1828 D DisplayManagerService: Ignore redundant display event 0/2 to 10341/1286
08-05 16:55:35.004  1482 22938 D ALSFlickerDetection: [alsflicker_set_external_function][230]set log function success c9a4d010
08-05 16:55:35.004  1482 22938 D ALSFlickerDetection: algorithm version(3751)
08-05 16:55:35.004  1482 22938 D ALSFlickerDetection: [deleteFlkScoreQueue][237] free state/conf/info(0xb400007b39e2cb00/0xb400007b49f96010/0xb400007c49d58f90)
08-05 16:55:35.004  1482 22938 D ALSFlickerDetection: [newFlkScoreQueue][215] malloc state/conf/info(0xb400007b39e2cb00/0xb400007b49f96010/0xb400007c49d58f90)
08-05 16:55:35.004  1482 22938 I ThreadHelper: [Start] thrdEn:1 thrdLoopStatus:1 wantExit:0 prio:-4jobQueueSize:0/Empty:1
08-05 16:55:35.004  1482 22938 I TaskMgr : [sendEvent] [idx(0)] TaskEvent:PreivewStart check size 1 1
08-05 16:55:35.004  1482 22938 I RequestRegulator: [config] stage(0)/proc(0xb400007bf9d9f2b0)/sof(0xb400007af9ec7210)/due(0xb400007af9e3c280)/cond(0x0)
08-05 16:55:35.004  1482 22938 I RequestRegulator: [config] stage(2)/proc(0xb400007bf9d9f2b0)/sof(0xb400007af9ec7210)/due(0xb400007af9e3c280)/cond(0xb400007bf9d9f058)
08-05 16:55:35.005  1482 22915 I Hal3AFlowCtrl_v1.0: [getSetting] [idx(0)] (Initial Request) Use default 3A result to do EnQ. copy last finished frame info to frame info, req(#0xfffffffeffffffff->#0xfff12345) has_3a_result(1) bDisplayInvalid(0->0)
08-05 16:55:35.005  1482 23030 D DenseAfAssist: [destroy instance AI AF-Assist +][mutex_inference]
08-05 16:55:35.005  1482 23030 D DenseAfAssist: [mutex_model]
08-05 16:55:35.005  1482 23030 D DenseAfAssist: [releaseModel] +
08-05 16:55:35.005  1482 23030 D DenseAfAssist: all rt is released
08-05 16:55:35.005  1482 23030 D DenseAfAssist: all inference resource is released
08-05 16:55:35.005  1482 23030 D DenseAfAssist: [releaseModel] -
08-05 16:55:35.005  1482 23030 D DenseAfAssist: [destroy instance AI AF-Assist -]i4PDSensorType = 1
08-05 16:55:35.005  1482 23030 D DenseAfAssist: ret 0ai af-assist is licensed. en:1
08-05 16:55:35.005  1482 23030 D DenseAfAssist: Disable AI by the current arg.
08-05 16:55:35.005  1482 23030 D DenseAfAssist: [init AI AF-Assist Algo base][CAT][AiAfAlgoBase] ver:202203291 fun_en:0 log_en:0 dump_en:0 cvconf:0 fp:0 force_np:0 align_cv_roi:2mdla:1ConfScale:1.00 iir_min:0.10 iir_max:0.95 iir_dac:3200 moire_res:0.00 moire_conf:0
08-05 16:55:35.005  1482 23030 D DenseAfAssist: [initAfAssist]
08-05 16:55:35.005  1482 23030 D DenseAfAssist: [DualPDv1] Dual PD running version 1 with N-OPT
08-05 16:55:35.005  1482 23030 D DenseAfAssist: [DualPDv1] Dual PD running version 1 with C-OPT
08-05 16:55:35.005  1482 23030 D DenseAfAssist: DUAL PD INFO 22365002 21361001 21365001 21093001[parseCaliData] DP01 version = 16033001, size = 484
08-05 16:55:35.005  1482 23030 D DenseAfAssist: [parseStep1] grid x = 20, grid y = 4, center (10,2) = 1.007
08-05 16:55:35.005  1482 23030 D DenseAfAssist: [parseStep1] corner (0,0) = 1.005, corner (19,0) = 0.943
08-05 16:55:35.005  1482 23030 D DenseAfAssist: [parseStep1] corner (0,3) = 1.021, corner (19,3) = 0.926
08-05 16:55:35.005  1482 23030 D DenseAfAssist: [parseCaliData] DP02 version = 16033001, size = 992
08-05 16:55:35.005  1482 23030 D DenseAfAssist: [parseStep2] ver = P464, slope base = 512, sensor type = 4
08-05 16:55:35.005  1482 23030 D DenseAfAssist: [parseStep3] center (5) = 0.500, corner (0) = 0.219, corner (3) = 0.062
08-05 16:55:35.005  1482 23030 D DenseAfAssist: [parseStep3] corner (12) = 0.156, corner (15) = 0.094
08-05 16:55:35.005  1482 23030 D DenseAfAssist: [parseStep2] raw size = (4096, 3072)
08-05 16:55:35.005  1482 23030 D DenseAfAssist: [parseStep2] grid x = 8, grid y = 8, cap. num = 10, focus pos. = 578
08-05 16:55:35.005  1482 23030 D DenseAfAssist: [parseStep2] center (4,4) = 54.135, corner (0,0) = 56.457, corner (7,0) = 59.375
08-05 16:55:35.005  1482 23030 D DenseAfAssist: [parseStep2] corner (0,7) = 57.367, corner (7,7) = 60.041
08-05 16:55:35.005  1482 23030 D DenseAfAssist: m_tuningData.X = 64, m_tuningData.Y = 64
08-05 16:55:35.005  1482 23030 D DenseAfAssist: m_tuningData.Cidx1 = 8 10 10 10 20 
08-05 16:55:35.005  1482 23030 D DenseAfAssist: m_tuningData.CIdx2 = 384 410 435 461 486 
08-05 16:55:35.005  1482 23030 D DenseAfAssist: m_tuningData.CT[0] = 0 0 7 8 9 9 
08-05 16:55:35.005  1482 23030 D DenseAfAssist: m_tuningData.CT[1] = 0 10 10 10 30 45 
08-05 16:55:35.005  1482 23030 D DenseAfAssist: m_tuningData.CT[2] = 0 10 35 40 45 50 
08-05 16:55:35.005  1482 23030 D DenseAfAssist: m_tuningData.CT[3] = 0 10 40 60 85 98 
08-05 16:55:35.005  1482 23030 D DenseAfAssist: m_tuningData.CT[4] = 0 10 45 61 86 99 
08-05 16:55:35.005  1482 23030 D DenseAfAssist: m_tuningData.CT[5] = 0 20 50 62 87 100 
08-05 16:55:35.005  1482 23030 D DenseAfAssist: m_tuningData.SL = 240, m_tuningData.ST = 384
08-05 16:55:35.005  1482 23030 D DenseAfAssist: m_tuningData.CT = 1
08-05 16:55:35.005  1482 23030 D DenseAfAssist: KenrEn = 1, DZFctr = 2, SmplFctr = 1
08-05 16:55:35.005  1482 23030 D DenseAfAssist: CurvThd = 0.00010 0.00080 0.00100 0.00250 0.01000 0.04000 
08-05 16:55:35.005  1482 23030 D DenseAfAssist: GradThd = 15 40 100 170 250 450 
08-05 16:55:35.005  1482 23030 D DenseAfAssist: [DSR] En=1
08-05 16:55:35.005  1482 23030 D DenseAfAssist: R2F X = 0.020 0.060 0.100 0.300 1.000 
08-05 16:55:35.006  1482 22915 I Hal3AImp_v1_0: [GetResultOfCamsysChange] [idx(0)] [1331]
08-05 16:55:35.006  1482 23030 D DenseAfAssist: R2F Y = 0.050 0.500 1.000 1.000 1.000 
08-05 16:55:35.006  1482 23030 D DenseAfAssist: SzAlignEn = 1, SzAlignMaxW = 192, SzAlignMaxH = 576
08-05 16:55:35.006  1482 23030 D DenseAfAssist: CurvPntNum = 3, GradDst = 6, GradCoringEn = 1, GradCoringISO = 800, RjctClpPxlEn = 1, RjctClpPxlH = 0, RjctClpPxlV = 0, RjctClpPxlTHDFix = -1536483328
08-05 16:55:35.006  1482 23030 D DenseAfAssist: FaceGradThd = 5 25 40 160 320 480 
08-05 16:55:35.006  1482 23030 D DenseAfAssist: FaceCurvThd = 0.00040 0.00080 0.00120 0.00240 0.01000 0.04000 
08-05 16:55:35.006  1482 23030 D DenseAfAssist: TouchGradThd = 20 30 100 160 250 450 , ISO = [100, 16000]
08-05 16:55:35.006  1482 23030 D DenseAfAssist: TouchCurvThd = 0.00010 0.00060 0.00080 0.00125 0.00500 0.02000 
08-05 16:55:35.006  1482 23030 D DenseAfAssist: DefaultGradThd = 15 40 100 170 250 450 
08-05 16:55:35.006  1482 23030 D DenseAfAssist: DefalutCurvThd = 0.00010 0.00080 0.00100 0.00250 0.01000 0.04000 
08-05 16:55:35.006  1482 23030 D DenseAfAssist: TwoPeaksFctr = 50, ThreePeaksFctr = 20, FourPeaksFctr = 10
08-05 16:55:35.006  1482 23030 D DenseAfAssist: SmplFctr(Config=100000) Common=1 AP,FD,OT=1,1,1 Center=1 CUS1,2,3=1,2,1[contruct PD] log:0 dump:0
08-05 16:55:35.006  1482 23030 D DenseAfAssist: [init AI AF-Assist dense] pd:VPU_DUAL_PD_ALGO_REVISION ai:202202171[en:0, log:0, dump:0, skip_algo:0mdla,[ThreadControl] dev(0), create af assist thread
08-05 16:55:35.006  1482 23030 D DenseAfAssist: [setPDBlockInfo] full raw size = (4096, 3072), full raw offset = (0, 0)
08-05 16:55:35.006  1482 22915 W ISP3ADataPool: [getData] id(#0xfff12345) not matched, get latest data_2a !
08-05 16:55:35.006  1482 22915 D MtkCam/ATMsEventMgr: [HIDL]get factor(APP_NAME), factor_value(3rd_party)
08-05 16:55:35.007  1482 22981 E BlackSesameDetect: Handle 1 BST HDR Detect Cfg Version Moto_manaus_HDR_2.0.3.22C_c231020_Loff
08-05 16:55:35.007  1771  1828 D DisplayManagerService: Ignore redundant display event 0/2 to 10399/10550
08-05 16:55:35.007  1771  1828 D DisplayManagerService: Ignore redundant display event 0/2 to 10386/10639
08-05 16:55:35.007  1482 22931 I MtkCam/P2G/BufferPoolCtrl: [autoAllocate]traw_stt allocate 0+9/9 buf (0x21/BLOB)(738624x1) in 3 ms
08-05 16:55:35.007  1771  1828 D DisplayManagerService: Ignore redundant display event 0/2 to 10231/18176
08-05 16:55:35.007  1771  1828 D DisplayManagerService: Ignore redundant display event 0/2 to 10363/18219
08-05 16:55:35.008  1771  1828 D DisplayManagerService: Ignore redundant display event 0/2 to 10187/19550
08-05 16:55:35.008  1771  1828 D DisplayManagerService: Ignore redundant display event 0/2 to 10257/21634
08-05 16:55:35.008  1771  1828 D DisplayManagerService: Ignore redundant display event 0/2 to 10228/24713
08-05 16:55:35.008  1771  1828 D DisplayManagerService: Ignore redundant display event 0/2 to 10416/25131
08-05 16:55:35.008  1771  1828 D DisplayManagerService: Ignore redundant display event 0/2 to 10348/28259
08-05 16:55:35.008  1771  1828 D DisplayManagerService: Ignore redundant display event 0/2 to 10370/28549
08-05 16:55:35.008  1771  1828 D DisplayManagerService: Ignore redundant display event 0/2 to 10410/30297
08-05 16:55:35.008  1771  1828 D DisplayManagerService: Ignore redundant display event 0/2 to 10231/31482
08-05 16:55:35.009  1482 22931 I MtkCam/P2G/BufferPoolCtrl: [autoAllocate]dip_tun allocate 0+12/12 buf (0x2304/ISP_TUNING)(219376x1) in 1 ms
08-05 16:55:35.009  1482 22931 I MtkCam/P2G/BufferPoolCtrl: [autoAllocate]pqdip_tun allocate 0+3/3 buf (0x2304/ISP_TUNING)(219376x1) in 0 ms
08-05 16:55:35.010  1482 22931 I MtkCam/P2G/BufferPoolCtrl: [autoAllocate]sw_hist allocate 0+12/12 buf (0x21/BLOB)(11776x1) in 0 ms
08-05 16:55:35.010  1482 22915 I Hal3AFlowCtrl_v1.0: [getSetting] [idx(0)] (Initial Request) Use default 3A result to do EnQ. copy last finished frame info to frame info, req(#0xfffffffdffffffff->#0xfff12345) has_3a_result(1) bDisplayInvalid(0->0)
08-05 16:55:35.010  1482 22915 W ISP3ADataPool: [getData] id(#0xfff12345) not matched, get latest data_2a !
08-05 16:55:35.010  1482 22915 D MtkCam/ATMsEventMgr: [HIDL]get factor(APP_NAME), factor_value(3rd_party)
08-05 16:55:35.011  1482 22931 I MtkCam/P2G/BufferPoolCtrl: [autoAllocate]me_tun allocate 0+9/9 buf (0x2304/ISP_TUNING)(219376x1) in 1 ms
08-05 16:55:35.013  1482 22915 I Hal3AFlowCtrl_v1.0: [getSetting] [idx(0)] (Initial Request) Use default 3A result to do EnQ. copy last finished frame info to frame info, req(#0xfffffffcffffffff->#0xfff12345) has_3a_result(1) bDisplayInvalid(0->0)
08-05 16:55:35.013  1482 22915 W ISP3ADataPool: [getData] id(#0xfff12345) not matched, get latest data_2a !
08-05 16:55:35.013  1482 22915 D MtkCam/ATMsEventMgr: [HIDL]get factor(APP_NAME), factor_value(3rd_party)
08-05 16:55:35.014  1482 22931 I MtkCam/P2G/BufferPoolCtrl: [autoAllocate]traw_tun allocate 0+30/30 buf (0x2304/ISP_TUNING)(219376x1) in 3 ms
08-05 16:55:35.015  1482 22915 I MtkCam/P1NodeImp: [hardwareOps_start] Cam::0 CamCtrl start -
08-05 16:55:35.015  1482 22918 I MtkCam/P1NodeImp: [dequeThread] Cam::0 deque thread run
08-05 16:55:35.015  1482 22931 I MtkCam/P2G/BufferPoolCtrl: [autoAllocate]wpe_tun allocate 0+6/6 buf (0x2304/ISP_TUNING)(219376x1) in 0 ms
08-05 16:55:35.015  1482 22920 I MtkCam/P1NodeImp: [deliverThread] Cam::0 deliver thread run
08-05 16:55:35.015  1482  5970 I MtkCam/ppl_context: [waitUntilConfigDone] sendFrame: pipeline config done - err:0
08-05 16:55:35.016  1482 23040 W RequestRegulator: [doHintEnQ] Req sof is current, SOF(-1/-1) ready(0) id(0) req_set(1) try_alt(0)! Enque req_id -1
08-05 16:55:35.016  1482 23040 W RequestRegulator: [doHintEnQ] (#0xffffffffffffffff) fail, ReqSize(1) sof(-1) ready(0) alt(0) result(#0xffffffffffffffff) ret(0)
08-05 16:55:35.017  1482 22931 I MtkCam/P2G/BufferPoolCtrl: [autoAllocate]img3o_1 allocate 0+9/9 buf (0x201e/MTK_YUV_P012)(448x320) in 1 ms
08-05 16:55:35.017 21505 21505 D CameraOrientationUtil: getRelativeImageRotation: destRotationDegrees=0, sourceRotationDegrees=90, isOppositeFacing=true, result=90
08-05 16:55:35.018  1482  1841 D mtkcam_hal_android.device: [capture intent: 1] +  ULog#3570
08-05 16:55:35.018  1482  1841 D mtkcam_hal_android.device: [capture intent: 1] -  ULog#3571
08-05 16:55:35.018  1482 22931 I MtkCam/P2G/BufferPoolCtrl: [autoAllocate]img3o_2 allocate 0+9/9 buf (0x201e/MTK_YUV_P012)(128x128) in 0 ms
08-05 16:55:35.018  1482  1841 D MtkCam/ATMsEventMgr: [HIDL]get factor(APP_NAME), factor_value(3rd_party)
08-05 16:55:35.019  1482 22931 I MtkCam/P2G/BufferPoolCtrl: [autoAllocate]img3o_3 allocate 0+9/9 buf (0x201e/MTK_YUV_P012)(64x64) in 0 ms
08-05 16:55:35.019  1482 22931 I MtkCam/P2G/BufferPoolCtrl: [autoAllocate]tnrmo_1 allocate 0+3/3 buf (0x20203859/Y8)(400x300) in 0 ms
08-05 16:55:35.019  1482 22931 I MtkCam/P2G/BufferPoolCtrl: [autoAllocate]tnrmo_2 allocate 0+3/3 buf (0x20203859/Y8)(100x76) in 0 ms
08-05 16:55:35.019  1482 22931 I MtkCam/P2G/BufferPoolCtrl: [autoAllocate]tnrmo_3 allocate 0+3/3 buf (0x20203859/Y8)(26x20) in 0 ms
08-05 16:55:35.019  1482 22931 I MtkCam/P2G/BufferPoolCtrl: [autoAllocate]vbi_1 allocate 0+3/3 buf (0x20203859/Y8)(100x76) in 0 ms
08-05 16:55:35.019  1482 22931 I MtkCam/P2G/BufferPoolCtrl: [autoAllocate]vbi_2 allocate 0+3/3 buf (0x20203859/Y8)(100x76) in 0 ms
08-05 16:55:35.019  1482 22931 I MtkCam/P2G/BufferPoolCtrl: [autoAllocate]vbi_3 allocate 0+3/3 buf (0x20203859/Y8)(26x20) in 0 ms
08-05 16:55:35.023  1482 22981 I MtkCam/StreamingPipe/TPI_MGR: [initNode]Plugin (MOT_FEATURE_HDRD) init 20 ms
08-05 16:55:35.023  1482 22981 I MtkCam/StreamingPipe/TPINode: [initPlugin]GID[1]tpi[0]:initNode ret=1
08-05 16:55:35.023  1482 23030 W af_assist_mgr: [ConfigFlow] dev(0), pd_algo_type(2), buffer_type(17), ret(1)
08-05 16:55:35.027  1482 22981 I MtkCam/StreamingPipe/Util: [allocate]fpipe.tpi.in pool allocate: 3/3 buf (0x11/NV21)(1600x1216) in 4 ms
08-05 16:55:35.028  1482 22981 I MtkCam/StreamingPipe/Util: [allocate]fpipe.tpi[0].in pool allocate: 1/1 buf (0x11/NV21)(1600x1216) in 1 ms
08-05 16:55:35.033  1482 22981 I MtkCam/StreamingPipe/Util: [allocate]fpipe.tpi[0].out pool allocate: 4/4 buf (0x11/NV21)(1600x1216) in 4 ms
08-05 16:55:35.033  1771  1829 W Choreographer: Frame time is 0.232648 ms in the future!  Check that graphics HAL is generating vsync timestamps using the correct timebase.
08-05 16:55:35.037  1129  1174 I libPerfCtl: xgfGetFPS pid:2448 fps:120
08-05 16:55:35.037  1129  1174 I libPerfCtl: xgfGetFPS pid:21505 fps:33
08-05 16:55:35.037  1129  1174 I libPowerHal: [updateFPS] pid(21505) : -1 => 60
08-05 16:55:35.037  1129  1202 I libPowerHal: [perfNotifyAppState] pack:com.sphereon.ssi.wallet, act:com.sphereon.ssi.wallet.MainActivity, state:5, pid:21505, uid:10484, fps:60
08-05 16:55:35.038  1129  1202 I UxUtility: notifyForegroundApp pack:com.sphereon.ssi.wallet, uid:10484
08-05 16:55:35.038  1129  1202 I TouchUtility: notifyAppState error = NULL
08-05 16:55:35.044  1482 30461 D mtkcam_hal_android.device: [capture intent: 1] +  ULog#3572
08-05 16:55:35.044  1482 30461 D mtkcam_hal_android.device: [capture intent: 1] -  ULog#3573
08-05 16:55:35.044  1482 30461 D MtkCam/ATMsEventMgr: [HIDL]get factor(APP_NAME), factor_value(3rd_party)
08-05 16:55:35.060  1482 23032 D MtkCam/ATMsEventMgr: [HIDL]get factor(APP_NAME), factor_value(3rd_party)
08-05 16:55:35.060  1482 23032 I af_mgr  : [0][MGR] [GetResult] resultNum = 0, afMode = 4, afState = 6, lensState = 0, cafEvReq = 100000, cafSearching = 0, refFV = 0|13269672, vcmNextPosition = 436, isFocusFinish = 1, isFocused = 0, focusDistance = 3.038737, eEvent = 0x1
08-05 16:55:35.062  2448  2448 D VRI[StatusBar]: update {(0,0)(fillx105) gr=TOP CENTER_VERTICAL layoutInDisplayCutoutMode=always ty=STATUS_BAR fmt=TRANSLUCENT
08-05 16:55:35.062  2448  2448 D VRI[StatusBar]:   fl=NOT_FOCUSABLE SPLIT_TOUCH HARDWARE_ACCELERATED DRAWS_SYSTEM_BAR_BACKGROUNDS
08-05 16:55:35.062  2448  2448 D VRI[StatusBar]:   pfl=FORCE_STATUS_BAR_VISIBLE COLOR_SPACE_AGNOSTIC FIT_INSETS_CONTROLLED
08-05 16:55:35.062  2448  2448 D VRI[StatusBar]:   bhv=DEFAULT
08-05 16:55:35.062  2448  2448 D VRI[StatusBar]:   providedInsets:
08-05 16:55:35.062  2448  2448 D VRI[StatusBar]:     InsetsFrameProvider: {id=#f8da0000, index=0, type=statusBars, source=FRAME, flags=[], insetsSize=Insets{left=0, top=105, right=0, bottom=0}}
08-05 16:55:35.062  2448  2448 D VRI[StatusBar]:     InsetsFrameProvider: {id=#f8da0006, index=0, type=tappableElement, source=FRAME, flags=[], insetsSize=Insets{left=0, top=105, right=0, bottom=0}}
08-05 16:55:35.062  2448  2448 D VRI[StatusBar]:     InsetsFrameProvider: {id=#f8da0005, index=0, type=mandatorySystemGestures, source=FRAME, flags=[], mMinimalInsetsSizeInDisplayCutoutSafe=Insets{left=0, top=30, right=0, bottom=0}}
08-05 16:55:35.062  2448  2448 D VRI[StatusBar]:   paramsForRotation:
08-05 16:55:35.062  2448  2448 D VRI[StatusBar]:     ROTATION_0={(0,0)(fillx105) gr=TOP CENTER_VERTICAL layoutInDisplayCutoutMode=always ty=STATUS_BAR fmt=TRANSLUCENT
08-05 16:55:35.062  2448  2448 D VRI[StatusBar]:       fl=NOT_FOCUSABLE SPLIT_TOUCH DRAWS_SYSTEM_BAR_BACKGROUNDS
08-05 16:55:35.062  2448  2448 D VRI[StatusBar]:       pfl=COLOR_SPACE_AGNOSTIC FIT_INSETS_CONTROLLED
08-05 16:55:35.062  2448  2448 D VRI[StatusBar]:       bhv=DEFAULT
08-05 16:55:35.062  2448  2448 D VRI[StatusBar]:       providedInsets:
08-05 16:55:35.062  2448  2448 D VRI[StatusBar]:         InsetsFrameProvider: {id=#f8da0000, index=0, type=statusBars, source=FRAME, flags=[], insetsSize=Insets{left=0, top=105, right=0, bottom=0}}
08-05 16:55:35.062  2448  2448 D VRI[StatusBar]:         InsetsFrameProvider: {id=#f8da0006, index=0, type=tappableElement, source=FRAME, flags=[], insetsSize=Insets{left=0, top=105, right=0, bottom=0}}
08-05 16:55:35.062  2448  2448 D VRI[StatusBar]:         InsetsFrameProvider: {id=#f8da0005, index=0, type=mandatorySystemGestures, source=FRAME, flags=[], insetsSize=Insets{left=0, top=105, right=0, bottom=0}, mMinimalInsetsSizeInDisplayCutoutSafe=Insets{left=0, top=30, right=0, bottom=0}}}
08-05 16:55:35.062  2448  2448 D VRI[StatusBar]:     ROTATION_90={(0,0)(fillx60) gr=TOP CENTER_VERTICAL layoutInDisplayCutoutMode=always ty=STATUS_BAR fmt=TRANSLUCENT
08-05 16:55:35.062  2448  2448 D VRI[StatusBar]:       fl=NOT_FOCUSABLE SPLIT_TOUCH DRAWS_SYSTEM_BAR_BACKGROUNDS
08-05 16:55:35.062  2448  2448 D VRI[StatusBar]:       pfl=COLOR_SPACE_AGNOSTIC FIT_INSETS_CONTROLLED
08-05 16:55:35.062  2448  2448 D VRI[StatusBar]:       bhv=DEFAULT
08-05 16:55:35.062  2448  2448 D VRI[StatusBar]:       providedInsets:
08-05 16:55:35.062  2448  2448 D VRI[StatusBar]:         InsetsFrameProvider: {id=#f8da0000, index=0, type=statusBars, source=FRAME, flags=[], insetsSize=Insets{left=0, top=60, right=0, bottom=0}}
08-05 16:55:35.062  2448  2448 D VRI[StatusBar]:         InsetsFrameProvider: {id=#f8da0006, index=0, type=tappableElement, source=FRAME, flags=[], insetsSize=Insets{left=0, top=60, right=0, bottom=0}}
08-05 16:55:35.062  2448  2448 D VRI[StatusBar]:         InsetsFrameProvider: {id=#f8da0005, index=0, type=mandatorySystemGestures, source=FRAME, flags=[], insetsSize=Insets{left=0, top=60, right=0, bottom=0}, mMinimalInsetsSizeInDisplayCutoutSafe=Insets{left=0, top=30, right=0, bottom=0}}}
08-05 16:55:35.062  2448  2448 D VRI[StatusBar]:     ROTATION_180={(0,0)(fillx60) gr=TOP CENTER_VERTICAL layoutInDisplayCutoutMode=always ty=STATUS_BAR fmt=TRANSLUCENT
08-05 16:55:35.062  2448  2448 D VRI[StatusBar]:       fl=NOT_FOCUSABLE SPLIT_TOUCH DRAWS_SYSTEM_BAR_BACKGROUNDS
08-05 16:55:35.062  2448  2448 D VRI[StatusBar]:       pfl=COLOR_SPACE_AGNOSTIC FIT_INSETS_CONTROLLED
08-05 16:55:35.062  2448  2448 D VRI[StatusBar]:       bhv=DEFAULT
08-05 16:55:35.062  2448  2448 D VRI[StatusBar]:       providedInsets:
08-05 16:55:35.062  2448  2448 D VRI[StatusBar]:         InsetsFrameProvider: {id=#f8da0000, index=0, type=statusBars, source=FRAME, flags=[], insetsSize=Insets{left=0, top=60, right=0, bottom=0}}
08-05 16:55:35.062  2448  2448 D VRI[StatusBar]:         InsetsFrameProvider: {id=#f8da0006, index=0, type=tappableElement, source=FRAME, flags=[], insetsSize=Insets{left=0, top=60, right=0, bottom=0}}
08-05 16:55:35.062  2448  2448 D VRI[StatusBar]:         InsetsFrameProvider: {id=#f8da0005, index=0, type=mandatorySystemGestures, source=FRAME, flags=[], insetsSize=Insets{left=0, top=60, right=0, bottom=0}, mMinimalInsetsSizeInDisplayCutoutSafe=Insets{left=0, top=30, right=0, bottom=0}}}
08-05 16:55:35.062  2448  2448 D VRI[StatusBar]:     ROTATION_270={(0,0)(fillx60) gr=TOP CENTER_VERTICAL layoutInDisplayCutoutMode=always ty=STATUS_BAR fmt=TRANSLUCENT
08-05 16:55:35.062  2448  2448 D VRI[StatusBar]:       fl=NOT_FOCUSABLE SPLIT_TOUCH DRAWS_SYSTEM_BAR_BACKGROUNDS
08-05 16:55:35.062  2448  2448 D VRI[StatusBar]:       pfl=COLOR_SPACE_AGNOSTIC FIT_INSETS_CONTROLLED
08-05 16:55:35.062  2448  2448 D VRI[StatusBar]:       bhv=DEFAULT
08-05 16:55:35.062  2448  2448 D VRI[StatusBar]:       providedInsets:
08-05 16:55:35.062  2448  2448 D VRI[StatusBar]:         InsetsFrameProvider: {id=#f8da0000, index=0, type=statusBars, source=FRAME, flags=[], insetsSize=Insets{left=0, top=60, right=0, bottom=0}}
08-05 16:55:35.062  2448  2448 D VRI[StatusBar]:         InsetsFrameProvider: {id=#f8da0006, index=0, type=tappableElement, source=FRAME, flags=[], insetsSize=Insets{left=0, top=60, right=0, bottom=0}}
