08-05 16:55:39.595  1061  1405 I hwcomposer: [DRMDEV] (0) failed to waitNextVsync: -1  
08-05 16:55:39.602  1061  1405 I hwcomposer: [DRMDEV] (0) failed to waitNextVsync: -1  
08-05 16:55:39.609  1197  1197 I SurfaceFlinger: setActiveModeInHwcIfNeeded changing active mode to 3(60.00 Hz) for display 0
08-05 16:55:39.609  1061  2226 I hwcomposer: [HWC] (0) displaySetActiveConfig config:3  
08-05 16:55:39.610  1061  1405 I hwcomposer: [DRMDEV] (0) failed to waitNextVsync: -1  
08-05 16:55:39.651  1442  1442 W libc    : Access denied finding property "hwservicemanager.ready"
08-05 16:55:39.647  1442  1442 W binder:1442_2: type=1400 audit(0.0:2542804): avc:  denied  { read } for  name="u:object_r:hwservicemanager_prop:s0" dev="tmpfs" ino=225 scontext=u:r:lbs_dbg_ext:s0 tcontext=u:object_r:hwservicemanager_prop:s0 tclass=file permissive=0
08-05 16:55:39.733  1061  1400 I hwcomposer: [HWC] (0)fire a callback of refresh to SF[4]  
08-05 16:55:39.753  1129  1153 I mtkpower@impl: [setMode] type:6, enabled:1
08-05 16:55:39.753  1129  1153 E mtkpower@impl: [setMode] unknown type
08-05 16:55:39.815  1129  1153 I mtkpower@impl: [setMode] type:6, enabled:0
08-05 16:55:39.815  1129  1153 E mtkpower@impl: [setMode] unknown type
08-05 16:55:39.855  1442  1442 W HidlServiceManagement: Waited for hwservicemanager.ready for a second, waiting another...
08-05 16:55:39.855  1442  1442 W libc    : Access denied finding property "hwservicemanager.ready"
08-05 16:55:39.851  1442  1442 W binder:1442_2: type=1400 audit(0.0:2542805): avc:  denied  { read } for  name="u:object_r:hwservicemanager_prop:s0" dev="tmpfs" ino=225 scontext=u:r:lbs_dbg_ext:s0 tcontext=u:object_r:hwservicemanager_prop:s0 tclass=file permissive=0
08-05 16:55:39.856  1442  1442 W libc    : Access denied finding property "hwservicemanager.ready"
08-05 16:55:39.851  1442  1442 W binder:1442_2: type=1400 audit(0.0:2542806): avc:  denied  { read } for  name="u:object_r:hwservicemanager_prop:s0" dev="tmpfs" ino=225 scontext=u:r:lbs_dbg_ext:s0 tcontext=u:object_r:hwservicemanager_prop:s0 tclass=file permissive=0
08-05 16:55:40.040  1129  1174 I libPerfCtl: xgfGetFPS pid:1429 fps:-1
08-05 16:55:40.040  1129  1174 I libPerfCtl: xgfGetFPS pid:2448 fps:115
08-05 16:55:40.040  1129  1174 I libPerfCtl: xgfGetFPS pid:21505 fps:-1
08-05 16:55:40.098  1197  1197 I BufferQueueProducer: [ScreenDecorOverlay#145272](this:0xb4000074a1b22358,id:-1,api:0,p:-1,c:1197) queueBuffer: fps=12.95 dur=1390.44 max=1249.43 min=7.09
08-05 16:55:40.104  1197  1629 I Scheduler: applyPolicy: UpdateRefreshRate 60 to 120 of group 0: [touch=0:0 touchBoost=0 scroll=1:0 idle=0:0]
08-05 16:55:40.116  1197  1197 I SurfaceFlinger: setActiveModeInHwcIfNeeded changing active mode to 0(120.00 Hz) for display 0
08-05 16:55:40.117  1061  2226 I hwcomposer: [HWC] (0) displaySetActiveConfig config:0  
08-05 16:55:40.132  1197  1197 D SurfaceFlinger: MtkOverrideDuration: update vsync 120
08-05 16:55:40.132  1197  1197 E SurfaceFlinger: MtkDuration override mode is disabled
08-05 16:55:40.132  1197  1197 D SurfaceFlinger: MtkOverrideDuration: reset override duration
08-05 16:55:40.166  1287  1287 I mtkpower_client: perf_lock_rel, hdl:523214, tid:1287
08-05 16:55:40.167  1129  1202 I libPowerHal: [perfLockRel] hdl:523214, idx:0
08-05 16:55:40.168  1129  1202 I libPowerHal: [PD] fpsgo update cmd:1408300 param:0
08-05 16:55:40.231  1061  2226 I hwcomposer: [HWCDisplay] [Display_0 (type:1)] fps:13.920802,dur:1005.69,max:385.76,min:5.94  
08-05 16:55:40.256  2448  2552 D Surface : Surface::disconnect
08-05 16:55:40.257  1287  1287 I FPSGO   : fpsgo_boost_sched_idle_prefer:0
08-05 16:55:40.257  1287  1287 I mtkpower_client: perf_lock_rel, hdl:523212, tid:1287
08-05 16:55:40.258  1287  1287 I FPSGO   : perfLockRel hdl:523212
08-05 16:55:40.258  1287  1287 I FPSGO   : fpsgo_boost_sched_rate_ns:-1
08-05 16:55:40.258  1287  1287 I mtkpower_client: perf_lock_rel, hdl:523189, tid:1287
08-05 16:55:40.258  1129  1202 I libPowerHal: [perfLockRel] hdl:523212, idx:3
08-05 16:55:40.259  1129  1202 I libPowerHal: [PD] fpsgo update cmd:1404500 param:0
08-05 16:55:40.260  1287  1287 I FPSGO   : perfLockRel hdl:523189
08-05 16:55:40.261  1129  1202 I libPowerHal: [perfLockRel] hdl:523189, idx:2
08-05 16:55:40.261  1129  1202 I libPowerHal: [PD] fpsgo update cmd:1438300, param:1000
08-05 16:55:40.263  1129  1202 I libPowerHal: [PD] fpsgo update cmd:1438400, param:1000
08-05 16:55:40.263  1129  1202 I libPowerHal: [PD] fpsgo update cmd:1438600 param:1000
08-05 16:55:40.264  1129  1202 I libPowerHal: [PD] fpsgo update cmd:1438700 param:1000
08-05 16:55:40.269  1197  1197 I BufferQueueProducer: [StatusBar#83](this:0xb4000074a19b5b58,id:-1,api:0,p:-1,c:1197) queueBuffer: fps=33.28 dur=1682.55 max=1178.84 min=7.04
08-05 16:55:40.272  2448  2662 D BLASTBufferQueue: [VRI[ScreenDecorOverlay]#11750](f:0,a:1) destructor()
08-05 16:55:40.273  2448  2662 D BufferQueueConsumer: [VRI[ScreenDecorOverlay]#11750(BLAST Consumer)11750](id:99000002e10,api:0,p:-1,c:2448) disconnect
08-05 16:55:40.273  1287  1287 I FPSGO   : fpsgo_boost_sched_idle_prefer:1
08-05 16:55:40.273  1287  1287 I mtkpower_client: perf_lock_acq, hdl:0, dur:0, num:2, tid:1287
08-05 16:55:40.273  1287  1287 I mtkpower_client: ret_hdl:523215
08-05 16:55:40.273  1287  1287 I FPSGO   : perfLockAcq hdl:523215
08-05 16:55:40.273  1287  1287 I FPSGO   : fpsgo_boost_sched_rate_ns:0
08-05 16:55:40.273  1287  1287 I mtkpower_client: perf_lock_acq, hdl:0, dur:0, num:12, tid:1287
08-05 16:55:40.274  1129  1202 I libPowerHal: [perfLockAcq] idx:0 hdl:523215 hint:-1 pid:1287 duration:0 lock_user:fpsgo => ret_hdl:523215
08-05 16:55:40.274  1129  1202 I libPowerHal: [PE] fpsgo update cmd:1404500 param:1
08-05 16:55:40.274  1287  1287 I mtkpower_client: ret_hdl:523216
08-05 16:55:40.274  1287  1287 I FPSGO   : perfLockAcq hdl:523216
08-05 16:55:40.274  1129  1202 I libPowerHal: cmdSetting - unknown cmd:1438500, scmd:(null) ,param_1:0
08-05 16:55:40.274  1129  1202 I libPowerHal: cmdSetting - unknown cmd:1438800, scmd:(null) ,param_1:0
08-05 16:55:40.274  1129  1202 I libPowerHal: [perfLockAcq] idx:1 hdl:523216 hint:-1 pid:1287 duration:0 lock_user:fpsgo => ret_hdl:523216
08-05 16:55:40.274  1129  1202 I libPowerHal: [PE] fpsgo update cmd:1438300, param:0
08-05 16:55:40.274  1129  1202 I libPowerHal: [PE] fpsgo update cmd:1438400, param:0
08-05 16:55:40.274  1129  1202 I libPowerHal: [PE] fpsgo update cmd:1438600, param:0
08-05 16:55:40.274  1129  1202 I libPowerHal: [PE] fpsgo update cmd:1438700, param:0
08-05 16:55:40.277  1197  1197 I BufferQueueDebug: [ScreenDecorOverlay#145272](this:0xb4000074a1b22358,id:-1,api:0,p:-1,c:1197) onDestructor()
08-05 16:55:40.310  1287  1287 I mtkpower_client: perf_lock_acq, hdl:0, dur:30000, num:2, tid:1287
08-05 16:55:40.312  1287  1287 I mtkpower_client: ret_hdl:523217
08-05 16:55:40.313  1129  1202 I libPowerHal: [perfLockAcq] idx:2 hdl:523217 hint:-1 pid:1287 duration:30000 lock_user:fpsgo => ret_hdl:523217
08-05 16:55:40.314  1129  1202 I libPowerHal: [PE] fpsgo update cmd:1408300, param:100
08-05 16:55:40.349  1061  1400 I hwcomposer: [HWC] (0)fire a callback of refresh to SF[4]  
08-05 16:55:40.357  1129  1153 I mtkpower@impl: [setMode] type:6, enabled:1
08-05 16:55:40.357  1129  1153 E mtkpower@impl: [setMode] unknown type
08-05 16:55:40.363  1197  1197 I BufferQueueProducer: [FramebufferSurface](this:0xb40000739184b2f0,id:-1,api:1,p:1197,c:1197) queueBuffer: fps=1.76 dur=1138.21 max=604.31 min=533.90
08-05 16:55:40.430  1129  1153 I mtkpower@impl: [setMode] type:6, enabled:0
08-05 16:55:40.430  1129  1153 E mtkpower@impl: [setMode] unknown type
08-05 16:55:40.592  1771  2328 W PackageManager: Missing required system package: com.oneshoe.yellowbrick, but found with extended search.
08-05 16:55:40.599  1771  1826 E ApplicationHelper: Fail to get PackageManager
08-05 16:55:40.600 15187 15187 D OkHTTP  : WIDGET UPDATE
08-05 16:55:40.610  1771  1826 E ApplicationHelper: Fail to get PackageManager
08-05 16:55:40.795  1197  1629 I Scheduler: applyPolicy: UpdateRefreshRate 120 to 60 of group 0: [touch=0:0 touchBoost=0 scroll=1:0 idle=1:1]
08-05 16:55:40.797  1197  1629 D SurfaceFlinger: MtkOverrideDuration: update vsync 60
08-05 16:55:40.798  1197  1629 E SurfaceFlinger: MtkDuration override mode is disabled
08-05 16:55:40.798  1197  1629 D SurfaceFlinger: MtkOverrideDuration: reset override duration
08-05 16:55:40.798  1061  1405 I hwcomposer: [DRMDEV] (0) failed to waitNextVsync: -1  
08-05 16:55:40.802  1061  1405 I hwcomposer: [DRMDEV] (0) failed to waitNextVsync: -1  
08-05 16:55:40.810  1061  1405 I hwcomposer: [DRMDEV] (0) failed to waitNextVsync: -1  
08-05 16:55:40.813  1197  1197 I SurfaceFlinger: setActiveModeInHwcIfNeeded changing active mode to 3(60.00 Hz) for display 0
08-05 16:55:40.813  1061  2226 I hwcomposer: [HWC] (0) displaySetActiveConfig config:3  
08-05 16:55:40.856  1442  1442 W HidlServiceManagement: Waited for hwservicemanager.ready for a second, waiting another...
08-05 16:55:40.857  1442  1442 W libc    : Access denied finding property "hwservicemanager.ready"
08-05 16:55:40.858  1442  1442 W libc    : Access denied finding property "hwservicemanager.ready"
08-05 16:55:40.855  1442  1442 W binder:1442_2: type=1400 audit(0.0:2542807): avc:  denied  { read } for  name="u:object_r:hwservicemanager_prop:s0" dev="tmpfs" ino=225 scontext=u:r:lbs_dbg_ext:s0 tcontext=u:object_r:hwservicemanager_prop:s0 tclass=file permissive=0
08-05 16:55:40.855  1442  1442 W binder:1442_2: type=1400 audit(0.0:2542808): avc:  denied  { read } for  name="u:object_r:hwservicemanager_prop:s0" dev="tmpfs" ino=225 scontext=u:r:lbs_dbg_ext:s0 tcontext=u:object_r:hwservicemanager_prop:s0 tclass=file permissive=0
08-05 16:55:40.994  1061  1405 I hwcomposer: [DRMDEV] (0) failed to waitNextVsync: -1  
08-05 16:55:40.994  1197  1398 W HWComposer: Ignoring duplicate VSYNC event from HWC for display 0 (t=779452721103000)
08-05 16:55:40.995  1061  1400 I hwcomposer: [HWC] (0)fire a callback of refresh to SF[4]  
08-05 16:55:41.002  1061  1405 I hwcomposer: [DRMDEV] (0) failed to waitNextVsync: -1  
08-05 16:55:41.003  1129  1153 I mtkpower@impl: [setMode] type:6, enabled:1
08-05 16:55:41.003  1129  1153 E mtkpower@impl: [setMode] unknown type
08-05 16:55:41.040  1129  1174 I libPerfCtl: xgfGetFPS pid:1429 fps:-1
08-05 16:55:41.041  1129  1174 I libPerfCtl: xgfGetFPS pid:2448 fps:87
08-05 16:55:41.041  1129  1174 I libPerfCtl: xgfGetFPS pid:21505 fps:-1
08-05 16:55:41.047  1771  1771 W system_server: type=1400 audit(0.0:2542809): avc:  denied  { read } for  name="u:object_r:vendor_default_prop:s0" dev="tmpfs" ino=474 scontext=u:r:system_server:s0 tcontext=u:object_r:vendor_default_prop:s0 tclass=file permissive=0
08-05 16:55:41.051  1771  1771 W libc    : Access denied finding property "vendor.mbrain.battery"
08-05 16:55:41.051  1771  1771 V UiModeManager: updateLocked: null action, mDockState=0, category=null
08-05 16:55:41.052  1771  1771 D UiModeManager: updateConfigurationLocked: mDockState=0; mCarMode=false; mNightMode=2; mNightModeCustomType=-1; uiMode=33
08-05 16:55:41.052  2448  3799 D PowerUI : can't show warning due to - plugged: true status unknown: false
08-05 16:55:41.052  1771  1826 E ApplicationHelper: Fail to get PackageManager
08-05 16:55:41.079  1129  1153 I mtkpower@impl: [setMode] type:6, enabled:0
08-05 16:55:41.079  1129  1153 E mtkpower@impl: [setMode] unknown type
08-05 16:55:41.142  1061  1405 I hwcomposer: [DRMDEV] (0) failed to waitNextVsync: -1  
08-05 16:55:41.142  1197  1398 W HWComposer: Ignoring duplicate VSYNC event from HWC for display 0 (t=779452868186000)
08-05 16:55:41.153  1061  1405 I hwcomposer: [DRMDEV] (0) failed to waitNextVsync: -1  
08-05 16:55:41.169  1061  1405 I hwcomposer: [DRMDEV] (0) failed to waitNextVsync: -1  
08-05 16:55:41.186  1061  1405 I hwcomposer: [DRMDEV] (0) failed to waitNextVsync: -1  
08-05 16:55:41.202  1061  1405 I hwcomposer: [DRMDEV] (0) failed to waitNextVsync: -1  
08-05 16:55:41.206  1117  1117 I motorola.hardware.sarwifi-srv: Wifi setting SAR Scenario id=3
08-05 16:55:41.206  1117  1117 I motorola.hardware.sarwifi-srv: Wifi set SAR Scenario id=3
08-05 16:55:41.219  1061  1405 I hwcomposer: [DRMDEV] (0) failed to waitNextVsync: -1  
08-05 16:55:41.236  1061  1405 I hwcomposer: [DRMDEV] (0) failed to waitNextVsync: -1  
08-05 16:55:41.253  1061  1405 I hwcomposer: [DRMDEV] (0) failed to waitNextVsync: -1  
08-05 16:55:41.353  1287  1287 I mtkpower_client: perf_lock_rel, hdl:523217, tid:1287
08-05 16:55:41.354  1287  1287 I FPSGO   : fpsgo_boost_sched_idle_prefer:0
08-05 16:55:41.355  1287  1287 I mtkpower_client: perf_lock_rel, hdl:523215, tid:1287
08-05 16:55:41.355  1129  1202 I libPowerHal: [perfLockRel] hdl:523217, idx:2
08-05 16:55:41.355  1129  1202 I libPowerHal: [PD] fpsgo update cmd:1408300 param:0
08-05 16:55:41.359  1287  1287 I FPSGO   : perfLockRel hdl:523215
08-05 16:55:41.359  1287  1287 I FPSGO   : fpsgo_boost_sched_rate_ns:-1
08-05 16:55:41.359  1287  1287 I mtkpower_client: perf_lock_rel, hdl:523216, tid:1287
08-05 16:55:41.359  1129  1202 I libPowerHal: [perfLockRel] hdl:523215, idx:0
08-05 16:55:41.360  1129  1202 I libPowerHal: [PD] fpsgo update cmd:1404500 param:0
08-05 16:55:41.362  1287  1287 I FPSGO   : perfLockRel hdl:523216
08-05 16:55:41.362  1129  1202 I libPowerHal: [perfLockRel] hdl:523216, idx:1
08-05 16:55:41.363  1129  1202 I libPowerHal: [PD] fpsgo update cmd:1438300, param:1000
08-05 16:55:41.363  1129  1202 I libPowerHal: [PD] fpsgo update cmd:1438400, param:1000
08-05 16:55:41.363  1129  1202 I libPowerHal: [PD] fpsgo update cmd:1438600 param:1000
08-05 16:55:41.363  1129  1202 I libPowerHal: [PD] fpsgo update cmd:1438700 param:1000
08-05 16:55:41.857  1442  1442 W HidlServiceManagement: Waited for hwservicemanager.ready for a second, waiting another...
08-05 16:55:41.855  1442  1442 W binder:1442_2: type=1400 audit(0.0:2542810): avc:  denied  { read } for  name="u:object_r:hwservicemanager_prop:s0" dev="tmpfs" ino=225 scontext=u:r:lbs_dbg_ext:s0 tcontext=u:object_r:hwservicemanager_prop:s0 tclass=file permissive=0
08-05 16:55:41.858  1442  1442 W libc    : Access denied finding property "hwservicemanager.ready"
08-05 16:55:41.858  1442  1442 W libc    : Access denied finding property "hwservicemanager.ready"
08-05 16:55:41.855  1442  1442 W binder:1442_2: type=1400 audit(0.0:2542811): avc:  denied  { read } for  name="u:object_r:hwservicemanager_prop:s0" dev="tmpfs" ino=225 scontext=u:r:lbs_dbg_ext:s0 tcontext=u:object_r:hwservicemanager_prop:s0 tclass=file permissive=0
08-05 16:55:42.043  1129  1174 I libPerfCtl: xgfGetFPS pid:1429 fps:-1
08-05 16:55:42.043  1129  1174 I libPerfCtl: xgfGetFPS pid:2448 fps:-1
08-05 16:55:42.043  1129  1174 I libPerfCtl: xgfGetFPS pid:21505 fps:-1
08-05 16:55:42.333  1482  1714 D ULogGuard: Monitoring: 13 threads, 0 requests, 0 time-bombs; 8 guards. ResetFlags = 0x7
08-05 16:55:42.466  2648  2648 I WifiHAL : Get link layer stats
08-05 16:55:42.467  2648  2648 I WifiHAL : GetLinkStatsCommand::create
08-05 16:55:42.467  2648  2648 D android.hardware.wifi@1.0-service-lazy: WifiRequest::create vendor command to iface 37, vendor_id=0x1a11, subcmd=0x1200, res=0
08-05 16:55:42.486  2648  2648 I WifiHAL : GetLinkStatsCommand::handleResponse
08-05 16:55:42.486  2648  2648 E WifiHAL : handleResponse: data=0xb400007724c25030, len=3308
08-05 16:55:42.486  2648  2648 I WifiHAL : check_data_sanity: confirmed_size=3308, len=3308
08-05 16:55:42.486  2648  2648 I WifiHAL : handleResponse: iface_stat_ptr=0xb400007724c25030, num_radios=2, radio_stats_ptr=0xb400007724c25724
08-05 16:55:42.486  2648  2648 I WifiHAL : wifi_get_link_stats: result=0
08-05 16:55:42.510  2448  2448 D StatusBarIconController: ignoring old pipeline callback because the new wifi icon is enabled
08-05 16:55:42.767  1347  1347 W adbd    : timeout expired while flushing socket, closing
08-05 16:55:42.858  1442  1442 W HidlServiceManagement: Waited for hwservicemanager.ready for a second, waiting another...
08-05 16:55:42.859  1442  1442 W libc    : Access denied finding property "hwservicemanager.ready"
08-05 16:55:42.859  1442  1442 W libc    : Access denied finding property "hwservicemanager.ready"
08-05 16:55:42.855  1442  1442 W binder:1442_2: type=1400 audit(0.0:2542812): avc:  denied  { read } for  name="u:object_r:hwservicemanager_prop:s0" dev="tmpfs" ino=225 scontext=u:r:lbs_dbg_ext:s0 tcontext=u:object_r:hwservicemanager_prop:s0 tclass=file permissive=0
08-05 16:55:42.855  1442  1442 W binder:1442_2: type=1400 audit(0.0:2542813): avc:  denied  { read } for  name="u:object_r:hwservicemanager_prop:s0" dev="tmpfs" ino=225 scontext=u:r:lbs_dbg_ext:s0 tcontext=u:object_r:hwservicemanager_prop:s0 tclass=file permissive=0
08-05 16:55:42.930  1206  1217 D ccci_mdinit: (1):monitor_time_update_thread round:111574 ########
08-05 16:55:43.043  1129  1174 I libPerfCtl: xgfGetFPS pid:1429 fps:-1
08-05 16:55:43.044  1129  1174 I libPerfCtl: xgfGetFPS pid:2448 fps:-1
08-05 16:55:43.044  1129  1174 I libPerfCtl: xgfGetFPS pid:21505 fps:-1
08-05 16:55:43.861  1442  1442 W HidlServiceManagement: Waited for hwservicemanager.ready for a second, waiting another...
08-05 16:55:43.862  1442  1442 W libc    : Access denied finding property "hwservicemanager.ready"
08-05 16:55:43.862  1442  1442 W libc    : Access denied finding property "hwservicemanager.ready"
08-05 16:55:43.859  1442  1442 W binder:1442_2: type=1400 audit(0.0:2542814): avc:  denied  { read } for  name="u:object_r:hwservicemanager_prop:s0" dev="tmpfs" ino=225 scontext=u:r:lbs_dbg_ext:s0 tcontext=u:object_r:hwservicemanager_prop:s0 tclass=file permissive=0
08-05 16:55:43.859  1442  1442 W binder:1442_2: type=1400 audit(0.0:2542815): avc:  denied  { read } for  name="u:object_r:hwservicemanager_prop:s0" dev="tmpfs" ino=225 scontext=u:r:lbs_dbg_ext:s0 tcontext=u:object_r:hwservicemanager_prop:s0 tclass=file permissive=0
08-05 16:55:43.882  1771  4251 D ActivityManager: unfreezing ProcessRecord{595e45d 28955:com.google.android.gms/u0a184}, reason = shouldNotFreeze_service_1: ProcessRecord{65c05c1 18176:com.android.chrome/u0a231}, adj = 915, adjType = cch-client-act, adjSource = null
08-05 16:55:43.888  1771  4251 D ActivityManager: sync unfroze 28955 com.google.android.gms for 4
08-05 16:55:43.908  1771  1826 E ApplicationHelper: Fail to get PackageManager
08-05 16:55:43.908  1771  1826 E ApplicationHelper: Fail to get PackageManager
08-05 16:55:43.913  1771  1826 E ApplicationHelper: Fail to get PackageManager
08-05 16:55:43.913  1771  1826 E ApplicationHelper: Fail to get PackageManager
08-05 16:55:43.982  9780 22640 I NearbyMediums: No BLE Fast/GATT advertisements found in the latest cycle.
08-05 16:55:44.046  1129  1174 I libPerfCtl: xgfGetFPS pid:1429 fps:-1
08-05 16:55:44.046  1129  1174 I libPerfCtl: xgfGetFPS pid:2448 fps:-1
08-05 16:55:44.046  1129  1174 I libPerfCtl: xgfGetFPS pid:21505 fps:-1
08-05 16:55:44.214  1771  2038 D BatteryService: uevent={POWER_SUPPLY_VOLTAGE_NOW=3853000, POWER_SUPPLY_VBUS_PRESENT=true, POWER_SUPPLY_TYPE=Battery, POWER_SUPPLY_HEALTH=Good, POWER_SUPPLY_TECHNOLOGY=Li-poly, POWER_SUPPLY_SCOPE=91, POWER_SUPPLY_CHARGE_FULL_DESIGN=5000000, SEQNUM=328977, POWER_SUPPLY_STATUS=Charging, POWER_SUPPLY_CYCLE_COUNT=103, POWER_SUPPLY_CAPACITY=36, DEVPATH=/devices/platform/smart_battery/power_supply/battery, POWER_SUPPLY_ENERGY_EMPTY=0, POWER_SUPPLY_CHARGE_RATE=Normal, POWER_SUPPLY_CAPACITY_LEVEL=Normal, POWER_SUPPLY_CURRENT_NOW=337000, POWER_SUPPLY_PRESENT=1, POWER_SUPPLY_POWER_WATT=2, POWER_SUPPLY_CHARGE_FULL=4600000, SUBSYSTEM=power_supply, POWER_SUPPLY_VOLTAGE_OCV=3853000, POWER_SUPPLY_TEMP=339, ACTION=change, POWER_SUPPLY_AGE=91, POWER_SUPPLY_NAME=battery, POWER_SUPPLY_LPD_PRESENT=false, POWER_SUPPLY_CHARGE_COUNTER=1592000}
08-05 16:55:44.215  1771  2038 D BatteryService: uevent={POWER_SUPPLY_VOLTAGE_NOW=3853000, POWER_SUPPLY_VBUS_PRESENT=true, POWER_SUPPLY_TYPE=Battery, POWER_SUPPLY_HEALTH=Good, POWER_SUPPLY_TECHNOLOGY=Li-poly, POWER_SUPPLY_SCOPE=91, POWER_SUPPLY_CHARGE_FULL_DESIGN=5000000, SEQNUM=328977, POWER_SUPPLY_STATUS=Charging, POWER_SUPPLY_CYCLE_COUNT=103, POWER_SUPPLY_CAPACITY=36, DEVPATH=/devices/platform/smart_battery/power_supply/battery, POWER_SUPPLY_ENERGY_EMPTY=0, POWER_SUPPLY_CHARGE_RATE=Normal, POWER_SUPPLY_CAPACITY_LEVEL=Normal, POWER_SUPPLY_CURRENT_NOW=337000, POWER_SUPPLY_PRESENT=1, POWER_SUPPLY_POWER_WATT=2, POWER_SUPPLY_CHARGE_FULL=4600000, SUBSYSTEM=power_supply, POWER_SUPPLY_VOLTAGE_OCV=3853000, POWER_SUPPLY_TEMP=339, ACTION=change, POWER_SUPPLY_AGE=91, POWER_SUPPLY_NAME=battery, POWER_SUPPLY_LPD_PRESENT=false, POWER_SUPPLY_CHARGE_COUNTER=1592000}
08-05 16:55:44.228  2448  8594 D PowerUI : can't show warning due to - plugged: true status unknown: false
08-05 16:55:44.230  1771  1771 W libc    : Access denied finding property "vendor.mbrain.battery"
08-05 16:55:44.231  1771  1771 V UiModeManager: updateLocked: null action, mDockState=0, category=null
08-05 16:55:44.227  1771  1771 W system_server: type=1400 audit(0.0:2542816): avc:  denied  { read } for  name="u:object_r:vendor_default_prop:s0" dev="tmpfs" ino=474 scontext=u:r:system_server:s0 tcontext=u:object_r:vendor_default_prop:s0 tclass=file permissive=0
08-05 16:55:44.231  1771  1771 D UiModeManager: updateConfigurationLocked: mDockState=0; mCarMode=false; mNightMode=2; mNightModeCustomType=-1; uiMode=33
08-05 16:55:44.239  1771  1771 W system_server: type=1400 audit(0.0:2542817): avc:  denied  { read } for  name="u:object_r:vendor_default_prop:s0" dev="tmpfs" ino=474 scontext=u:r:system_server:s0 tcontext=u:object_r:vendor_default_prop:s0 tclass=file permissive=0
08-05 16:55:44.243  2448  2927 D PowerUI : can't show warning due to - plugged: true status unknown: false
08-05 16:55:44.244  1771  1771 W libc    : Access denied finding property "vendor.mbrain.battery"
08-05 16:55:44.244  1771  1771 V UiModeManager: updateLocked: null action, mDockState=0, category=null
08-05 16:55:44.244  1771  1771 D UiModeManager: updateConfigurationLocked: mDockState=0; mCarMode=false; mNightMode=2; mNightModeCustomType=-1; uiMode=33
08-05 16:55:44.701  1771  2324 D ActivityManager: freezing 19208 com.google.android.permissioncontroller, reason = oom_cached
08-05 16:55:44.861  1442  1442 W HidlServiceManagement: Waited for hwservicemanager.ready for a second, waiting another...
08-05 16:55:44.862  1442  1442 W libc    : Access denied finding property "hwservicemanager.ready"
08-05 16:55:44.862  1442  1442 W libc    : Access denied finding property "hwservicemanager.ready"
08-05 16:55:44.859  1442  1442 W binder:1442_2: type=1400 audit(0.0:2542818): avc:  denied  { read } for  name="u:object_r:hwservicemanager_prop:s0" dev="tmpfs" ino=225 scontext=u:r:lbs_dbg_ext:s0 tcontext=u:object_r:hwservicemanager_prop:s0 tclass=file permissive=0
08-05 16:55:44.859  1442  1442 W binder:1442_2: type=1400 audit(0.0:2542819): avc:  denied  { read } for  name="u:object_r:hwservicemanager_prop:s0" dev="tmpfs" ino=225 scontext=u:r:lbs_dbg_ext:s0 tcontext=u:object_r:hwservicemanager_prop:s0 tclass=file permissive=0
08-05 16:55:44.868  1771  2324 D ActivityManager: freezing 4191 android.process.acore, reason = oom_cached
08-05 16:55:45.048  1129  1174 I libPerfCtl: xgfGetFPS pid:1429 fps:-1
08-05 16:55:45.048  1129  1174 I libPerfCtl: xgfGetFPS pid:2448 fps:-1
08-05 16:55:45.048  1129  1174 I libPerfCtl: xgfGetFPS pid:21505 fps:-1
08-05 16:55:45.334  1482  1714 D ULogGuard: Monitoring: 13 threads, 0 requests, 0 time-bombs; 8 guards. ResetFlags = 0x7
08-05 16:55:45.516  2648  2648 I WifiHAL : Get link layer stats
08-05 16:55:45.516  2648  2648 I WifiHAL : GetLinkStatsCommand::create
08-05 16:55:45.516  2648  2648 D android.hardware.wifi@1.0-service-lazy: WifiRequest::create vendor command to iface 37, vendor_id=0x1a11, subcmd=0x1200, res=0
08-05 16:55:45.537  2648  2648 I WifiHAL : GetLinkStatsCommand::handleResponse
08-05 16:55:45.537  2648  2648 E WifiHAL : handleResponse: data=0xb400007724c25030, len=3308
08-05 16:55:45.537  2648  2648 I WifiHAL : check_data_sanity: confirmed_size=3308, len=3308
08-05 16:55:45.537  2648  2648 I WifiHAL : handleResponse: iface_stat_ptr=0xb400007724c25030, num_radios=2, radio_stats_ptr=0xb400007724c25724
08-05 16:55:45.538  2648  2648 I WifiHAL : wifi_get_link_stats: result=0
08-05 16:55:45.589  1771  2324 D ActivityManager: freezing 15307 com.google.android.webview:sandboxed_process0:org.chromium.content.app.SandboxedProcessService0:0, reason = unfreezeTemporarily
08-05 16:55:45.611  1771  2328 W PackageManager: Missing required system package: com.oneshoe.yellowbrick, but found with extended search.
08-05 16:55:45.617  1771  1826 E ApplicationHelper: Fail to get PackageManager
08-05 16:55:45.618 15187 15187 D OkHTTP  : WIDGET UPDATE
08-05 16:55:45.626  1771  1826 E ApplicationHelper: Fail to get PackageManager
08-05 16:55:45.864  1442  1442 W HidlServiceManagement: Waited for hwservicemanager.ready for a second, waiting another...
08-05 16:55:45.865  1442  1442 W libc    : Access denied finding property "hwservicemanager.ready"
08-05 16:55:45.865  1442  1442 W libc    : Access denied finding property "hwservicemanager.ready"
08-05 16:55:45.863  1442  1442 W binder:1442_2: type=1400 audit(0.0:2542820): avc:  denied  { read } for  name="u:object_r:hwservicemanager_prop:s0" dev="tmpfs" ino=225 scontext=u:r:lbs_dbg_ext:s0 tcontext=u:object_r:hwservicemanager_prop:s0 tclass=file permissive=0
08-05 16:55:45.863  1442  1442 W binder:1442_2: type=1400 audit(0.0:2542821): avc:  denied  { read } for  name="u:object_r:hwservicemanager_prop:s0" dev="tmpfs" ino=225 scontext=u:r:lbs_dbg_ext:s0 tcontext=u:object_r:hwservicemanager_prop:s0 tclass=file permissive=0
08-05 16:55:46.048  1129  1174 I libPerfCtl: xgfGetFPS pid:2448 fps:-1
08-05 16:55:46.049  1129  1174 I libPerfCtl: xgfGetFPS pid:21505 fps:-1
08-05 16:55:46.865  1442  1442 W HidlServiceManagement: Waited for hwservicemanager.ready for a second, waiting another...
08-05 16:55:46.866  1442  1442 W libc    : Access denied finding property "hwservicemanager.ready"
08-05 16:55:46.866  1442  1442 W libc    : Access denied finding property "hwservicemanager.ready"
08-05 16:55:46.863  1442  1442 W binder:1442_2: type=1400 audit(0.0:2542822): avc:  denied  { read } for  name="u:object_r:hwservicemanager_prop:s0" dev="tmpfs" ino=225 scontext=u:r:lbs_dbg_ext:s0 tcontext=u:object_r:hwservicemanager_prop:s0 tclass=file permissive=0
08-05 16:55:46.863  1442  1442 W binder:1442_2: type=1400 audit(0.0:2542823): avc:  denied  { read } for  name="u:object_r:hwservicemanager_prop:s0" dev="tmpfs" ino=225 scontext=u:r:lbs_dbg_ext:s0 tcontext=u:object_r:hwservicemanager_prop:s0 tclass=file permissive=0
08-05 16:55:47.049  1129  1174 I libPerfCtl: xgfGetFPS pid:2448 fps:-1
08-05 16:55:47.866  1442  1442 W HidlServiceManagement: Waited for hwservicemanager.ready for a second, waiting another...
08-05 16:55:47.866  1442  1442 W libc    : Access denied finding property "hwservicemanager.ready"
08-05 16:55:47.867  1442  1442 W libc    : Access denied finding property "hwservicemanager.ready"
08-05 16:55:47.863  1442  1442 W binder:1442_2: type=1400 audit(0.0:2542824): avc:  denied  { read } for  name="u:object_r:hwservicemanager_prop:s0" dev="tmpfs" ino=225 scontext=u:r:lbs_dbg_ext:s0 tcontext=u:object_r:hwservicemanager_prop:s0 tclass=file permissive=0
08-05 16:55:47.863  1442  1442 W binder:1442_2: type=1400 audit(0.0:2542825): avc:  denied  { read } for  name="u:object_r:hwservicemanager_prop:s0" dev="tmpfs" ino=225 scontext=u:r:lbs_dbg_ext:s0 tcontext=u:object_r:hwservicemanager_prop:s0 tclass=file permissive=0
08-05 16:55:48.049  1129  1174 I libPerfCtl: xgfGetFPS pid:2448 fps:-1
08-05 16:55:48.335  1482  1714 D ULogGuard: Monitoring: 13 threads, 0 requests, 0 time-bombs; 8 guards. ResetFlags = 0x7
08-05 16:55:48.568  2648  2648 I WifiHAL : Get link layer stats
08-05 16:55:48.568  2648  2648 I WifiHAL : GetLinkStatsCommand::create
08-05 16:55:48.568  2648  2648 D android.hardware.wifi@1.0-service-lazy: WifiRequest::create vendor command to iface 37, vendor_id=0x1a11, subcmd=0x1200, res=0
08-05 16:55:48.588  2648  2648 I WifiHAL : GetLinkStatsCommand::handleResponse
08-05 16:55:48.589  2648  2648 E WifiHAL : handleResponse: data=0xb400007724c25030, len=3308
08-05 16:55:48.589  2648  2648 I WifiHAL : check_data_sanity: confirmed_size=3308, len=3308
08-05 16:55:48.589  2648  2648 I WifiHAL : handleResponse: iface_stat_ptr=0xb400007724c25030, num_radios=2, radio_stats_ptr=0xb400007724c25724
08-05 16:55:48.589  2648  2648 I WifiHAL : wifi_get_link_stats: result=0
08-05 16:55:48.866  1442  1442 W HidlServiceManagement: Waited for hwservicemanager.ready for a second, waiting another...
08-05 16:55:48.867  1442  1442 W libc    : Access denied finding property "hwservicemanager.ready"
08-05 16:55:48.867  1442  1442 W libc    : Access denied finding property "hwservicemanager.ready"
08-05 16:55:48.863  1442  1442 W binder:1442_2: type=1400 audit(0.0:2542826): avc:  denied  { read } for  name="u:object_r:hwservicemanager_prop:s0" dev="tmpfs" ino=225 scontext=u:r:lbs_dbg_ext:s0 tcontext=u:object_r:hwservicemanager_prop:s0 tclass=file permissive=0
08-05 16:55:48.863  1442  1442 W binder:1442_2: type=1400 audit(0.0:2542827): avc:  denied  { read } for  name="u:object_r:hwservicemanager_prop:s0" dev="tmpfs" ino=225 scontext=u:r:lbs_dbg_ext:s0 tcontext=u:object_r:hwservicemanager_prop:s0 tclass=file permissive=0
08-05 16:55:48.984  9780 22640 I NearbyMediums: No BLE Fast/GATT advertisements found in the latest cycle.
08-05 16:55:49.049  1129  1174 I libPerfCtl: xgfGetFPS pid:2448 fps:-1
08-05 16:55:49.868  1442  1442 W HidlServiceManagement: Waited for hwservicemanager.ready for a second, waiting another...
08-05 16:55:49.868  1442  1442 W libc    : Access denied finding property "hwservicemanager.ready"
08-05 16:55:49.863  1442  1442 W binder:1442_2: type=1400 audit(0.0:2542828): avc:  denied  { read } for  name="u:object_r:hwservicemanager_prop:s0" dev="tmpfs" ino=225 scontext=u:r:lbs_dbg_ext:s0 tcontext=u:object_r:hwservicemanager_prop:s0 tclass=file permissive=0
08-05 16:55:49.869  1442  1442 W libc    : Access denied finding property "hwservicemanager.ready"
08-05 16:55:49.867  1442  1442 W binder:1442_2: type=1400 audit(0.0:2542829): avc:  denied  { read } for  name="u:object_r:hwservicemanager_prop:s0" dev="tmpfs" ino=225 scontext=u:r:lbs_dbg_ext:s0 tcontext=u:object_r:hwservicemanager_prop:s0 tclass=file permissive=0
08-05 16:55:50.050  1129  1174 I libPerfCtl: xgfGetFPS pid:2448 fps:-1
08-05 16:55:50.625  1771  2328 W PackageManager: Missing required system package: com.oneshoe.yellowbrick, but found with extended search.
08-05 16:55:50.630  1771  1826 E ApplicationHelper: Fail to get PackageManager
08-05 16:55:50.631 15187 15187 D OkHTTP  : WIDGET UPDATE
08-05 16:55:50.636  1771  1826 E ApplicationHelper: Fail to get PackageManager
08-05 16:55:50.868  1442  1442 W HidlServiceManagement: Waited for hwservicemanager.ready for a second, waiting another...
08-05 16:55:50.869  1442  1442 W libc    : Access denied finding property "hwservicemanager.ready"
08-05 16:55:50.869  1442  1442 W libc    : Access denied finding property "hwservicemanager.ready"
08-05 16:55:50.867  1442  1442 W binder:1442_2: type=1400 audit(0.0:2542830): avc:  denied  { read } for  name="u:object_r:hwservicemanager_prop:s0" dev="tmpfs" ino=225 scontext=u:r:lbs_dbg_ext:s0 tcontext=u:object_r:hwservicemanager_prop:s0 tclass=file permissive=0
08-05 16:55:50.867  1442  1442 W binder:1442_2: type=1400 audit(0.0:2542831): avc:  denied  { read } for  name="u:object_r:hwservicemanager_prop:s0" dev="tmpfs" ino=225 scontext=u:r:lbs_dbg_ext:s0 tcontext=u:object_r:hwservicemanager_prop:s0 tclass=file permissive=0
08-05 16:55:51.336  1482  1714 D ULogGuard: Monitoring: 13 threads, 0 requests, 0 time-bombs; 8 guards. ResetFlags = 0x7
08-05 16:55:51.616  2648  2648 I WifiHAL : Get link layer stats
08-05 16:55:51.617  2648  2648 I WifiHAL : GetLinkStatsCommand::create
08-05 16:55:51.617  2648  2648 D android.hardware.wifi@1.0-service-lazy: WifiRequest::create vendor command to iface 37, vendor_id=0x1a11, subcmd=0x1200, res=0
08-05 16:55:51.626  2648  2648 I WifiHAL : GetLinkStatsCommand::handleResponse
08-05 16:55:51.626  2648  2648 E WifiHAL : handleResponse: data=0xb400007724c25030, len=3308
08-05 16:55:51.627  2648  2648 I WifiHAL : check_data_sanity: confirmed_size=3308, len=3308
08-05 16:55:51.627  2648  2648 I WifiHAL : handleResponse: iface_stat_ptr=0xb400007724c25030, num_radios=2, radio_stats_ptr=0xb400007724c25724
08-05 16:55:51.627  2648  2648 I WifiHAL : wifi_get_link_stats: result=0
08-05 16:55:51.649  2448  2448 D StatusBarIconController: ignoring old pipeline callback because the new wifi icon is enabled
08-05 16:55:51.850  9442  9526 I BistoHotwordHelper: (REDACTED) getHotwordActive::active query: %s, watch: %s, devices connected: %s
08-05 16:55:51.870  1442  1442 W HidlServiceManagement: Waited for hwservicemanager.ready for a second, waiting another...
08-05 16:55:51.870  1442  1442 W libc    : Access denied finding property "hwservicemanager.ready"
08-05 16:55:51.871  1442  1442 W libc    : Access denied finding property "hwservicemanager.ready"
08-05 16:55:51.867  1442  1442 W binder:1442_2: type=1400 audit(0.0:2542832): avc:  denied  { read } for  name="u:object_r:hwservicemanager_prop:s0" dev="tmpfs" ino=225 scontext=u:r:lbs_dbg_ext:s0 tcontext=u:object_r:hwservicemanager_prop:s0 tclass=file permissive=0
08-05 16:55:51.867  1442  1442 W binder:1442_2: type=1400 audit(0.0:2542833): avc:  denied  { read } for  name="u:object_r:hwservicemanager_prop:s0" dev="tmpfs" ino=225 scontext=u:r:lbs_dbg_ext:s0 tcontext=u:object_r:hwservicemanager_prop:s0 tclass=file permissive=0
08-05 16:55:52.873  1442  1442 W HidlServiceManagement: Waited for hwservicemanager.ready for a second, waiting another...
08-05 16:55:52.874  1442  1442 W libc    : Access denied finding property "hwservicemanager.ready"
08-05 16:55:52.874  1442  1442 W libc    : Access denied finding property "hwservicemanager.ready"
08-05 16:55:52.871  1442  1442 W binder:1442_2: type=1400 audit(0.0:2542834): avc:  denied  { read } for  name="u:object_r:hwservicemanager_prop:s0" dev="tmpfs" ino=225 scontext=u:r:lbs_dbg_ext:s0 tcontext=u:object_r:hwservicemanager_prop:s0 tclass=file permissive=0
08-05 16:55:52.871  1442  1442 W binder:1442_2: type=1400 audit(0.0:2542835): avc:  denied  { read } for  name="u:object_r:hwservicemanager_prop:s0" dev="tmpfs" ino=225 scontext=u:r:lbs_dbg_ext:s0 tcontext=u:object_r:hwservicemanager_prop:s0 tclass=file permissive=0
08-05 16:55:53.261  1129  1154 D power@timer: [mtkPowerTimer] visRead:0
08-05 16:55:53.876  1442  1442 W HidlServiceManagement: Waited for hwservicemanager.ready for a second, waiting another...
08-05 16:55:53.877  1442  1442 W libc    : Access denied finding property "hwservicemanager.ready"
08-05 16:55:53.877  1442  1442 W libc    : Access denied finding property "hwservicemanager.ready"
08-05 16:55:53.875  1442  1442 W binder:1442_2: type=1400 audit(0.0:2542836): avc:  denied  { read } for  name="u:object_r:hwservicemanager_prop:s0" dev="tmpfs" ino=225 scontext=u:r:lbs_dbg_ext:s0 tcontext=u:object_r:hwservicemanager_prop:s0 tclass=file permissive=0
08-05 16:55:53.875  1442  1442 W binder:1442_2: type=1400 audit(0.0:2542837): avc:  denied  { read } for  name="u:object_r:hwservicemanager_prop:s0" dev="tmpfs" ino=225 scontext=u:r:lbs_dbg_ext:s0 tcontext=u:object_r:hwservicemanager_prop:s0 tclass=file permissive=0
08-05 16:55:53.987  9780 22640 I NearbyMediums: No BLE Fast/GATT advertisements found in the latest cycle.
08-05 16:55:54.252  1771  2038 D BatteryService: uevent={POWER_SUPPLY_VOLTAGE_NOW=3854000, POWER_SUPPLY_VBUS_PRESENT=true, POWER_SUPPLY_TYPE=Battery, POWER_SUPPLY_HEALTH=Good, POWER_SUPPLY_TECHNOLOGY=Li-poly, POWER_SUPPLY_SCOPE=91, POWER_SUPPLY_CHARGE_FULL_DESIGN=5000000, SEQNUM=328978, POWER_SUPPLY_STATUS=Charging, POWER_SUPPLY_CYCLE_COUNT=103, POWER_SUPPLY_CAPACITY=36, DEVPATH=/devices/platform/smart_battery/power_supply/battery, POWER_SUPPLY_ENERGY_EMPTY=0, POWER_SUPPLY_CHARGE_RATE=Normal, POWER_SUPPLY_CAPACITY_LEVEL=Normal, POWER_SUPPLY_CURRENT_NOW=328000, POWER_SUPPLY_PRESENT=1, POWER_SUPPLY_POWER_WATT=2, POWER_SUPPLY_CHARGE_FULL=4600000, SUBSYSTEM=power_supply, POWER_SUPPLY_VOLTAGE_OCV=3854000, POWER_SUPPLY_TEMP=339, ACTION=change, POWER_SUPPLY_AGE=91, POWER_SUPPLY_NAME=battery, POWER_SUPPLY_LPD_PRESENT=false, POWER_SUPPLY_CHARGE_COUNTER=1592000}
08-05 16:55:54.253  1771  2038 D BatteryService: uevent={POWER_SUPPLY_VOLTAGE_NOW=3854000, POWER_SUPPLY_VBUS_PRESENT=true, POWER_SUPPLY_TYPE=Battery, POWER_SUPPLY_HEALTH=Good, POWER_SUPPLY_TECHNOLOGY=Li-poly, POWER_SUPPLY_SCOPE=91, POWER_SUPPLY_CHARGE_FULL_DESIGN=5000000, SEQNUM=328978, POWER_SUPPLY_STATUS=Charging, POWER_SUPPLY_CYCLE_COUNT=103, POWER_SUPPLY_CAPACITY=36, DEVPATH=/devices/platform/smart_battery/power_supply/battery, POWER_SUPPLY_ENERGY_EMPTY=0, POWER_SUPPLY_CHARGE_RATE=Normal, POWER_SUPPLY_CAPACITY_LEVEL=Normal, POWER_SUPPLY_CURRENT_NOW=328000, POWER_SUPPLY_PRESENT=1, POWER_SUPPLY_POWER_WATT=2, POWER_SUPPLY_CHARGE_FULL=4600000, SUBSYSTEM=power_supply, POWER_SUPPLY_VOLTAGE_OCV=3854000, POWER_SUPPLY_TEMP=339, ACTION=change, POWER_SUPPLY_AGE=91, POWER_SUPPLY_NAME=battery, POWER_SUPPLY_LPD_PRESENT=false, POWER_SUPPLY_CHARGE_COUNTER=1592000}
08-05 16:55:54.267  2448  9596 D PowerUI : can't show warning due to - plugged: true status unknown: false
08-05 16:55:54.270  1771  1771 W libc    : Access denied finding property "vendor.mbrain.battery"
08-05 16:55:54.267  1771  1771 W system_server: type=1400 audit(0.0:2542838): avc:  denied  { read } for  name="u:object_r:vendor_default_prop:s0" dev="tmpfs" ino=474 scontext=u:r:system_server:s0 tcontext=u:object_r:vendor_default_prop:s0 tclass=file permissive=0
08-05 16:55:54.271  1771  1771 V UiModeManager: updateLocked: null action, mDockState=0, category=null
08-05 16:55:54.272  1771  1771 D UiModeManager: updateConfigurationLocked: mDockState=0; mCarMode=false; mNightMode=2; mNightModeCustomType=-1; uiMode=33
08-05 16:55:54.277  1771  1771 W libc    : Access denied finding property "vendor.mbrain.battery"
08-05 16:55:54.275  1771  1771 W system_server: type=1400 audit(0.0:2542839): avc:  denied  { read } for  name="u:object_r:vendor_default_prop:s0" dev="tmpfs" ino=474 scontext=u:r:system_server:s0 tcontext=u:object_r:vendor_default_prop:s0 tclass=file permissive=0
08-05 16:55:54.277  1771  1771 V UiModeManager: updateLocked: null action, mDockState=0, category=null
08-05 16:55:54.278  1771  1771 D UiModeManager: updateConfigurationLocked: mDockState=0; mCarMode=false; mNightMode=2; mNightModeCustomType=-1; uiMode=33
08-05 16:55:54.283  1771  1771 W libc    : Access denied finding property "vendor.mbrain.battery"
08-05 16:55:54.283  1771  1771 V UiModeManager: updateLocked: null action, mDockState=0, category=null
08-05 16:55:54.283  2448 21091 D PowerUI : can't show warning due to - plugged: true status unknown: false
08-05 16:55:54.279  1771  1771 W system_server: type=1400 audit(0.0:2542840): avc:  denied  { read } for  name="u:object_r:vendor_default_prop:s0" dev="tmpfs" ino=474 scontext=u:r:system_server:s0 tcontext=u:object_r:vendor_default_prop:s0 tclass=file permissive=0
08-05 16:55:54.284  1771  1771 D UiModeManager: updateConfigurationLocked: mDockState=0; mCarMode=false; mNightMode=2; mNightModeCustomType=-1; uiMode=33
08-05 16:55:54.340  1482  1714 D ULogGuard: Monitoring: 13 threads, 0 requests, 0 time-bombs; 8 guards. ResetFlags = 0x7
08-05 16:55:54.651  2648  2648 I WifiHAL : Get link layer stats
08-05 16:55:54.651  2648  2648 I WifiHAL : GetLinkStatsCommand::create
08-05 16:55:54.651  2648  2648 D android.hardware.wifi@1.0-service-lazy: WifiRequest::create vendor command to iface 37, vendor_id=0x1a11, subcmd=0x1200, res=0
08-05 16:55:54.668  2648  2648 I WifiHAL : GetLinkStatsCommand::handleResponse
08-05 16:55:54.668  2648  2648 E WifiHAL : handleResponse: data=0xb400007724c25030, len=3308
08-05 16:55:54.668  2648  2648 I WifiHAL : check_data_sanity: confirmed_size=3308, len=3308
08-05 16:55:54.668  2648  2648 I WifiHAL : handleResponse: iface_stat_ptr=0xb400007724c25030, num_radios=2, radio_stats_ptr=0xb400007724c25724
08-05 16:55:54.669  2648  2648 I WifiHAL : wifi_get_link_stats: result=0
08-05 16:55:54.879  1442  1442 W HidlServiceManagement: Waited for hwservicemanager.ready for a second, waiting another...
08-05 16:55:54.875  1442  1442 W binder:1442_2: type=1400 audit(0.0:2542841): avc:  denied  { read } for  name="u:object_r:hwservicemanager_prop:s0" dev="tmpfs" ino=225 scontext=u:r:lbs_dbg_ext:s0 tcontext=u:object_r:hwservicemanager_prop:s0 tclass=file permissive=0
08-05 16:55:54.880  1442  1442 W libc    : Access denied finding property "hwservicemanager.ready"
08-05 16:55:54.880  1442  1442 W libc    : Access denied finding property "hwservicemanager.ready"
08-05 16:55:54.875  1442  1442 W binder:1442_2: type=1400 audit(0.0:2542842): avc:  denied  { read } for  name="u:object_r:hwservicemanager_prop:s0" dev="tmpfs" ino=225 scontext=u:r:lbs_dbg_ext:s0 tcontext=u:object_r:hwservicemanager_prop:s0 tclass=file permissive=0
08-05 16:55:55.512  2648  2648 I WifiHAL : Get link layer stats
08-05 16:55:55.512  2648  2648 I WifiHAL : GetLinkStatsCommand::create
08-05 16:55:55.513  2648  2648 D android.hardware.wifi@1.0-service-lazy: WifiRequest::create vendor command to iface 37, vendor_id=0x1a11, subcmd=0x1200, res=0
08-05 16:55:55.516  1052  1052 D [BT]    : mtk_bt_op: BT_VND_OP_LPM_WAKE_SET_STATE
08-05 16:55:55.535  2648  2648 I WifiHAL : GetLinkStatsCommand::handleResponse
08-05 16:55:55.535  2648  2648 E WifiHAL : handleResponse: data=0xb400007724c25030, len=3308
08-05 16:55:55.536  2648  2648 I WifiHAL : check_data_sanity: confirmed_size=3308, len=3308
08-05 16:55:55.536  2648  2648 I WifiHAL : handleResponse: iface_stat_ptr=0xb400007724c25030, num_radios=2, radio_stats_ptr=0xb400007724c25724
08-05 16:55:55.536  2648  2648 I WifiHAL : wifi_get_link_stats: result=0
08-05 16:55:55.636  1771  2328 W PackageManager: Missing required system package: com.oneshoe.yellowbrick, but found with extended search.
08-05 16:55:55.641  1771  1826 E ApplicationHelper: Fail to get PackageManager
08-05 16:55:55.642 15187 15187 D OkHTTP  : WIDGET UPDATE
08-05 16:55:55.646  1771  1826 E ApplicationHelper: Fail to get PackageManager
08-05 16:55:55.881  1442  1442 W HidlServiceManagement: Waited for hwservicemanager.ready for a second, waiting another...
08-05 16:55:55.881  1442  1442 W libc    : Access denied finding property "hwservicemanager.ready"
08-05 16:55:55.882  1442  1442 W libc    : Access denied finding property "hwservicemanager.ready"
08-05 16:55:55.879  1442  1442 W binder:1442_2: type=1400 audit(0.0:2542843): avc:  denied  { read } for  name="u:object_r:hwservicemanager_prop:s0" dev="tmpfs" ino=225 scontext=u:r:lbs_dbg_ext:s0 tcontext=u:object_r:hwservicemanager_prop:s0 tclass=file permissive=0
08-05 16:55:55.879  1442  1442 W binder:1442_2: type=1400 audit(0.0:2542844): avc:  denied  { read } for  name="u:object_r:hwservicemanager_prop:s0" dev="tmpfs" ino=225 scontext=u:r:lbs_dbg_ext:s0 tcontext=u:object_r:hwservicemanager_prop:s0 tclass=file permissive=0
08-05 16:55:56.865  1771  1826 E ApplicationHelper: Fail to get PackageManager
08-05 16:55:56.881  1442  1442 W HidlServiceManagement: Waited for hwservicemanager.ready for a second, waiting another...
08-05 16:55:56.882  1442  1442 W libc    : Access denied finding property "hwservicemanager.ready"
08-05 16:55:56.882  1442  1442 W libc    : Access denied finding property "hwservicemanager.ready"
08-05 16:55:56.879  1442  1442 W binder:1442_2: type=1400 audit(0.0:2542845): avc:  denied  { read } for  name="u:object_r:hwservicemanager_prop:s0" dev="tmpfs" ino=225 scontext=u:r:lbs_dbg_ext:s0 tcontext=u:object_r:hwservicemanager_prop:s0 tclass=file permissive=0
08-05 16:55:56.879  1442  1442 W binder:1442_2: type=1400 audit(0.0:2542846): avc:  denied  { read } for  name="u:object_r:hwservicemanager_prop:s0" dev="tmpfs" ino=225 scontext=u:r:lbs_dbg_ext:s0 tcontext=u:object_r:hwservicemanager_prop:s0 tclass=file permissive=0
08-05 16:55:57.118  1771  1826 E ApplicationHelper: Fail to get PackageManager
08-05 16:55:57.119  1771  1826 E ApplicationHelper: Fail to get PackageManager
08-05 16:55:57.123 28955 28955 D BoundBrokerSvc: onUnbind: Intent { act=com.google.android.gms.feedback.internal.IFeedbackService dat=chimera-action:/... cmp=com.google.android.gms/.chimera.GmsBoundBrokerService }
08-05 16:55:57.125  1771  1826 E ApplicationHelper: Fail to get PackageManager
08-05 16:55:57.126  1771  1826 E ApplicationHelper: Fail to get PackageManager
08-05 16:55:57.171  1771  1826 E ApplicationHelper: Fail to get PackageManager
08-05 16:55:57.171  1771  1826 E ApplicationHelper: Fail to get PackageManager
08-05 16:55:57.181  1771  1826 E ApplicationHelper: Fail to get PackageManager
08-05 16:55:57.181  1771  1826 E ApplicationHelper: Fail to get PackageManager
08-05 16:55:57.345  1482  1714 D ULogGuard: Monitoring: 13 threads, 0 requests, 0 time-bombs; 8 guards. ResetFlags = 0x7
08-05 16:55:57.692  2648  2648 I WifiHAL : Get link layer stats
08-05 16:55:57.692  2648  2648 I WifiHAL : GetLinkStatsCommand::create
08-05 16:55:57.692  2648  2648 D android.hardware.wifi@1.0-service-lazy: WifiRequest::create vendor command to iface 37, vendor_id=0x1a11, subcmd=0x1200, res=0
08-05 16:55:57.702  2648  2648 I WifiHAL : GetLinkStatsCommand::handleResponse
08-05 16:55:57.702  2648  2648 E WifiHAL : handleResponse: data=0xb400007724c25030, len=3308
08-05 16:55:57.702  2648  2648 I WifiHAL : check_data_sanity: confirmed_size=3308, len=3308
08-05 16:55:57.702  2648  2648 I WifiHAL : handleResponse: iface_stat_ptr=0xb400007724c25030, num_radios=2, radio_stats_ptr=0xb400007724c25724
08-05 16:55:57.702  2648  2648 I WifiHAL : wifi_get_link_stats: result=0
08-05 16:55:57.883  1442  1442 W HidlServiceManagement: Waited for hwservicemanager.ready for a second, waiting another...
08-05 16:55:57.883  1442  1442 W libc    : Access denied finding property "hwservicemanager.ready"
08-05 16:55:57.884  1442  1442 W libc    : Access denied finding property "hwservicemanager.ready"
08-05 16:55:57.879  1442  1442 W binder:1442_2: type=1400 audit(0.0:2542847): avc:  denied  { read } for  name="u:object_r:hwservicemanager_prop:s0" dev="tmpfs" ino=225 scontext=u:r:lbs_dbg_ext:s0 tcontext=u:object_r:hwservicemanager_prop:s0 tclass=file permissive=0
08-05 16:55:57.879  1442  1442 W binder:1442_2: type=1400 audit(0.0:2542848): avc:  denied  { read } for  name="u:object_r:hwservicemanager_prop:s0" dev="tmpfs" ino=225 scontext=u:r:lbs_dbg_ext:s0 tcontext=u:object_r:hwservicemanager_prop:s0 tclass=file permissive=0
08-05 16:55:58.883  1442  1442 W HidlServiceManagement: Waited for hwservicemanager.ready for a second, waiting another...
08-05 16:55:58.884  1442  1442 W libc    : Access denied finding property "hwservicemanager.ready"
08-05 16:55:58.879  1442  1442 W binder:1442_2: type=1400 audit(0.0:2542849): avc:  denied  { read } for  name="u:object_r:hwservicemanager_prop:s0" dev="tmpfs" ino=225 scontext=u:r:lbs_dbg_ext:s0 tcontext=u:object_r:hwservicemanager_prop:s0 tclass=file permissive=0
08-05 16:55:58.885  1442  1442 W libc    : Access denied finding property "hwservicemanager.ready"
08-05 16:55:58.883  1442  1442 W binder:1442_2: type=1400 audit(0.0:2542850): avc:  denied  { read } for  name="u:object_r:hwservicemanager_prop:s0" dev="tmpfs" ino=225 scontext=u:r:lbs_dbg_ext:s0 tcontext=u:object_r:hwservicemanager_prop:s0 tclass=file permissive=0
08-05 16:55:58.990  9780 22640 I NearbyMediums: No BLE Fast/GATT advertisements found in the latest cycle.
08-05 16:55:59.884  1442  1442 W HidlServiceManagement: Waited for hwservicemanager.ready for a second, waiting another...
08-05 16:55:59.885  1442  1442 W libc    : Access denied finding property "hwservicemanager.ready"
08-05 16:55:59.885  1442  1442 W libc    : Access denied finding property "hwservicemanager.ready"
08-05 16:55:59.883  1442  1442 W binder:1442_2: type=1400 audit(0.0:2542851): avc:  denied  { read } for  name="u:object_r:hwservicemanager_prop:s0" dev="tmpfs" ino=225 scontext=u:r:lbs_dbg_ext:s0 tcontext=u:object_r:hwservicemanager_prop:s0 tclass=file permissive=0
08-05 16:55:59.883  1442  1442 W binder:1442_2: type=1400 audit(0.0:2542852): avc:  denied  { read } for  name="u:object_r:hwservicemanager_prop:s0" dev="tmpfs" ino=225 scontext=u:r:lbs_dbg_ext:s0 tcontext=u:object_r:hwservicemanager_prop:s0 tclass=file permissive=0
08-05 16:56:00.080  1197  1197 I BufferQueueProducer: [StatusBar#83](this:0xb4000074a19b5b58,id:-1,api:0,p:-1,c:1197) queueBuffer: fps=0.05 dur=19811.87 max=19811.87 min=19811.87
08-05 16:56:00.086  1061  2226 I hwcomposer: [HWCDisplay] [Display_0 (type:1)] fps:0.554000,dur:19855.58,max:19077.61,min:6.88  
08-05 16:56:00.147  1061  1400 I hwcomposer: [HWC] (0)fire a callback of refresh to SF[4]  
08-05 16:56:00.169  1129  1153 I mtkpower@impl: [setMode] type:6, enabled:1
08-05 16:56:00.169  1129  1153 E mtkpower@impl: [setMode] unknown type
08-05 16:56:00.174  1197  1197 I BufferQueueProducer: [FramebufferSurface](this:0xb40000739184b2f0,id:-1,api:1,p:1197,c:1197) queueBuffer: fps=0.10 dur=19811.87 max=19166.20 min=645.67
08-05 16:56:00.229  1129  1153 I mtkpower@impl: [setMode] type:6, enabled:0
08-05 16:56:00.229  1129  1153 E mtkpower@impl: [setMode] unknown type
08-05 16:56:00.350  1482  1714 D ULogGuard: Monitoring: 13 threads, 0 requests, 0 time-bombs; 8 guards. ResetFlags = 0x7
08-05 16:56:00.648  1771  2328 W PackageManager: Missing required system package: com.oneshoe.yellowbrick, but found with extended search.
08-05 16:56:00.654  1771  1826 E ApplicationHelper: Fail to get PackageManager
08-05 16:56:00.655 15187 15187 D OkHTTP  : WIDGET UPDATE
