08-05 16:55:34.736 21505 22689 D TransportRuntime.JobInfoScheduler: Scheduling upload for context TransportContext(cct, DEFAULT, MSRodHRwczovL2ZpcmViYXNlbG9nZ2luZy5nb29nbGVhcGlzLmNvbS92MGNjL2xvZy9iYXRjaD9mb3JtYXQ9anNvbl9wcm90bzNc) with jobId=-821483925 in 30000ms(Backend next call timestamp 0). Attempt 1
08-05 16:55:34.740  1287  1287 I mtkpower_client: perf_lock_acq, hdl:0, dur:30000, num:2, tid:1287
08-05 16:55:34.741  1287  1287 I mtkpower_client: ret_hdl:523202
08-05 16:55:34.742  1129  1202 I libPowerHal: [perfLockAcq] idx:3 hdl:523202 hint:-1 pid:1287 duration:30000 lock_user:fpsgo => ret_hdl:523202
08-05 16:55:34.744 21505 21505 D DynamicRangeResolver: Resolved dynamic range for use case androidx.camera.core.Preview-a445ddeb-ef9b-40d6-890e-00ece3767038 to no compatible HDR dynamic ranges.
08-05 16:55:34.744 21505 21505 D DynamicRangeResolver: DynamicRange@dd1b744{encoding=UNSPECIFIED, bitDepth=0}
08-05 16:55:34.744 21505 21505 D DynamicRangeResolver: ->
08-05 16:55:34.744 21505 21505 D DynamicRangeResolver: DynamicRange@b946057{encoding=SDR, bitDepth=8}
08-05 16:55:34.750 21505 21505 D CameraOrientationUtil: getRelativeImageRotation: destRotationDegrees=0, sourceRotationDegrees=90, isOppositeFacing=true, result=90
08-05 16:55:34.751 21505 21505 D DeferrableSurface: Surface created[total_surfaces=1, used_surfaces=0](androidx.camera.core.processing.SurfaceEdge$SettableSurface@b31e33b}
08-05 16:55:34.764 21505 21505 D DeferrableSurface: Surface created[total_surfaces=2, used_surfaces=0](androidx.camera.core.SurfaceRequest$2@1d17817}
08-05 16:55:34.765 21505 21505 D DeferrableSurface: New surface in use[total_surfaces=2, used_surfaces=1](androidx.camera.core.SurfaceRequest$2@1d17817}
08-05 16:55:34.766 21505 21505 D DeferrableSurface: use count+1, useCount=1 androidx.camera.core.SurfaceRequest$2@1d17817
08-05 16:55:34.766 21505 21505 D CameraOrientationUtil: getRelativeImageRotation: destRotationDegrees=0, sourceRotationDegrees=90, isOppositeFacing=true, result=90
08-05 16:55:34.769 21505 21505 D ImageCapture: createPipeline(cameraId: 0, streamSpec: StreamSpec{resolution=4096x3072, dynamicRange=DynamicRange@b946057{encoding=SDR, bitDepth=8}, expectedFrameRateRange=[0, 0], implementationOptions=androidx.camera.camera2.impl.Camera2ImplConfig@9d1ac70})
08-05 16:55:34.770 21505 21505 D BufferQueueConsumer: [](id:540100000006,api:0,p:-1,c:21505) connect: controlledByApp=true
08-05 16:55:34.771 21505 21505 D DeferrableSurface: Surface created[total_surfaces=3, used_surfaces=1](androidx.camera.core.impl.ImmediateSurface@f70bbe9}
08-05 16:55:34.774 21505 21505 D BufferQueueConsumer: [](id:540100000007,api:0,p:-1,c:21505) connect: controlledByApp=true
08-05 16:55:34.774 21505 21505 D CameraOrientationUtil: getRelativeImageRotation: destRotationDegrees=0, sourceRotationDegrees=90, isOppositeFacing=true, result=90
08-05 16:55:34.774 21505 22687 D Camera2CameraImpl: {Camera@2475e59[id=0]} Use case androidx.camera.core.ImageCapture-0b9aaab8-2bb5-4195-bd5e-092ec81001d31989566 ACTIVE
08-05 16:55:34.775 21505 21505 D BufferQueueConsumer: [](id:540100000008,api:0,p:-1,c:21505) connect: controlledByApp=true
08-05 16:55:34.775 21505 22687 D UseCaseAttachState: Active and attached use case: [] for camera: 0
08-05 16:55:34.776 21505 21505 D CameraOrientationUtil: getRelativeImageRotation: destRotationDegrees=0, sourceRotationDegrees=90, isOppositeFacing=true, result=90
08-05 16:55:34.777 21505 21505 D DeferrableSurface: Surface created[total_surfaces=4, used_surfaces=1](androidx.camera.core.impl.ImmediateSurface@595530f}
08-05 16:55:34.779 21505 22685 D Camera2CameraImpl: {Camera@2475e59[id=0]} Use case androidx.camera.core.Preview-a445ddeb-ef9b-40d6-890e-00ece3767038116867705 ACTIVE
08-05 16:55:34.779 21505 22685 D UseCaseAttachState: Active and attached use case: [] for camera: 0
08-05 16:55:34.781 21505 22685 D Camera2CameraImpl: {Camera@2475e59[id=0]} Use case androidx.camera.core.ImageCapture-0b9aaab8-2bb5-4195-bd5e-092ec81001d31989566 ACTIVE
08-05 16:55:34.781 21505 22685 D UseCaseAttachState: Active and attached use case: [] for camera: 0
08-05 16:55:34.782 21505 22685 D Camera2CameraImpl: {Camera@2475e59[id=0]} Use case androidx.camera.core.ImageAnalysis-becca3d1-73ee-4eeb-bc82-3a5cb7a99b60265626655 ACTIVE
08-05 16:55:34.782 21505 22685 D UseCaseAttachState: Active and attached use case: [] for camera: 0
08-05 16:55:34.783 21505 22685 D UseCaseAttachState: Active and attached use case: [] for camera: 0
08-05 16:55:34.784 21505 22685 D Camera2CameraImpl: {Camera@2475e59[id=0]} Use cases [androidx.camera.core.Preview-a445ddeb-ef9b-40d6-890e-00ece3767038116867705, androidx.camera.core.ImageCapture-0b9aaab8-2bb5-4195-bd5e-092ec81001d31989566, androidx.camera.core.ImageAnalysis-becca3d1-73ee-4eeb-bc82-3a5cb7a99b60265626655] now ATTACHED
08-05 16:55:34.785 21505 21516 I reon.ssi.wallet: Background concurrent mark compact GC freed 331115(15MB) AllocSpace objects, 8(1144KB) LOS objects, 56% free, 13MB/31MB, paused 360us,5.736ms total 60.247ms
08-05 16:55:34.785 21505 22685 D UseCaseAttachState: All use case: [androidx.camera.core.ImageCapture-0b9aaab8-2bb5-4195-bd5e-092ec81001d31989566, androidx.camera.core.Preview-a445ddeb-ef9b-40d6-890e-00ece3767038116867705, androidx.camera.core.ImageAnalysis-becca3d1-73ee-4eeb-bc82-3a5cb7a99b60265626655] for camera: 0
08-05 16:55:34.786 21505 21505 D PreviewView: Surface requested by Preview.
08-05 16:55:34.786 21505 22685 D UseCaseAttachState: Active and attached use case: [androidx.camera.core.ImageCapture-0b9aaab8-2bb5-4195-bd5e-092ec81001d31989566, androidx.camera.core.Preview-a445ddeb-ef9b-40d6-890e-00ece3767038116867705, androidx.camera.core.ImageAnalysis-becca3d1-73ee-4eeb-bc82-3a5cb7a99b60265626655] for camera: 0
08-05 16:55:34.787  1197  2809 D SurfaceFlinger: [SF client] NEW(0xb4000072b1896cf0) for (21505:com.sphereon.ssi.wallet)
08-05 16:55:34.787  1429  9967 D Camera2ClientBase: Camera 0: start to disconnect
08-05 16:55:34.788  1429  9967 D Camera2ClientBase: Camera 0: serializationLock acquired
08-05 16:55:34.788  1429  9967 D Camera2ClientBase: Camera 0: Shutting down
08-05 16:55:34.788  1429  9967 I Camera3-Device: disconnectImpl: E
08-05 16:55:34.788  1429  9967 I Camera2ClientBase: ~Camera2ClientBase: Client object's dtor for Camera Id 0 completed. Client was: com.sphereon.ssi.wallet (PID 21505, UID 10484)
08-05 16:55:34.788 21505 22685 D Camera2CameraImpl: {Camera@2475e59[id=0]} Resetting Capture Session
08-05 16:55:34.788 21505 22685 D Camera2CameraImpl: {Camera@2475e59[id=0]} Skipping Capture Session state check due to current camera state: INITIALIZED and previous session status: false
08-05 16:55:34.788 21505 22685 D Camera2CameraImpl: {Camera@2475e59[id=0]} Releasing session in state INITIALIZED
08-05 16:55:34.789 21505 22685 D Camera2CameraImpl: {Camera@2475e59[id=0]} Attempting to force open the camera.
08-05 16:55:34.789 21505 22685 D CameraStateRegistry: tryOpenCamera(Camera@2475e59[id=0]) [Available Cameras: 1, Already Open: false (Previous state: CLOSED)] --> SUCCESS
08-05 16:55:34.789  1429  9967 I Camera3-Device: disconnectImpl: E
08-05 16:55:34.789  1429  9967 I Camera3DeviceInjectionMethods: injectionDisconnectImpl: Injection camera disconnect
08-05 16:55:34.790 21505 22685 D CameraStateRegistry: Recalculating open cameras:
08-05 16:55:34.790 21505 22685 D CameraStateRegistry: Camera                                       State                 
08-05 16:55:34.790 21505 22685 D CameraStateRegistry: -------------------------------------------------------------------
08-05 16:55:34.790 21505 22685 D CameraStateRegistry: Camera@2475e59[id=0]                         OPENING               
08-05 16:55:34.790 21505 22685 D CameraStateRegistry: Camera@91615b8[id=1]                         UNKNOWN               
08-05 16:55:34.790 21505 22685 D CameraStateRegistry: -------------------------------------------------------------------
08-05 16:55:34.790 21505 22685 D CameraStateRegistry: Open count: 1 (Max allowed: 1)
08-05 16:55:34.790 21505 22685 D Camera2CameraImpl: {Camera@2475e59[id=0]} Opening camera.
08-05 16:55:34.790 21505 22685 D Camera2CameraImpl: {Camera@2475e59[id=0]} Transitioning camera internal state: INITIALIZED --> OPENING
08-05 16:55:34.790 21505 22685 D CameraStateMachine: New public camera state CameraState{type=OPENING, error=null} from OPENING and null
08-05 16:55:34.790 21505 22685 D CameraStateMachine: Publishing new public camera state CameraState{type=OPENING, error=null}
08-05 16:55:34.790  1287  1287 I mtkpower_client: perf_lock_rel, hdl:523202, tid:1287
08-05 16:55:34.791  1129  1202 I libPowerHal: [perfLockRel] hdl:523202, idx:3
08-05 16:55:34.791 21505 22685 D UseCaseAttachState: All use case: [androidx.camera.core.ImageCapture-0b9aaab8-2bb5-4195-bd5e-092ec81001d31989566, androidx.camera.core.Preview-a445ddeb-ef9b-40d6-890e-00ece3767038116867705, androidx.camera.core.ImageAnalysis-becca3d1-73ee-4eeb-bc82-3a5cb7a99b60265626655] for camera: 0
08-05 16:55:34.793  1197  1281 E BufferQueueDebug: [SurfaceView[com.sphereon.ssi.wallet/com.sphereon.ssi.wallet.MainActivity]#145268](this:0xb4000074a1ac7158,id:-1,api:0,p:-1,c:-1) id info cannot be read from 'SurfaceView[com.sphereon.ssi.wallet/com.sphereon.ssi.wallet.MainActivity]#145268'
08-05 16:55:34.793  1197  1281 I BufferQueueDebug: [SurfaceView[com.sphereon.ssi.wallet/com.sphereon.ssi.wallet.MainActivity]#145268](this:0xb4000074a1ac7158,id:-1,api:0,p:-1,c:-1) BufferQueue core=(1197:/system/bin/surfaceflinger)
08-05 16:55:34.794  1197  1281 E BufferQueueDebug: [SurfaceView[com.sphereon.ssi.wallet/com.sphereon.ssi.wallet.MainActivity](BLAST)#145269](this:0xb4000074a1b22358,id:-1,api:0,p:-1,c:-1) id info cannot be read from 'SurfaceView[com.sphereon.ssi.wallet/com.sphereon.ssi.wallet.MainActivity](BLAST)#145269'
08-05 16:55:34.794  1197  1281 I BufferQueueDebug: [SurfaceView[com.sphereon.ssi.wallet/com.sphereon.ssi.wallet.MainActivity](BLAST)#145269](this:0xb4000074a1b22358,id:-1,api:0,p:-1,c:-1) BufferQueue core=(1197:/system/bin/surfaceflinger)
08-05 16:55:34.795  1197  1281 E BufferQueueDebug: [Background for SurfaceView[com.sphereon.ssi.wallet/com.sphereon.ssi.wallet.MainActivity]#145270](this:0xb4000074a1a66438,id:-1,api:0,p:-1,c:-1) id info cannot be read from 'Background for SurfaceView[com.sphereon.ssi.wallet/com.sphereon.ssi.wallet.MainActivity]#145270'
08-05 16:55:34.795  1197  1281 I BufferQueueDebug: [Background for SurfaceView[com.sphereon.ssi.wallet/com.sphereon.ssi.wallet.MainActivity]#145270](this:0xb4000074a1a66438,id:-1,api:0,p:-1,c:-1) BufferQueue core=(1197:/system/bin/surfaceflinger)
08-05 16:55:34.796 21505 21505 D BufferQueueConsumer: [](id:540100000009,api:0,p:-1,c:21505) connect: controlledByApp=false
08-05 16:55:34.797 21505 21505 D SurfaceViewImpl: Surface created.
08-05 16:55:34.797  1771  4214 W System.err: java.lang.SecurityException: Caller with uid 1047 is not android
08-05 16:55:34.797 21505 21505 D SurfaceViewImpl: Surface changed. Size: 1600x1200
08-05 16:55:34.797  1771  4214 W System.err: 	at com.android.server.devicepolicy.DevicePolicyManagerService.getCallerIdentity(DevicePolicyManagerService.java:2406)
08-05 16:55:34.797  1771  4214 W System.err: 	at com.android.server.devicepolicy.DevicePolicyManagerService.getCameraDisabled(DevicePolicyManagerService.java:9408)
08-05 16:55:34.797  1771  4214 W System.err: 	at android.app.admin.DevicePolicyManager.getCameraDisabled(DevicePolicyManager.java:8435)
08-05 16:55:34.797  1771  4214 W System.err: 	at com.android.server.camera.CameraServiceProxy$2.isCameraDisabled(CameraServiceProxy.java:857)
08-05 16:55:34.797  1771  4214 W System.err: 	at android.hardware.ICameraServiceProxy$Stub.onTransact(ICameraServiceProxy.java:245)
08-05 16:55:34.797  1771  4214 W System.err: 	at android.os.Binder.execTransactInternal(Binder.java:1385)
08-05 16:55:34.797  1771  4214 W System.err: 	at android.os.Binder.execTransact(Binder.java:1310)
08-05 16:55:34.797  1429  2189 I CameraService: CameraService::connect call (PID 21505 "com.sphereon.ssi.wallet", camera ID 0) and Camera API version 2
08-05 16:55:34.795  1442  1442 W binder:1442_2: type=1400 audit(0.0:2542780): avc:  denied  { read } for  name="u:object_r:hwservicemanager_prop:s0" dev="tmpfs" ino=225 scontext=u:r:lbs_dbg_ext:s0 tcontext=u:object_r:hwservicemanager_prop:s0 tclass=file permissive=0
08-05 16:55:34.799  1771  4214 D CameraService_proxy:  rootTaskInfo topActivity: ComponentInfo{com.sphereon.ssi.wallet/com.sphereon.ssi.wallet.MainActivity}
08-05 16:55:34.799  1771  4214 D CameraService_proxy: camera useage: com.sphereon.ssi.wallet.MainActivity
08-05 16:55:34.799 21505 21505 D PreviewView: Preview transformation info updated. TransformationInfo{getCropRect=Rect(0, 0 - 1600, 1200), getRotationDegrees=90, getTargetRotation=-1, hasCameraTransform=true, getSensorToBufferTransform=Matrix{[1.0, 0.0, 0.0][0.0, 1.0, 0.0][0.0, 0.0, 1.0]}, isMirroring=false}
08-05 16:55:34.799 21505 21505 D PreviewTransform: Transformation info set: TransformationInfo{getCropRect=Rect(0, 0 - 1600, 1200), getRotationDegrees=90, getTargetRotation=-1, hasCameraTransform=true, getSensorToBufferTransform=Matrix{[1.0, 0.0, 0.0][0.0, 1.0, 0.0][0.0, 0.0, 1.0]}, isMirroring=false} 1600x1200 false
08-05 16:55:34.800 21505 21505 D CameraOrientationUtil: getRelativeImageRotation: destRotationDegrees=0, sourceRotationDegrees=90, isOppositeFacing=true, result=90
08-05 16:55:34.800 21505 21505 D SurfaceViewImpl: Surface set on Preview.
08-05 16:55:34.800  1442  1442 W libc    : Access denied finding property "hwservicemanager.ready"
08-05 16:55:34.799  1442  1442 W binder:1442_2: type=1400 audit(0.0:2542781): avc:  denied  { read } for  name="u:object_r:hwservicemanager_prop:s0" dev="tmpfs" ino=225 scontext=u:r:lbs_dbg_ext:s0 tcontext=u:object_r:hwservicemanager_prop:s0 tclass=file permissive=0
08-05 16:55:34.799  1442  1442 W binder:1442_2: type=1400 audit(0.0:2542782): avc:  denied  { read } for  name="u:object_r:hwservicemanager_prop:s0" dev="tmpfs" ino=225 scontext=u:r:lbs_dbg_ext:s0 tcontext=u:object_r:hwservicemanager_prop:s0 tclass=file permissive=0
08-05 16:55:34.801  1442  1442 W libc    : Access denied finding property "hwservicemanager.ready"
08-05 16:55:34.803  1429  2189 I Camera2ClientBase: Camera 0: Opened. Client: com.sphereon.ssi.wallet (PID 21505, UID 10484)
08-05 16:55:34.803  1129  1202 I mtkpower@impl: [powerd_req] TIMER_MSG_PERF_LOCK_TIMEOUT hdl:523195
08-05 16:55:34.803  1429  2189 I CameraDeviceClient: CameraDeviceClient 0: Opened
08-05 16:55:34.803  1129  1202 I libPowerHal: [perfLockRel] hdl:523195, idx:4
08-05 16:55:34.803  1429  2189 I CameraService: makeClient: Camera2 API, override to portrait 0
08-05 16:55:34.803  1129  1202 I libPowerHal: [unsetGPUFreq] current min:0, max:0; scn_gpu_min:3, scn_gpu_max:-1; scn_gpu_min(HL):-1, scn_gpu_max(HL):-1
08-05 16:55:34.803  1129  1202 I libPowerHal: [setGPUFreq] Soft min/max = (0, 0); Hard min/max = (22, 0)
08-05 16:55:34.803  1129  1202 I libPowerHal: [setGPUFreq] final min/max = (0, 0)
08-05 16:55:34.803  1129  1202 I libPowerHal: MTKPOWER_HINT_INTERACTION_LOW: set gpu opp level: 0
08-05 16:55:34.804  1129  1202 I libPowerHal: MTKPOWER_HINT_INTERACTION_LOW: set gpu opp level max: 0
08-05 16:55:34.804  1771  4250 V MotCameraCheckinEventData: bundle object exists 1
08-05 16:55:34.804  1771  4250 V MotCameraCheckinEventData: bundle count: 7
08-05 16:55:34.804  1771  4250 V CameraService_proxy: CheckinEvent data:
08-05 16:55:34.804  1771  4250 V CameraService_proxy:     action: com.motorola.motocare.action.CAMERA_ENGINE_CHECKIN
08-05 16:55:34.804  1771  4250 V CameraService_proxy:     packageName: com.motorola.motocare
08-05 16:55:34.804  1771  4250 V CameraService_proxy:     receiverClass: MotoCareReceiver
08-05 16:55:34.804  1771  4250 V CameraService_proxy:     receiverPermission: com.motorola.motocare.ACCESS_MOTOCARE
08-05 16:55:34.804  1771  4250 V CameraService_proxy:     cameraFacing: 1
08-05 16:55:34.804  1771  4250 V CameraService_proxy:     buildRevision: 0
08-05 16:55:34.804  1771  4250 V CameraService_proxy:     cameraApiLevel: 2
08-05 16:55:34.804  1771  4250 V CameraService_proxy:     cameraId: 0
08-05 16:55:34.804  1771  4250 V CameraService_proxy:     eventType: CameraOpen
08-05 16:55:34.804  1771  4250 V CameraService_proxy:     cameraClientName: com.sphereon.ssi.wallet
08-05 16:55:34.805  1771  4250 V CameraService_proxy:     sessionId: -4648027437165404680
08-05 16:55:34.807  1771  1826 E ApplicationHelper: Fail to get PackageManager
08-05 16:55:34.808  1429  2189 I CameraService: onTorchStatusChangedLocked: Torch status changed for cameraId=0, newStatus=0
08-05 16:55:34.809  1771  1826 E ApplicationHelper: Fail to get PackageManager
08-05 16:55:34.810  1771  4214 W MotoBatteryCareService: uid: 10484 pkgName:com.sphereon.ssi.wallet come to foreground
08-05 16:55:34.810  1482 30461 I mtkcam-dev3-hidl: [0-hidl-callback::HidlCameraDeviceCallback] ctor
08-05 16:55:34.810  1482 30461 I mtkcam-dev3-hidl: [0-hidl-callback::HidlCameraDeviceCallback] FMQ result size : 16777216
08-05 16:55:34.810  1197  1197 D CompositionEngine: Layer: com.sphereon.ssi.wallet/com.sphereon.ssi.wallet.MainActivity#145205 had an out of bounds transparent region
08-05 16:55:34.810  1197  1197 D Region  :   Region transparentRegionHint (this=0xb40000747192f950, count=4)
08-05 16:55:34.810  1197  1197 D Region  :     [-266,   0, -10,  30]
08-05 16:55:34.810  1197  1197 D Region  :     [1090,   0, 1334,  30]
08-05 16:55:34.810  1197  1197 D Region  :     [-266,  30,   0, 1200]
08-05 16:55:34.810  1197  1197 D Region  :     [1080,  30, 1334, 1200]
08-05 16:55:34.810  1482 30461 I mtkcam_hal_android.device: [0-a-session::ACameraDeviceSession] ctor
08-05 16:55:34.810  1482 30461 I mtkcam_hal_android.device: [0-a-callback::ACameraDeviceCallback] ctor
08-05 16:55:34.810  1129  1153 I mtkpower@impl: [setMode] type:5, enabled:0
08-05 16:55:34.810  1482 30461 I ACbAdptor: [ACallbackAdaptor] bIsDejitterEnabled = 1
08-05 16:55:34.810  1482 30461 I CallbackCore: UserSetting:0xff, enable:MetaMerge|MetaPending|AOSPMetaRule
08-05 16:55:34.810  1771  4214 D PowerManagerService: nativeSetPowerMode ret:true mode:5 enabled:false duration ms: 1
08-05 16:55:34.810  1771  1826 E ApplicationHelper: Fail to get PackageManager
08-05 16:55:34.810  1482 30461 E mtkcam-debug: [attach] bad debuggee: "NSCam::v3::ICallbackCore" not defined (attach){#382:vendor/mediatek/proprietary/hardware/mtkcam-core/utils/debug/debug.cpp}
08-05 16:55:34.810  1482 30461 I mtkcam-hal-custom: [0-custom-session::CusCameraDeviceSession] ctor
08-05 16:55:34.810  1482 30461 I mtkcam-dev3: 0[MtkCameraDevice::open] tryrun open camera3 device (0) systraceLevel(1) instanceId(0) vid(0)
08-05 16:55:34.811  1482 30461 I mtkcam-dev3: [0-session::open] +
08-05 16:55:34.811  1482 30461 I mtkpower_client: perf_lock_acq, hdl:0, dur:0, num:16, tid:30461
08-05 16:55:34.811  1482 30461 I mtkpower_client: ret_hdl:523203
08-05 16:55:34.811  1482 30461 D CameraCPUControlBase: [needCameraEnterPerf] [DefaultCameraCPUControl]needCameraEnterPerf : false
08-05 16:55:34.811  1482 30461 I mtkpower_client: perf_lock_acq, hdl:0, dur:1000, num:2, tid:30461
08-05 16:55:34.811  1129  1202 I libPowerHal: cmdSetting - unknown cmd:1410000, scmd:(null) ,param_1:1
08-05 16:55:34.811  1129  1202 I libPowerHal: [perfLockAcq] idx:3 hdl:523203 hint:-1 pid:1482 duration:0 lock_user:camerahalserver => ret_hdl:523203
08-05 16:55:34.811  1771  4214 I PowerHalWrapper: amsBoostStop AMS_BOOST_PACK_SWITCH:true, AMS_BOOST_ACT_SWITCH:false, AMS_BOOST_PROCESS_CREATE:false 
08-05 16:55:34.811  1129  1202 I libPowerHal: [PE] camerahalserver update cmd:1404100, param:1
08-05 16:55:34.811  1129  1202 I libPowerHal: [PE] camerahalserver update cmd:1404300, param:1
08-05 16:55:34.812  1129  1202 I libPowerHal: [PE] camerahalserver update cmd:2008400, param:1
08-05 16:55:34.812  1129  1202 I libPowerHal: [PE] (more) /sys/kernel/cm_mgr/dbg_cm_mgr set +prefix:cm_mgr_camera_enable 1;
08-05 16:55:34.812  1129  1202 I libPowerHal: [PE] camerahalserver update cmd:2050000, param:0
08-05 16:55:34.812  1287  1287 I FPSGO   : fpsgo_boost_sched_idle_prefer:0
08-05 16:55:34.812  1287  1287 I mtkpower_client: perf_lock_rel, hdl:523188, tid:1287
08-05 16:55:34.812  1129  1202 I libPowerHal: [cyliu][vendor/mediatek/proprietary/hardware/power/lib/powerhal/rsc_util/utility_mem.cpp]setLmkDropcaches val(3)
08-05 16:55:34.813  1129  1202 I libPowerHal: [PE] camerahalserver update cmd:102c100 param:3
08-05 16:55:34.811  1442  1442 W binder:1442_2: type=1400 audit(0.0:2542783): avc:  denied  { read } for  name="u:object_r:hwservicemanager_prop:s0" dev="tmpfs" ino=225 scontext=u:r:lbs_dbg_ext:s0 tcontext=u:object_r:hwservicemanager_prop:s0 tclass=file permissive=0
08-05 16:55:34.813  1129  1152 I mtkpower@impl: [mtkPowerHint] hint:22, hold:500, ext:30, ext_hold:1500
08-05 16:55:34.813  1482 30461 I mtkpower_client: ret_hdl:523204
08-05 16:55:34.813  1482 30461 I mtkpower_client: perf_lock_acq, hdl:0, dur:0, num:2, tid:30461
08-05 16:55:34.813  1482 30461 I mtkpower_client: ret_hdl:523207
08-05 16:55:34.813  1482 30461 I mtkcam-devicemgr: [getVirtualDeviceLocked] device name: 0
08-05 16:55:34.813  1287  1287 I FPSGO   : perfLockRel hdl:523188
08-05 16:55:34.813  1482 30461 I mtkcam-devicemgr: [attachOpenDeviceLocked] device: 0 openTimestamp:08-05 16:55:34.813
08-05 16:55:34.813  1482 30461 I mtkcam-devicemgr: [getVirtualDeviceLocked] device name: 0
08-05 16:55:34.813  1482 30461 I mtkcam-devicemgr: [getVirtualDeviceLocked] device name: 0
08-05 16:55:34.813  1482 30461 I StrobeHal: getTorchStatus(): torch status(0).
08-05 16:55:34.813  1482 30461 I mtkcam-devicemgr: [getVirtualDeviceLocked] device name: 2
08-05 16:55:34.813  1482 30461 I mtkcam-devicemgr: [getVirtualDeviceLocked] device name: 2
08-05 16:55:34.813  1482 30461 I StrobeHal: getTorchStatus(): torch status(0).
08-05 16:55:34.813  1482 30461 I mtkcam-devicemgr: [getVirtualDeviceLocked] device name: 3
08-05 16:55:34.813  1482 30461 I mtkcam-devicemgr: [getVirtualDeviceLocked] device name: 3
08-05 16:55:34.813  1482 30461 I StrobeHal: getTorchStatus(): torch status(0).
08-05 16:55:34.813  1129  1202 I libPowerHal: [perfLockAcq] idx:4 hdl:523204 hint:-1 pid:1482 duration:1000 lock_user:camerahalserver => ret_hdl:523204
08-05 16:55:34.813  1442  1442 W libc    : Access denied finding property "hwservicemanager.ready"
08-05 16:55:34.813  1482 30461 I mtkcam-devicemgr: [getVirtualDeviceLocked] device name: 0
08-05 16:55:34.813  1482 22893 I mtkcam-PowerOnOffController: [PowerOnOffController::powerOn] powerOn +
08-05 16:55:34.813  1129  1202 I libPowerHal: [setClusterCores] camerahalserver: set core_ctrl: 6 -1 2 -1 
08-05 16:55:34.813  1429  2189 I CameraProviderManager: Camera device device@3.6/internal/0 torch status is now NOT_AVAILABLE
08-05 16:55:34.813  1429  2189 I CameraService: onTorchStatusChangedLocked: Torch status changed for cameraId=0, newStatus=0
08-05 16:55:34.813  1482 30461 I libmtkcam_hal_hidl_provider: [torchModeStatusChange] device@3.6/internal/0 TorchModeStatus:0
08-05 16:55:34.813  1429  2189 I CameraProviderManager: Camera device device@3.6/internal/2 torch status is now NOT_AVAILABLE
08-05 16:55:34.813  1429  2189 I CameraService: onTorchStatusChangedLocked: Torch status changed for cameraId=2, newStatus=0
08-05 16:55:34.814  1482 30461 I libmtkcam_hal_hidl_provider: [torchModeStatusChange] device@3.6/internal/2 TorchModeStatus:0
08-05 16:55:34.814  1429  2189 I CameraProviderManager: Camera device device@3.6/internal/3 torch status is now NOT_AVAILABLE
08-05 16:55:34.814  1429  2189 I CameraService: onTorchStatusChangedLocked: Torch status changed for cameraId=3, newStatus=0
08-05 16:55:34.814  1482 30461 I libmtkcam_hal_hidl_provider: [torchModeStatusChange] device@3.6/internal/3 TorchModeStatus:0
08-05 16:55:34.814  1482 30461 I mtkcam-dev3: [0-session::open] -
08-05 16:55:34.814  1482 30461 I mtkcam-dev3: 0[MtkCameraDevice::open] tryrun -
08-05 16:55:34.814  1482 30461 I mtkcam-hal-custom: [0-custom-session-callback::CusCameraDeviceCallback] ctor
08-05 16:55:34.814  1482 30461 I mtkcam-hal-custom: [0-custom-session::open] mCameraDeviceCallback(0xb400007b89d81300) callback(0xb400007b59d41610)
08-05 16:55:34.814  1482 30461 I mtkcam-dev3-hidl: [0-hidl-session::HidlCameraDeviceSession] ctor
08-05 16:55:34.814  1482 30461 I mtkcam-dev3-hidl: [0-hidl-session::initialize] FMQ request size : 2097152
08-05 16:55:34.814  1129  1202 I libPowerHal: [perfLockAcq] idx:6 hdl:523205 hint:22 pid:1129 duration:500 lock_user:mtkpower@1.0-se => ret_hdl:523205
08-05 16:55:34.815  1482 22896 D AppFUS  : [AppFUS] getInstance
08-05 16:55:34.815  1482 22896 D AppFUS  : [AppFUS] Constructor AppFUS
08-05 16:55:34.815  1482 22896 D AppFUS  : [AppFUS] AppFUS version: v1.7
08-05 16:55:34.816  1771  1826 E ApplicationHelper: Fail to get PackageManager
08-05 16:55:34.816  1771  1826 E ApplicationHelper: Fail to get PackageManager
08-05 16:55:34.817  1771  1826 E ApplicationHelper: Fail to get PackageManager
08-05 16:55:34.817  1771  1826 E ApplicationHelper: Fail to get PackageManager
08-05 16:55:34.817  1771  1826 E ApplicationHelper: Fail to get PackageManager
08-05 16:55:34.817  1771  1826 E ApplicationHelper: Fail to get PackageManager
08-05 16:55:34.817  1771  1826 E ApplicationHelper: Fail to get PackageManager
08-05 16:55:34.817  1771  1826 E ApplicationHelper: Fail to get PackageManager
08-05 16:55:34.817  1771  1826 E ApplicationHelper: Fail to get PackageManager
08-05 16:55:34.817  1771  1826 E ApplicationHelper: Fail to get PackageManager
08-05 16:55:34.817  1771  1826 E ApplicationHelper: Fail to get PackageManager
08-05 16:55:34.817  1771  1826 E ApplicationHelper: Fail to get PackageManager
08-05 16:55:34.817  1771  1826 E ApplicationHelper: Fail to get PackageManager
08-05 16:55:34.817  1771  1826 E ApplicationHelper: Fail to get PackageManager
08-05 16:55:34.817  1771  1826 E ApplicationHelper: Fail to get PackageManager
08-05 16:55:34.817  1771  1826 E ApplicationHelper: Fail to get PackageManager
08-05 16:55:34.817  1771  1826 E ApplicationHelper: Fail to get PackageManager
08-05 16:55:34.817  1771  1826 E ApplicationHelper: Fail to get PackageManager
08-05 16:55:34.817  1771  1826 E ApplicationHelper: Fail to get PackageManager
08-05 16:55:34.817  1771  1826 E ApplicationHelper: Fail to get PackageManager
08-05 16:55:34.817  1771  1826 E ApplicationHelper: Fail to get PackageManager
08-05 16:55:34.817  1771  1826 E ApplicationHelper: Fail to get PackageManager
08-05 16:55:34.817  1771  1826 E ApplicationHelper: Fail to get PackageManager
08-05 16:55:34.817  1771  1826 E ApplicationHelper: Fail to get PackageManager
08-05 16:55:34.818  1129  1202 I libPowerHal: [perfLockRel] hdl:523200, idx:5
08-05 16:55:34.818  1197  1197 D CompositionEngine: Layer: com.sphereon.ssi.wallet/com.sphereon.ssi.wallet.MainActivity#145205 had an out of bounds transparent region
08-05 16:55:34.818  1197  1197 D Region  :   Region transparentRegionHint (this=0xb40000747192f950, count=4)
08-05 16:55:34.818  1197  1197 D Region  :     [-266,   0, -10,  30]
08-05 16:55:34.818  1197  1197 D Region  :     [1090,   0, 1334,  30]
08-05 16:55:34.818  1197  1197 D Region  :     [-266,  30,   0, 1200]
08-05 16:55:34.818  1197  1197 D Region  :     [1080,  30, 1334, 1200]
08-05 16:55:34.819  1129  1202 I libPowerHal: [perfLockAcq] idx:7 hdl:523206 hint:30 pid:1129 duration:1500 lock_user:mtkpower@1.0-se => ret_hdl:523206
08-05 16:55:34.819  1129  1202 I libPowerHal: [PE] MTKPOWER_HINT_EXT_LAUNCH update cmd:2020000, param:31
08-05 16:55:34.819  1129  1202 I libPowerHal: [perfLockRel] hdl:523188, idx:0
08-05 16:55:34.819  1129  1202 I libPowerHal: [PD] fpsgo update cmd:1404500 param:0
08-05 16:55:34.819  1129  1202 I libPowerHal: [perfLockAcq] idx:8 hdl:523207 hint:-1 pid:1482 duration:0 lock_user:camerahalserver => ret_hdl:523207
08-05 16:55:34.820  1129  1202 I libPowerHal: [PE] camerahalserver update cmd:240c000, param:100
08-05 16:55:34.821  1771  4250 V CameraService_proxy: The activity is N or above and claims to support resizeable-activity. Crop-rotate-scale is disabled.
08-05 16:55:34.822  1429  2189 D cameraserver: FGS Logger Transaction failed
08-05 16:55:34.822  1429  2189 D cameraserver: -129
08-05 16:55:34.822  1771  4250 D AudioSystem: +setParameters(): cameraFacing=back 
08-05 16:55:34.822  1051 23095 D AudioALSAHardware: +setParameters(): cameraFacing=back
08-05 16:55:34.823  1051 23095 D AudioALSAHardware: -setParameters(): cameraFacing=back
08-05 16:55:34.823  1051 23095 W BTAudioHw: adev_set_parameterserror paremeter : : ParamsMap=[key: 'cameraFacing' value: 'back'
08-05 16:55:34.823  1051 23095 W BTAudioHw: ]
08-05 16:55:34.823 21505 22685 D Camera2CameraImpl: {Camera@2475e59[id=0]} Use case androidx.camera.core.Preview-a445ddeb-ef9b-40d6-890e-00ece3767038116867705 ACTIVE
08-05 16:55:34.825 21505 22685 D UseCaseAttachState: Active and attached use case: [androidx.camera.core.ImageCapture-0b9aaab8-2bb5-4195-bd5e-092ec81001d31989566, androidx.camera.core.Preview-a445ddeb-ef9b-40d6-890e-00ece3767038116867705, androidx.camera.core.ImageAnalysis-becca3d1-73ee-4eeb-bc82-3a5cb7a99b60265626655] for camera: 0
08-05 16:55:34.825  1482 22894 D HW_INTEG: [20210811] Configure sensor index = 0, fd 113
08-05 16:55:34.826  1197  1197 D CompositionEngine: Layer: com.sphereon.ssi.wallet/com.sphereon.ssi.wallet.MainActivity#145205 had an out of bounds transparent region
08-05 16:55:34.826  1197  1197 D Region  :   Region transparentRegionHint (this=0xb40000747192f950, count=4)
08-05 16:55:34.826  1197  1197 D Region  :     [-266,   0, -10,  30]
08-05 16:55:34.826  1197  1197 D Region  :     [1090,   0, 1334,  30]
08-05 16:55:34.826  1197  1197 D Region  :     [-266,  30,   0, 1200]
08-05 16:55:34.826  1197  1197 D Region  :     [1080,  30, 1334, 1200]
08-05 16:55:34.826  1482 22896 I camerahalserver: metadata file path:/data/vendor/misc/imager/metadata/metadata_ParameterDB.db
08-05 16:55:34.827  1482 22896 I camerahalserver: metadata file opened:1
08-05 16:55:34.827  1482 22896 I camerahalserver: metadata file created, sensorMetadataPath:/data/vendor/misc/imager/metadata/metadata_ParameterDB.db
08-05 16:55:34.830 21505 22685 D Camera2CameraImpl: {Camera@2475e59[id=0]} Use case androidx.camera.core.ImageCapture-0b9aaab8-2bb5-4195-bd5e-092ec81001d31989566 ACTIVE
08-05 16:55:34.831 21505 22685 D UseCaseAttachState: Active and attached use case: [androidx.camera.core.ImageCapture-0b9aaab8-2bb5-4195-bd5e-092ec81001d31989566, androidx.camera.core.Preview-a445ddeb-ef9b-40d6-890e-00ece3767038116867705, androidx.camera.core.ImageAnalysis-becca3d1-73ee-4eeb-bc82-3a5cb7a99b60265626655] for camera: 0
08-05 16:55:34.833 21505 22685 D Camera2CameraImpl: {Camera@2475e59[id=0]} Use case androidx.camera.core.ImageAnalysis-becca3d1-73ee-4eeb-bc82-3a5cb7a99b60265626655 ACTIVE
08-05 16:55:34.833 21505 22685 D UseCaseAttachState: Active and attached use case: [androidx.camera.core.ImageCapture-0b9aaab8-2bb5-4195-bd5e-092ec81001d31989566, androidx.camera.core.Preview-a445ddeb-ef9b-40d6-890e-00ece3767038116867705, androidx.camera.core.ImageAnalysis-becca3d1-73ee-4eeb-bc82-3a5cb7a99b60265626655] for camera: 0
08-05 16:55:34.834  1197  1197 D CompositionEngine: Layer: com.sphereon.ssi.wallet/com.sphereon.ssi.wallet.MainActivity#145205 had an out of bounds transparent region
08-05 16:55:34.834  1197  1197 D Region  :   Region transparentRegionHint (this=0xb40000747192f950, count=4)
08-05 16:55:34.834  1197  1197 D Region  :     [-266,   0, -10,  30]
08-05 16:55:34.834  1197  1197 D Region  :     [1090,   0, 1334,  30]
08-05 16:55:34.834  1197  1197 D Region  :     [-266,  30,   0, 1200]
08-05 16:55:34.834  1197  1197 D Region  :     [1080,  30, 1334, 1200]
08-05 16:55:34.835 21505 22685 D Camera2CameraImpl: {Camera@2475e59[id=0]} CameraDevice.onOpened()
08-05 16:55:34.835 21505 22685 D Camera2CameraImpl: {Camera@2475e59[id=0]} Transitioning camera internal state: OPENING --> OPENED
08-05 16:55:34.836 21505 22685 D CameraStateRegistry: Recalculating open cameras:
08-05 16:55:34.836 21505 22685 D CameraStateRegistry: Camera                                       State                 
08-05 16:55:34.836 21505 22685 D CameraStateRegistry: -------------------------------------------------------------------
08-05 16:55:34.836 21505 22685 D CameraStateRegistry: Camera@2475e59[id=0]                         OPEN                  
08-05 16:55:34.836 21505 22685 D CameraStateRegistry: Camera@91615b8[id=1]                         UNKNOWN               
08-05 16:55:34.836 21505 22685 D CameraStateRegistry: -------------------------------------------------------------------
08-05 16:55:34.836 21505 22685 D CameraStateRegistry: Open count: 1 (Max allowed: 1)
08-05 16:55:34.836 21505 22685 D CameraStateMachine: New public camera state CameraState{type=OPEN, error=null} from OPEN and null
08-05 16:55:34.836 21505 22685 D CameraStateMachine: Publishing new public camera state CameraState{type=OPEN, error=null}
08-05 16:55:34.837 21505 22685 D UseCaseAttachState: All use case: [androidx.camera.core.ImageCapture-0b9aaab8-2bb5-4195-bd5e-092ec81001d31989566, androidx.camera.core.Preview-a445ddeb-ef9b-40d6-890e-00ece3767038116867705, androidx.camera.core.ImageAnalysis-becca3d1-73ee-4eeb-bc82-3a5cb7a99b60265626655] for camera: 0
08-05 16:55:34.838 21505 22685 D UseCaseAttachState: Active and attached use case: [androidx.camera.core.ImageCapture-0b9aaab8-2bb5-4195-bd5e-092ec81001d31989566, androidx.camera.core.Preview-a445ddeb-ef9b-40d6-890e-00ece3767038116867705, androidx.camera.core.ImageAnalysis-becca3d1-73ee-4eeb-bc82-3a5cb7a99b60265626655] for camera: 0
08-05 16:55:34.839 21505 22685 D Camera2CameraImpl: {Camera@2475e59[id=0]} Issue capture request
08-05 16:55:34.840 21505 22685 D UseCaseAttachState: Active and attached use case: [androidx.camera.core.ImageCapture-0b9aaab8-2bb5-4195-bd5e-092ec81001d31989566, androidx.camera.core.Preview-a445ddeb-ef9b-40d6-890e-00ece3767038116867705, androidx.camera.core.ImageAnalysis-becca3d1-73ee-4eeb-bc82-3a5cb7a99b60265626655] for camera: 0
08-05 16:55:34.843 21505 22685 D SyncCaptureSessionBase: [androidx.camera.camera2.internal.SynchronizedCaptureSessionImpl@923810b] getSurface done with results: [Surface(name=null)/@0xfa111a0, Surface(name=null)/@0x9984ef, Surface(name=null)/@0x7b89bfc]
08-05 16:55:34.844  1197  1197 D CompositionEngine: Layer: com.sphereon.ssi.wallet/com.sphereon.ssi.wallet.MainActivity#145205 had an out of bounds transparent region
08-05 16:55:34.844 21505 22685 D Camera2CameraImpl: {Camera@2475e59[id=0]} Issue capture request
08-05 16:55:34.844  1197  1197 D Region  :   Region transparentRegionHint (this=0xb40000747192f950, count=4)
08-05 16:55:34.844  1197  1197 D Region  :     [-266,   0, -10,  30]
08-05 16:55:34.844  1197  1197 D Region  :     [1090,   0, 1334,  30]
08-05 16:55:34.844  1197  1197 D Region  :     [-266,  30,   0, 1200]
08-05 16:55:34.844  1197  1197 D Region  :     [1080,  30, 1334, 1200]
08-05 16:55:34.845 21505 22685 D UseCaseAttachState: Active and attached use case: [androidx.camera.core.ImageCapture-0b9aaab8-2bb5-4195-bd5e-092ec81001d31989566, androidx.camera.core.Preview-a445ddeb-ef9b-40d6-890e-00ece3767038116867705, androidx.camera.core.ImageAnalysis-becca3d1-73ee-4eeb-bc82-3a5cb7a99b60265626655] for camera: 0
08-05 16:55:34.846 21505 22685 D CaptureSession: Opening capture session.
08-05 16:55:34.848 21505 22685 D SyncCaptureSessionImpl: [androidx.camera.camera2.internal.SynchronizedCaptureSessionImpl@923810b] start openCaptureSession
08-05 16:55:34.848 21505 22685 D DeferrableSurface: use count+1, useCount=2 androidx.camera.core.SurfaceRequest$2@1d17817
08-05 16:55:34.848 21505 22685 D DeferrableSurface: New surface in use[total_surfaces=4, used_surfaces=2](androidx.camera.core.impl.ImmediateSurface@f70bbe9}
08-05 16:55:34.848 21505 22685 D DeferrableSurface: use count+1, useCount=1 androidx.camera.core.impl.ImmediateSurface@f70bbe9
08-05 16:55:34.848 21505 22685 D DeferrableSurface: New surface in use[total_surfaces=4, used_surfaces=3](androidx.camera.core.impl.ImmediateSurface@595530f}
08-05 16:55:34.848 21505 22685 D DeferrableSurface: use count+1, useCount=1 androidx.camera.core.impl.ImmediateSurface@595530f
08-05 16:55:34.849  1197  1197 I BufferQueueDebug: [7be7660 com.google.android.permissioncontroller/com.android.permissioncontroller.permission.ui.GrantPermissionsActivity#145253](this:0xb4000074a19d5088,id:-1,api:0,p:-1,c:1197) onDestructor()
08-05 16:55:34.849  1197  1197 I BufferQueueDebug: [com.google.android.permissioncontroller/com.android.permissioncontroller.permission.ui.GrantPermissionsActivity#145254](this:0xb4000074a1a05718,id:-1,api:0,p:-1,c:1197) onDestructor()
08-05 16:55:34.849  1197  1197 I BufferQueueDebug: [Surface(name=7be7660 com.google.android.permissioncontroller/com.android.permissioncontroller.permission.ui.GrantPermissionsActivity)/@0xcff293e - animation-leash of window_animation#145265](this:0xb4000074a1b4cec8,id:-1,api:0,p:-1,c:1197) onDestructor()
08-05 16:55:34.849  1429  2189 W cameraserver: createSurfaceFromGbp: Camera 0 with consumer usage flag: 2304: Forcing asynchronous mode forstream
08-05 16:55:34.850  1429  2189 W cameraserver: createSurfaceFromGbp: Camera 0: Overriding format 0x4 to IMPLEMENTATION_DEFINED
08-05 16:55:34.851  1442  1442 W HidlServiceManagement: Waited for hwservicemanager.ready for a second, waiting another...
08-05 16:55:34.851  1442  1442 W libc    : Access denied finding property "hwservicemanager.ready"
08-05 16:55:34.851  1442  1442 W libc    : Access denied finding property "hwservicemanager.ready"
08-05 16:55:34.853  1197  1197 D CompositionEngine: Layer: com.sphereon.ssi.wallet/com.sphereon.ssi.wallet.MainActivity#145205 had an out of bounds transparent region
08-05 16:55:34.854  1197  1197 D Region  :   Region transparentRegionHint (this=0xb40000747192f950, count=4)
08-05 16:55:34.854  1197  1197 D Region  :     [-266,   0, -10,  30]
08-05 16:55:34.854  1197  1197 D Region  :     [1090,   0, 1334,  30]
08-05 16:55:34.854  1197  1197 D Region  :     [-266,  30,   0, 1200]
08-05 16:55:34.854  1197  1197 D Region  :     [1080,  30, 1334, 1200]
08-05 16:55:34.857  1197  1197 I BufferQueueDebug: [Dim Layer for - Task=12029#145259](this:0xb4000074a19a1c68,id:-1,api:0,p:-1,c:1197) onDestructor()
08-05 16:55:34.858  1197  1197 I BufferQueueDebug: [Surface(name=Dim Layer for - Task=12029)/@0x635c1b7 - animation-leash of dimmer#145261](this:0xb4000074a19d22f8,id:-1,api:0,p:-1,c:1197) onDestructor()
08-05 16:55:34.861  1197  1197 D CompositionEngine: Layer: com.sphereon.ssi.wallet/com.sphereon.ssi.wallet.MainActivity#145205 had an out of bounds transparent region
08-05 16:55:34.861  1197  1197 D Region  :   Region transparentRegionHint (this=0xb40000747192f950, count=4)
08-05 16:55:34.861  1197  1197 D Region  :     [-266,   0, -10,  30]
08-05 16:55:34.861  1197  1197 D Region  :     [1090,   0, 1334,  30]
08-05 16:55:34.861  1197  1197 D Region  :     [-266,  30,   0, 1200]
08-05 16:55:34.861  1197  1197 D Region  :     [1080,  30, 1334, 1200]
08-05 16:55:34.862  1482 30461 I mtkcam-dev3-hidl: [0-hidl-session::configureStreams_3_6]  myStream 1600x1200 format:34
08-05 16:55:34.862  1482 30461 I mtkcam-dev3-hidl: [0-hidl-session::configureStreams_3_6]  myStream 4096x3072 format:33
08-05 16:55:34.862  1482 30461 I mtkcam-dev3-hidl: [0-hidl-session::configureStreams_3_6]  myStream 1600x1200 format:35
08-05 16:55:34.862  1482 30461 W mtkcam_hal_android.device: [0-a-session::checkStream] framework stream dataspace:0x08c20000 streamId:1 type:OUT (w,h) = (4096,3072) format:33 usage:0x3 dataSpace:8c20000 rotation:0 physicalCameraId:ffffffff bufferSize:1609992
08-05 16:55:34.862  1482 30461 W mtkcam_hal_android.device: [0-a-session::checkStream] framework stream dataspace:0x08c20000 streamId:2 type:OUT (w,h) = (1600,1200) format:35 usage:0x3 dataSpace:8c20000 rotation:0 physicalCameraId:ffffffff bufferSize:0
08-05 16:55:34.862  1482 30461 W mtkcam_hal_android.device: [0-a-session::extractE2EHDRInfo] query tag MTK_STREAMING_FEATURE_HDR10 failed, E2E HDR is not applied
08-05 16:55:34.862  1482 30461 I mtkcam_hal_android.device: [0-a-session::extractAFBC] AFBC:0 (plat:0/ndd:0/odt:0/needSW:0/force:0)
08-05 16:55:34.862  1482 30461 I mtkcam_hal_android.device: [0-a-session::parseStream] BLOB with widthInPixels(23107986), heightInPixels(1), bufferSize(23107986)
08-05 16:55:34.862  1482 30461 I ACbAdptor: [configure] CamDejitter is activated : 0xb400007bd9cf0768
08-05 16:55:34.862  1482 30461 E mtkcam-hal-custom: [0-custom-session::configureStreams] null entry MTK_LOGICAL_MULTI_CAMERA_PHYSICAL_IDS! (configureStreams){#300:vendor/mediatek/proprietary/hardware/mtkcam-android/main/hal/custom/device/3.x/CusCameraDeviceSession.cpp}
08-05 16:55:34.862  1482 30461 I mtkcam-hal-custom: [basic-session-0::BasicSession] ctor
08-05 16:55:34.863  1482 30461 I mtkcam-hal-custom: [basic-session-0::BasicSession] BasicSession_sensorId : 0 
08-05 16:55:34.913  1482 22893 I mtkcam-PowerOnOffController: [PowerOnOffController::powerOn] 3A notifyPowerOn
08-05 16:55:34.913  1482 22893 I PeripheralController: [notifyPowerOn] [idx(0)] LIFE_CYCLE +
08-05 16:55:34.913  1482 22893 I Hal3AFlowCtrl_v1.0: [notifyPowerOn] [idx(0)] LIFE_CYCLE +
08-05 16:55:34.913  1482 22903 I PeripheralController: [Init] [idx(0)] LIFE_CYCLE + idx(0), dev(1), sensor_id(5656643), module_id(0)
08-05 16:55:34.913  1482 22903 E PeripheralController: [Init] [idx(0)] LIFE_CYCLE [SOIS_L] oismode = 1 (Init){#271:vendor/mediatek/proprietary/hardware/mtkcam-core/aaa/peripheralcontroller/source/PeripheralController.cpp}
08-05 16:55:34.913  1482 22903 E PeripheralController: [Init] [idx(0)] LIFE_CYCLE [SOIS_L]  start to config SOIS driver, m_ois_mode = 3 (Init){#320:vendor/mediatek/proprietary/hardware/mtkcam-core/aaa/peripheralcontroller/source/PeripheralController.cpp}
08-05 16:55:34.913  1482 22893 I ThreadHelper: [Start] thrdEn:1 thrdLoopStatus:1 wantExit:0 prio:-7jobQueueSize:0/Empty:1
08-05 16:55:34.913  1482 22893 I mtkcam-PowerOnOffController: [PowerOnOffController::powerOn] powerOn -
08-05 16:55:34.914  1482 30461 I mtkcam-dev3: [0-session::configureStreams] async CaptureSession::close done
08-05 16:55:34.914  1482 22904 I Hal3AFlowCtrl_v1.0: [init] [idx(0)] LIFE_CYCLE +
08-05 16:55:34.914  1482 22904 I PeripheralController: [NotifyEvent] [idx(0)] LIFE_CYCLE wait notifyPowerOn...
08-05 16:55:34.914  1482 30461 I mtkcam-dev3: [0-session::operator()] isYuvSensor=0
08-05 16:55:34.914  1482 30461 I mtkcam-dev3: [0-session::operator()] isRawSensor=0
08-05 16:55:34.914  1482 30461 I mtkcam-dev3: [0-session::decideCaptureSession] 4Cell
08-05 16:55:34.914  1482 30461 I mtkcam-dev3: [0-session::configureStreams] Force clear cameraInfoMap because it remain previous data
08-05 16:55:34.914  1482 30461 I mtkpower_client: perf_lock_acq, hdl:0, dur:2500, num:12, tid:30461
08-05 16:55:34.914  1482 22903 E PeripheralController: [Init] [idx(0)] LIFE_CYCLE [SOIS_L]  finish to config SOIS driver (Init){#323:vendor/mediatek/proprietary/hardware/mtkcam-core/aaa/peripheralcontroller/source/PeripheralController.cpp}
08-05 16:55:34.914  1482 22903 E PeripheralController: [Init] [idx(0)] LIFE_CYCLE [SOIS_L]  start to enable SOIS driver (Init){#325:vendor/mediatek/proprietary/hardware/mtkcam-core/aaa/peripheralcontroller/source/PeripheralController.cpp}
08-05 16:55:34.914  1482 22903 E PeripheralController: [Init] [idx(0)] LIFE_CYCLE [SOIS_L]  finish to enable SOIS driver (Init){#328:vendor/mediatek/proprietary/hardware/mtkcam-core/aaa/peripheralcontroller/source/PeripheralController.cpp}
08-05 16:55:34.914  1482 22903 W LensDrv : [Init] Dev(0) , [m_user_count] 1 -
08-05 16:55:34.914  1482 22903 I StrobeHal: init().
08-05 16:55:34.914  1482 30461 I mtkpower_client: ret_hdl:523208
08-05 16:55:34.914  1482 22903 I StrobeDrvFlashlightFops: openkd(): mUsers(1).
08-05 16:55:34.914  1482 22903 D flash_custom_v4l2.cpp: cust_getDriverName(): type(1), ct(1), part(1).
08-05 16:55:34.914  1482 22903 E StrobeDrvV4l2Fops: getDriverName (1,1,2) failed! (openkd){#95:vendor/mediatek/proprietary/hardware/mtkcam-core/aaa/peripheraldriver/strobe/strobe_drv_v4l2_fops.cpp}
08-05 16:55:34.914  1482 22903 D flash_custom_v4l2.cpp: cust_getDriverName(): type(1), ct(1), part(2).
08-05 16:55:34.914  1482 30461 I MtkCbAdptor: [MtkCallbackAdaptor] user not set command to change mtk callback rule refinement, set to bypass mode, 0x10000000
08-05 16:55:34.914  1482 30461 I CallbackCore: bypass mode is ON, change setting : 0x10000000 -> 0x10000000
08-05 16:55:34.914  1482 30461 I CallbackCore: UserSetting:0x10000000, enable:BypassMode
08-05 16:55:34.914  1482 22903 I StrobeDrvV4l2Fops: [getSubDevName] readlink:/dev/v4l-subdev31
08-05 16:55:34.914  1482 30461 I mtkcam-dev3-utils: [0-AppRequestUtil::AppRequestUtil] enableMetaUpdater: 0, disable MetadataUpdater
08-05 16:55:34.915  1482 27126 I MtkCam/SensorProviderService: (27126)[doEnableSensor] Sensor enabled, interval=1 ms, type=(OIS)
08-05 16:55:34.915  1129  1202 I libPowerHal: [perfLockAcq] idx:0 hdl:523208 hint:-1 pid:1482 duration:2500 lock_user:camerahalserver => ret_hdl:523208
08-05 16:55:34.915  1482 30461 I mtkcam-FeatureSettingPolicy: [FeatureSettingPolicy] (0xb400007bf9d76600) ctor, openId(0), sensors_count(1)
08-05 16:55:34.915  1482 30461 I mtkcam-dev3: [0-CaptureSessionDefault::onConfigureStreamsLocked] streamId:0 type:OUT (w,h) = (1600,1200) format:17 usage:0x20933 dataSpace:0 transform:0 physicalCameraId:ffffffff bufferSize:0
08-05 16:55:34.915  1482 30461 I mtkcam-dev3: [0-CaptureSessionDefault::onConfigureStreamsLocked] streamId:1 type:OUT (w,h) = (4096,3072) format:33 usage:0x20033 dataSpace:8c20000 transform:0 physicalCameraId:ffffffff bufferSize:1609992
08-05 16:55:34.915  1482 30461 I mtkcam-dev3: [0-CaptureSessionDefault::onConfigureStreamsLocked] streamId:2 type:OUT (w,h) = (1600,1200) format:17 usage:0x20033 dataSpace:8c20000 transform:0 physicalCameraId:ffffffff bufferSize:0
08-05 16:55:34.915  1482 30461 I mtkcam-dev3-utils: [operator()] [addFrameDuration] format:34 size:1600x1200 min_duration:33333333, stall_duration:0
08-05 16:55:34.915  1482 30461 I mtkcam-dev3-utils: [operator()] [addFrameDuration] format:33 size:4096x3072 min_duration:33333333, stall_duration:33333333
08-05 16:55:34.915  1482 30461 I mtkcam-dev3-utils: [operator()] [addFrameDuration] format:34 size:1600x1200 min_duration:33333333, stall_duration:0
08-05 16:55:34.915  1482 30461 W mtkcam-devicesessionpolicy: [0:DeviceSettingPolicy::parseMultiCamInfo] FeatureMode not exist
08-05 16:55:34.915  1482 30461 I mtkcam-devicesessionpolicy: [0:DeviceSettingPolicy::parseMultiCamInfo] multucam device(s:1,path:0) forceFeatureMode(-1) p1(2) pack jpeg(0) physical(0) s(-1) c(-1)
08-05 16:55:34.915  1482 30461 I mtkcam-devicesessionpolicy: [0:SensorMode:SensorSettingPolicy::parseSensorParamsSetting] candidate [0] (4096x3072)@30  sensorMode:0(PREVIEW)
08-05 16:55:34.915  1482 22903 I StrobeDrvV4l2Fops: mTypeId:1 mCtId:1, mPartId:2, mStrobeHandle:135
08-05 16:55:34.915  1482 22903 I StrobeDrvV4l2Fops: openkd(): mUsers(1).
08-05 16:55:34.915  1482 22903 I StrobeDrvV4l2: maxDuty:36
08-05 16:55:34.915  1482 22903 I StrobeDrvV4l2: init(): mUsers(1).
08-05 16:55:34.915  1482 22903 I StrobeDrvV4l2: lowPowerDetectStart(): duty(3).
08-05 16:55:34.915  1482 30461 I mtkcam-devicesessionpolicy: [0:SensorMode:SensorSettingPolicy::parseSensorParamsSetting] candidate [1] (4096x2304)@30  sensorMode:2(VIDEO)
08-05 16:55:34.915  1482 22903 I CcuDrv  : [init] supress CCU detailed logs in user load.
08-05 16:55:34.915  1482 22903 I CcuDrv  : [init] property_get log level:3
08-05 16:55:34.915  1482 30461 I mtkcam-devicesessionpolicy: [0:SensorMode:SensorSettingPolicy::parseSensorParamsSetting] candidate [2] (4096x3072)@30  sensorMode:1(CAPTURE)
08-05 16:55:34.915  1482 22903 W CcuDrv  : [_openCcuKdrv] WARNING: CCU kernel 1st open fail, errno(2):No such file or directory.
08-05 16:55:34.915  1482 30461 I mtkcam-devicesessionpolicy: [0:SensorMode:SensorSettingPolicy::determineAlternativeMode] alt sensor mode: CAPTURE -> CAPTURE
08-05 16:55:34.915  1482 22903 W CcuDrv  : [_openCcuKdrv] WARNING: CCU kernel 2nd open fail, errno(2):No such file or directory.
08-05 16:55:34.915  1482 22903 I CcuDrv  : [_realUninit] CcuDrvImp uinitial done gracefully
08-05 16:55:34.915  1482 30461 I mtkcam-devicesessionpolicy: [0:SensorMode:SensorSettingPolicy::determineAlternativeMode] alt sensor mode: VIDEO -> PREVIEW
08-05 16:55:34.915  1482 22903 I PeripheralController: [Init] [idx(0)] LIFE_CYCLE - done
08-05 16:55:34.915  1482 22903 I PeripheralController: [Start] [idx(0)] LIFE_CYCLE +
08-05 16:55:34.915  1482 30461 I mtkcam-devicesessionpolicy: [0:SensorMode:SensorSettingPolicy::determineAlternativeMode] alt sensor mode: PREVIEW -> PREVIEW
08-05 16:55:34.915  1482 22903 I StrobeDrvV4l2: setCharger(): ready(1).
08-05 16:55:34.915  1482 30461 I mtkcam-devicesessionpolicy: select size(4096x3072)@30  sensorMode:1
08-05 16:55:34.915  1482 22903 I StrobeDrvFlashlightFops: ioctl failed: type/ct (1,1) Inappropriate ioctl for device
08-05 16:55:34.915  1482 22903 I StrobeDrvV4l2: setCharger(): time(779446643).
08-05 16:55:34.915  1482 30461 I mtkcam-devicesessionpolicy: [0:SensorMode:SensorSettingPolicy::~SensorSettingPolicy] dtor SensorSettingPolicy
08-05 16:55:34.915  1482 22903 I PeripheralController: [Start] [idx(0)] LIFE_CYCLE - done
08-05 16:55:34.915  1482 22903 I PeripheralController: [operator()] [idx(0)] LIFE_CYCLE notifyPowerOn -
08-05 16:55:34.915  1482 30461 W mtkcam-HDRPolicyHelper: [HDRPolicyHelper][FIXME] Disable ISOStrategy temporary
08-05 16:55:34.915  1482 30461 I MtkCam/ppl_plugin: [PipelinePlugin] MultiFrame: ctor(0xb400007ad9cd58e8), hash:145534914
